Product: MDK-ARM Professional 5.10
Component: ARM Compiler 5.04 update 1 (build 49)
Tool: armlink [5040049]

==============================================================================

Section Cross References

    system_stm32f10x.o(.text) refers to system_stm32f10x.o(.data) for SystemCoreClock
    startup_stm32f10x_md.o(STACK) refers (Special) to heapauxi.o(.text) for __use_two_region_memory
    startup_stm32f10x_md.o(HEAP) refers (Special) to heapauxi.o(.text) for __use_two_region_memory
    startup_stm32f10x_md.o(RESET) refers (Special) to heapauxi.o(.text) for __use_two_region_memory
    startup_stm32f10x_md.o(RESET) refers to startup_stm32f10x_md.o(STACK) for __initial_sp
    startup_stm32f10x_md.o(RESET) refers to startup_stm32f10x_md.o(.text) for Reset_Handler
    startup_stm32f10x_md.o(RESET) refers to stm32f10x_it.o(.text) for NMI_Handler
    startup_stm32f10x_md.o(.text) refers (Special) to heapauxi.o(.text) for __use_two_region_memory
    startup_stm32f10x_md.o(.text) refers to system_stm32f10x.o(.text) for SystemInit
    startup_stm32f10x_md.o(.text) refers to __main.o(!!!main) for __main
    startup_stm32f10x_md.o(.text) refers to startup_stm32f10x_md.o(HEAP) for Heap_Mem
    startup_stm32f10x_md.o(.text) refers to startup_stm32f10x_md.o(STACK) for Stack_Mem
    stm32f10x_gpio.o(.text) refers to stm32f10x_rcc.o(.text) for RCC_APB2PeriphResetCmd
    stm32f10x_rcc.o(.text) refers to stm32f10x_rcc.o(.data) for APBAHBPrescTable
    stm32f10x_tim.o(.text) refers to stm32f10x_rcc.o(.text) for RCC_APB2PeriphResetCmd
    stm32f10x_usart.o(.text) refers to stm32f10x_rcc.o(.text) for RCC_APB2PeriphResetCmd
    main.o(.text) refers to inv_mpu.o(.text) for mpu_run_self_test
    main.o(.text) refers to fflt_clz.o(x$fpl$fflt) for __aeabi_i2f
    main.o(.text) refers to fmul.o(x$fpl$fmul) for __aeabi_fmul
    main.o(.text) refers to ffix.o(x$fpl$ffix) for __aeabi_f2iz
    main.o(.text) refers to inv_mpu_dmp_motion_driver.o(.text) for dmp_set_gyro_bias
    main.o(.text) refers to usart.o(.text) for PrintChar
    main.o(.text) refers to stm32f10x_rcc.o(.text) for RCC_APB2PeriphClockCmd
    main.o(.text) refers to stm32f10x_gpio.o(.text) for GPIO_Init
    main.o(.text) refers to stm32f10x_usart.o(.text) for USART_SendData
    main.o(.text) refers to rt_memclr_w.o(.text) for __aeabi_memclr4
    main.o(.text) refers to system_stm32f10x.o(.text) for SystemInit
    main.o(.text) refers to stm32_iic.o(.text) for i2cInit
    main.o(.text) refers to fdiv.o(x$fpl$fdiv) for __aeabi_fdiv
    main.o(.text) refers to faddsub_clz.o(x$fpl$fadd) for __aeabi_fadd
    main.o(.text) refers to f2d.o(x$fpl$f2d) for __aeabi_f2d
    main.o(.text) refers to asin.o(i.asin) for asin
    main.o(.text) refers to dmul.o(x$fpl$dmul) for __aeabi_dmul
    main.o(.text) refers to daddsub_clz.o(x$fpl$dadd) for __aeabi_dadd
    main.o(.text) refers to d2f.o(x$fpl$d2f) for __aeabi_d2f
    main.o(.text) refers to faddsub_clz.o(x$fpl$fsub) for __aeabi_fsub
    main.o(.text) refers to atan2.o(i.atan2) for atan2
    main.o(.text) refers to main.o(.data) for gyro_orientation
    main.o(.text) refers to cos.o(i.cos) for cos
    main.o(.text) refers to sin.o(i.sin) for sin
    main.o(.text) refers to sqrt.o(i.sqrt) for sqrt
    main.o(.text) refers to main.o(.bss) for temp_mag
    main.o(.text) refers to main.o(.constdata) for .constdata
    usart.o(.text) refers to stm32f10x_rcc.o(.text) for RCC_APB2PeriphClockCmd
    usart.o(.text) refers to stm32f10x_gpio.o(.text) for GPIO_Init
    usart.o(.text) refers to stm32f10x_usart.o(.text) for USART_Init
    usart.o(.text) refers to misc.o(.text) for NVIC_PriorityGroupConfig
    stm32_iic.o(.text) refers to stm32f10x_rcc.o(.text) for RCC_APB2PeriphClockCmd
    stm32_iic.o(.text) refers to stm32f10x_gpio.o(.text) for GPIO_Init
    inv_mpu.o(.text) refers to stm32_iic.o(.text) for i2cwrite
    inv_mpu.o(.text) refers to delay.o(.text) for delay_ms
    inv_mpu.o(.text) refers to inv_mpu.o(.data) for st
    inv_mpu.o(.text) refers to usart.o(.text) for PrintChar
    inv_mpu.o(.text) refers to time.o(.text) for get_ms
    inv_mpu.o(.text) refers to fflt_clz.o(x$fpl$ffltu) for __aeabi_ui2f
    inv_mpu.o(.text) refers to fflt_clz.o(x$fpl$fflt) for __aeabi_i2f
    inv_mpu.o(.text) refers to faddsub_clz.o(x$fpl$fsub) for __aeabi_fsub
    inv_mpu.o(.text) refers to fdiv.o(x$fpl$fdiv) for __aeabi_fdiv
    inv_mpu.o(.text) refers to faddsub_clz.o(x$fpl$fadd) for __aeabi_fadd
    inv_mpu.o(.text) refers to fmul.o(x$fpl$fmul) for __aeabi_fmul
    inv_mpu.o(.text) refers to ffix.o(x$fpl$ffix) for __aeabi_f2iz
    inv_mpu.o(.text) refers to inv_mpu.o(.constdata) for test
    inv_mpu.o(.text) refers to llsdiv.o(.text) for __aeabi_ldivmod
    inv_mpu.o(.text) refers to memcmp.o(.text) for memcmp
    inv_mpu.o(.data) refers to inv_mpu.o(.constdata) for reg
    inv_mpu_dmp_motion_driver.o(.text) refers to inv_mpu.o(.text) for mpu_load_firmware
[...]
    ../clib/angel/kernel.s                   0x00000000   Number         0  rtexit.o ABSOLUTE
    ../clib/angel/kernel.s                   0x00000000   Number         0  rtentry2.o ABSOLUTE
    ../clib/angel/kernel.s                   0x00000000   Number         0  rtexit2.o ABSOLUTE
    ../clib/angel/kernel.s                   0x00000000   Number         0  rtentry4.o ABSOLUTE
    ../clib/angel/rt.s                       0x00000000   Number         0  rt_div0.o ABSOLUTE
    ../clib/angel/rt.s                       0x00000000   Number         0  rt_errno_addr_intlibspace.o ABSOLUTE
    ../clib/angel/rt.s                       0x00000000   Number         0  rt_errno_addr.o ABSOLUTE
    ../clib/angel/rt.s                       0x00000000   Number         0  aeabi_ldiv0_sigfpe.o ABSOLUTE
    ../clib/angel/rt.s                       0x00000000   Number         0  aeabi_ldiv0.o ABSOLUTE
    ../clib/angel/rt.s                       0x00000000   Number         0  rt_raise.o ABSOLUTE
    ../clib/angel/scatter.s                  0x00000000   Number         0  __scatter.o ABSOLUTE
    ../clib/angel/startup.s                  0x00000000   Number         0  __main.o ABSOLUTE
    ../clib/angel/sys.s                      0x00000000   Number         0  sys_stackheap_outer.o ABSOLUTE
    ../clib/angel/sys.s                      0x00000000   Number         0  use_no_semi.o ABSOLUTE
    ../clib/angel/sys.s                      0x00000000   Number         0  indicate_semi.o ABSOLUTE
    ../clib/angel/sys.s                      0x00000000   Number         0  libspace.o ABSOLUTE
    ../clib/angel/sysapp.c                   0x00000000   Number         0  sys_wrch.o ABSOLUTE
    ../clib/angel/sysapp.c                   0x00000000   Number         0  sys_command.o ABSOLUTE
    ../clib/angel/sysapp.c                   0x00000000   Number         0  sys_exit.o ABSOLUTE
    ../clib/armsys.c                         0x00000000   Number         0  argv_veneer.o ABSOLUTE
    ../clib/armsys.c                         0x00000000   Number         0  argv_veneer.o ABSOLUTE
    ../clib/armsys.c                         0x00000000   Number         0  no_argv.o ABSOLUTE
    ../clib/armsys.c                         0x00000000   Number         0  _get_argv_nomalloc.o ABSOLUTE
    ../clib/fenv.c                           0x00000000   Number         0  _rserrno.o ABSOLUTE
    ../clib/heapalloc.c                      0x00000000   Number         0  hrguard.o ABSOLUTE
    ../clib/heapaux.c                        0x00000000   Number         0  heapauxi.o ABSOLUTE
    ../clib/libinit.s                        0x00000000   Number         0  libshutdown.o ABSOLUTE
    ../clib/libinit.s                        0x00000000   Number         0  libshutdown2.o ABSOLUTE
    ../clib/libinit.s                        0x00000000   Number         0  libinit2.o ABSOLUTE
    ../clib/libinit.s                        0x00000000   Number         0  libinit.o ABSOLUTE
    ../clib/longlong.s                       0x00000000   Number         0  lludivv7m.o ABSOLUTE
    ../clib/longlong.s                       0x00000000   Number         0  llsdiv.o ABSOLUTE
    ../clib/memcpset.s                       0x00000000   Number         0  rt_memclr_w.o ABSOLUTE
    ../clib/memcpset.s                       0x00000000   Number         0  aeabi_memset.o ABSOLUTE
    ../clib/memcpset.s                       0x00000000   Number         0  rt_memclr.o ABSOLUTE
    ../clib/signal.c                         0x00000000   Number         0  defsig_abrt_inner.o ABSOLUTE
    ../clib/signal.c                         0x00000000   Number         0  defsig_rtmem_formal.o ABSOLUTE
    ../clib/signal.c                         0x00000000   Number         0  defsig_rtmem_outer.o ABSOLUTE
    ../clib/signal.c                         0x00000000   Number         0  defsig_general.o ABSOLUTE
    ../clib/signal.c                         0x00000000   Number         0  defsig_fpe_inner.o ABSOLUTE
    ../clib/signal.c                         0x00000000   Number         0  defsig_exit.o ABSOLUTE
    ../clib/signal.c                         0x00000000   Number         0  defsig_fpe_formal.o ABSOLUTE
    ../clib/signal.c                         0x00000000   Number         0  defsig_fpe_outer.o ABSOLUTE
    ../clib/signal.c                         0x00000000   Number         0  __raise.o ABSOLUTE
    ../clib/signal.c                         0x00000000   Number         0  defsig_other.o ABSOLUTE
    ../clib/signal.c                         0x00000000   Number         0  defsig_segv_inner.o ABSOLUTE
    ../clib/signal.c                         0x00000000   Number         0  defsig_cppl_inner.o ABSOLUTE
    ../clib/signal.c                         0x00000000   Number         0  defsig_pvfn_inner.o ABSOLUTE
    ../clib/signal.c                         0x00000000   Number         0  defsig_stak_inner.o ABSOLUTE
    ../clib/signal.c                         0x00000000   Number         0  defsig_rtmem_inner.o ABSOLUTE
    ../clib/signal.c                         0x00000000   Number         0  defsig_rtred_inner.o ABSOLUTE
    ../clib/signal.s                         0x00000000   Number         0  defsig.o ABSOLUTE
    ../clib/stdlib.c                         0x00000000   Number         0  exit.o ABSOLUTE
    ../clib/string.c                         0x00000000   Number         0  memcmp.o ABSOLUTE
    ../fplib/d2f.s                           0x00000000   Number         0  d2f.o ABSOLUTE
    ../fplib/daddsub.s                       0x00000000   Number         0  daddsub_clz.o ABSOLUTE
    ../fplib/dcheck1.s                       0x00000000   Number         0  dcheck1.o ABSOLUTE
    ../fplib/dcmpi.s                         0x00000000   Number         0  dcmpi.o ABSOLUTE
    ../fplib/ddiv.s                          0x00000000   Number         0  ddiv.o ABSOLUTE
    ../fplib/dfix.s                          0x00000000   Number         0  dfix.o ABSOLUTE
    ../fplib/dflt.s                          0x00000000   Number         0  dflt_clz.o ABSOLUTE
    ../fplib/dleqf.s                         0x00000000   Number         0  dleqf.o ABSOLUTE
    ../fplib/dmul.s                          0x00000000   Number         0  dmul.o ABSOLUTE
    ../fplib/dnaninf.s                       0x00000000   Number         0  dnaninf.o ABSOLUTE
    ../fplib/dretinf.s                       0x00000000   Number         0  dretinf.o ABSOLUTE
    ../fplib/dsqrt.s                         0x00000000   Number         0  dsqrt_noumaal.o ABSOLUTE
    ../fplib/f2d.s                           0x00000000   Number         0  f2d.o ABSOLUTE
    ../fplib/faddsub.s                       0x00000000   Number         0  faddsub_clz.o ABSOLUTE
    ../fplib/fdiv.s                          0x00000000   Number         0  fdiv.o ABSOLUTE
    ../fplib/ffix.s                          0x00000000   Number         0  ffix.o ABSOLUTE
    ../fplib/ffixu.s                         0x00000000   Number         0  ffixu.o ABSOLUTE
    ../fplib/fflt.s                          0x00000000   Number         0  fflt_clz.o ABSOLUTE
    ../fplib/fmul.s                          0x00000000   Number         0  fmul.o ABSOLUTE
    ../fplib/fnaninf.s                       0x00000000   Number         0  fnaninf.o ABSOLUTE
    ../fplib/fpinit.s                        0x00000000   Number         0  fpinit.o ABSOLUTE
    ../fplib/fretinf.s                       0x00000000   Number         0  fretinf.o ABSOLUTE
    ../fplib/retnan.s                        0x00000000   Number         0  retnan.o ABSOLUTE
    ../fplib/scalbn.s                        0x00000000   Number         0  scalbn.o ABSOLUTE
    ../fplib/trapv.s                         0x00000000   Number         0  trapv.o ABSOLUTE
    ../fplib/usenofp.s                       0x00000000   Number         0  usenofp.o ABSOLUTE
    ../mathlib/asin.c                        0x00000000   Number         0  asin.o ABSOLUTE
    ../mathlib/asin.c                        0x00000000   Number         0  asin_x.o ABSOLUTE
    ../mathlib/atan.c                        0x00000000   Number         0  atan_x.o ABSOLUTE
    ../mathlib/atan.c                        0x00000000   Number         0  atan.o ABSOLUTE
    ../mathlib/atan2.c                       0x00000000   Number         0  atan2_x.o ABSOLUTE
    ../mathlib/atan2.c                       0x00000000   Number         0  atan2.o ABSOLUTE
    ../mathlib/cos.c                         0x00000000   Number         0  cos_x.o ABSOLUTE
    ../mathlib/cos.c                         0x00000000   Number         0  cos.o ABSOLUTE
    ../mathlib/cos_i.c                       0x00000000   Number         0  cos_i.o ABSOLUTE
    ../mathlib/dunder.c                      0x00000000   Number         0  dunder.o ABSOLUTE
    ../mathlib/fpclassify.c                  0x00000000   Number         0  fpclassify.o ABSOLUTE
    ../mathlib/poly.c                        0x00000000   Number         0  poly.o ABSOLUTE
    ../mathlib/qnan.c                        0x00000000   Number         0  qnan.o ABSOLUTE
    ../mathlib/rred.c                        0x00000000   Number         0  rred.o ABSOLUTE
    ../mathlib/sin.c                         0x00000000   Number         0  sin_x.o ABSOLUTE
    ../mathlib/sin.c                         0x00000000   Number         0  sin.o ABSOLUTE
    ../mathlib/sin_i.c                       0x00000000   Number         0  sin_i.o ABSOLUTE
    ../mathlib/sin_i.c                       0x00000000   Number         0  sin_i_x.o ABSOLUTE
    ../mathlib/sqrt.c                        0x00000000   Number         0  sqrt.o ABSOLUTE
    ../mathlib/sqrt.c                        0x00000000   Number         0  sqrt_x.o ABSOLUTE
    ..\CMSIS\core_cm3.c                      0x00000000   Number         0  core_cm3.o ABSOLUTE
    ..\CMSIS\startup\startup_stm32f10x_md.s  0x00000000   Number         0  startup_stm32f10x_md.o ABSOLUTE
    ..\CMSIS\system_stm32f10x.c              0x00000000   Number         0  system_stm32f10x.o ABSOLUTE
    ..\Lib\src\misc.c                        0x00000000   Number         0  misc.o ABSOLUTE
    ..\Lib\src\stm32f10x_exti.c              0x00000000   Number         0  stm32f10x_exti.o ABSOLUTE
    ..\Lib\src\stm32f10x_flash.c             0x00000000   Number         0  stm32f10x_flash.o ABSOLUTE
    ..\Lib\src\stm32f10x_gpio.c              0x00000000   Number         0  stm32f10x_gpio.o ABSOLUTE
    ..\Lib\src\stm32f10x_rcc.c               0x00000000   Number         0  stm32f10x_rcc.o ABSOLUTE
    ..\Lib\src\stm32f10x_tim.c               0x00000000   Number         0  stm32f10x_tim.o ABSOLUTE
    ..\Lib\src\stm32f10x_usart.c             0x00000000   Number         0  stm32f10x_usart.o ABSOLUTE
    ..\User\Time.c                           0x00000000   Number         0  time.o ABSOLUTE
    ..\User\delay.c                          0x00000000   Number         0  delay.o ABSOLUTE
    ..\User\eMPL\inv_mpu.c                   0x00000000   Number         0  inv_mpu.o ABSOLUTE
    ..\User\eMPL\inv_mpu_dmp_motion_driver.c 0x00000000   Number         0  inv_mpu_dmp_motion_driver.o ABSOLUTE
    ..\User\main.c                           0x00000000   Number         0  main.o ABSOLUTE
    ..\User\stm32_iic.c                      0x00000000   Number         0  stm32_iic.o ABSOLUTE
    ..\User\stm32f10x_it.c                   0x00000000   Number         0  stm32f10x_it.o ABSOLUTE
    ..\User\usart.c                          0x00000000   Number         0  usart.o ABSOLUTE
    ..\\CMSIS\\core_cm3.c                    0x00000000   Number         0  core_cm3.o ABSOLUTE
    dc.s                                     0x00000000   Number         0  dc.o ABSOLUTE
    RESET                                    0x08000000   Section      236  startup_stm32f10x_md.o(RESET)
    !!!main                                  0x080000ec   Section        8  __main.o(!!!main)
    !!!scatter                               0x080000f4   Section       52  __scatter.o(!!!scatter)
    !!handler_copy                           0x08000128   Section       26  __scatter_copy.o(!!handler_copy)
    !!handler_zi                             0x08000144   Section       28  __scatter_zi.o(!!handler_zi)
    .ARM.Collect$$libinit$$00000000          0x08000160   Section        2  libinit.o(.ARM.Collect$$libinit$$00000000)
    .ARM.Collect$$libinit$$00000002          0x08000162   Section        0  libinit2.o(.ARM.Collect$$libinit$$00000002)
    .ARM.Collect$$libinit$$00000008          0x08000162   Section        0  libinit2.o(.ARM.Collect$$libinit$$00000008)
    .ARM.Collect$$libinit$$0000000A          0x08000162   Section        0  libinit2.o(.ARM.Collect$$libinit$$0000000A)
    .ARM.Collect$$libinit$$0000000C          0x08000162   Section        0  libinit2.o(.ARM.Collect$$libinit$$0000000C)
    .ARM.Collect$$libinit$$0000000F          0x08000162   Section        0  libinit2.o(.ARM.Collect$$libinit$$0000000F)
    .ARM.Collect$$libinit$$00000011          0x08000162   Section        0  libinit2.o(.ARM.Collect$$libinit$$00000011)
    .ARM.Collect$$libinit$$00000013          0x08000162   Section        0  libinit2.o(.ARM.Collect$$libinit$$00000013)
    .ARM.Collect$$libinit$$00000015          0x08000162   Section        0  libinit2.o(.ARM.Collect$$libinit$$00000015)
    .ARM.Collect$$libinit$$00000017          0x08000162   Section        0  libinit2.o(.ARM.Collect$$libinit$$00000017)
    .ARM.Collect$$libinit$$00000019          0x08000162   Section        0  libinit2.o(.ARM.Collect$$libinit$$00000019)
    .ARM.Collect$$libinit$$0000001B          0x08000162   Section        0  libinit2.o(.ARM.Collect$$libinit$$0000001B)
    .ARM.Collect$$libinit$$0000001D          0x08000162   Section        0  libinit2.o(.ARM.Collect$$libinit$$0000001D)
    .ARM.Collect$$libinit$$0000001F          0x08000162   Section        0  libinit2.o(.ARM.Collect$$libinit$$0000001F)
    .ARM.Collect$$libinit$$00000021          0x08000162   Section        0  libinit2.o(.ARM.Collect$$libinit$$00000021)
    .ARM.Collect$$libinit$$00000023          0x08000162   Section        0  libinit2.o(.ARM.Collect$$libinit$$00000023)
    .ARM.Collect$$libinit$$0000002A          0x08000162   Section        0  libinit2.o(.ARM.Collect$$libinit$$0000002A)
    .ARM.Collect$$libinit$$0000002C          0x08000162   Section        0  libinit2.o(.ARM.Collect$$libinit$$0000002C)
    .ARM.Collect$$libinit$$0000002E          0x08000162   Section        0  libinit2.o(.ARM.Collect$$libinit$$0000002E)
    .ARM.Collect$$libinit$$00000030          0x08000162   Section        0  libinit2.o(.ARM.Collect$$libinit$$00000030)
    .ARM.Collect$$libinit$$00000031          0x08000162   Section        2  libinit2.o(.ARM.Collect$$libinit$$00000031)
    .ARM.Collect$$libshutdown$$00000000      0x08000164   Section        2  libshutdown.o(.ARM.Collect$$libshutdown$$00000000)
    .ARM.Collect$$libshutdown$$00000003      0x08000166   Section        0  libshutdown2.o(.ARM.Collect$$libshutdown$$00000003)
    .ARM.Collect$$libshutdown$$00000006      0x08000166   Section        0  libshutdown2.o(.ARM.Collect$$libshutdown$$00000006)
    .ARM.Collect$$libshutdown$$00000009      0x08000166   Section        0  libshutdown2.o(.ARM.Collect$$libshutdown$$00000009)
    .ARM.Collect$$libshutdown$$0000000B      0x08000166   Section        0  libshutdown2.o(.ARM.Collect$$libshutdown$$0000000B)
    .ARM.Collect$$libshutdown$$0000000E      0x08000166   Section        0  libshutdown2.o(.ARM.Collect$$libshutdown$$0000000E)
    .ARM.Collect$$libshutdown$$0000000F      0x08000166   Section        2  libshutdown2.o(.ARM.Collect$$libshutdown$$0000000F)
    .ARM.Collect$$rtentry$$00000000          0x08000168   Section        0  rtentry.o(.ARM.Collect$$rtentry$$00000000)
    .ARM.Collect$$rtentry$$00000002          0x08000168   Section        0  rtentry2.o(.ARM.Collect$$rtentry$$00000002)
    .ARM.Collect$$rtentry$$00000004          0x08000168   Section        6  rtentry4.o(.ARM.Collect$$rtentry$$00000004)
    .ARM.Collect$$rtentry$$00000009          0x0800016e   Section        0  rtentry2.o(.ARM.Collect$$rtentry$$00000009)
    .ARM.Collect$$rtentry$$0000000A          0x0800016e   Section        4  rtentry2.o(.ARM.Collect$$rtentry$$0000000A)
    .ARM.Collect$$rtentry$$0000000C          0x08000172   Section        0  rtentry2.o(.ARM.Collect$$rtentry$$0000000C)
    .ARM.Collect$$rtentry$$0000000D          0x08000172   Section        8  rtentry2.o(.ARM.Collect$$rtentry$$0000000D)
    .ARM.Collect$$rtexit$$00000000           0x0800017a   Section        2  rtexit.o(.ARM.Collect$$rtexit$$00000000)
    .ARM.Collect$$rtexit$$00000002           0x0800017c   Section        0  rtexit2.o(.ARM.Collect$$rtexit$$00000002)
    .ARM.Collect$$rtexit$$00000003           0x0800017c   Section        4  rtexit2.o(.ARM.Collect$$rtexit$$00000003)
    .ARM.Collect$$rtexit$$00000004           0x08000180   Section        6  rtexit2.o(.ARM.Collect$$rtexit$$00000004)
    .text                                    0x08000188   Section        0  system_stm32f10x.o(.text)
    SetSysClockTo72                          0x08000189   Thumb Code   214  system_stm32f10x.o(.text)
    SetSysClock                              0x0800025f   Thumb Code     8  system_stm32f10x.o(.text)
    .text                                    0x08000368   Section       64  startup_stm32f10x_md.o(.text)
    .text                                    0x080003a8   Section        0  misc.o(.text)
    .text                                    0x08000484   Section        0  stm32f10x_gpio.o(.text)
    .text                                    0x080007e0   Section        0  stm32f10x_rcc.o(.text)
    .text                                    0x08000b84   Section        0  stm32f10x_usart.o(.text)
    .text                                    0x08000f8c   Section        0  main.o(.text)
    inv_row_2_scale                          0x08000f8d   Thumb Code    78  main.o(.text)
    inv_orientation_matrix_to_scalar         0x08000fdb   Thumb Code    40  main.o(.text)
    run_self_test                            0x08001003   Thumb Code   156  main.o(.text)
    .text                                    0x08001d74   Section        0  delay.o(.text)
    .text                                    0x08001db2   Section        0  stm32f10x_it.o(.text)
    .text                                    0x08001dcc   Section        0  usart.o(.text)
    .text                                    0x08001fa4   Section        0  time.o(.text)
    .text                                    0x08001ff0   Section        0  stm32_iic.o(.text)
    I2C_delay                                0x08001ff1   Thumb Code    22  stm32_iic.o(.text)
    I2C_Start                                0x0800202d   Thumb Code    86  stm32_iic.o(.text)
    I2C_Stop                                 0x08002083   Thumb Code    52  stm32_iic.o(.text)
    I2C_Ack                                  0x080020b7   Thumb Code    52  stm32_iic.o(.text)
    I2C_NoAck                                0x080020eb   Thumb Code    52  stm32_iic.o(.text)
    I2C_WaitAck                              0x0800211f   Thumb Code    74  stm32_iic.o(.text)
    I2C_SendByte                             0x08002169   Thumb Code    84  stm32_iic.o(.text)
    I2C_ReceiveByte                          0x080021bd   Thumb Code    82  stm32_iic.o(.text)
    .text                                    0x08002388   Section        0  inv_mpu.o(.text)
    set_int_enable                           0x08002389   Thumb Code   138  inv_mpu.o(.text)
    setup_compass                            0x0800280f   Thumb Code   570  inv_mpu.o(.text)
    get_st_biases                            0x0800389f   Thumb Code  1132  inv_mpu.o(.text)
    .text                                    0x0800433c   Section        0  inv_mpu_dmp_motion_driver.o(.text)
    decode_gesture                           0x08004df1   Thumb Code    94  inv_mpu_dmp_motion_driver.o(.text)
    .text                                    0x080050ac   Section       72  llsdiv.o(.text)
    .text                                    0x080050f4   Section        0  memcmp.o(.text)
    .text                                    0x0800514c   Section       16  aeabi_memset.o(.text)
    .text                                    0x0800515c   Section       78  rt_memclr_w.o(.text)
    .text                                    0x080051aa   Section        0  heapauxi.o(.text)
    .text                                    0x080051b0   Section      238  lludivv7m.o(.text)
    .text                                    0x0800529e   Section        0  _rserrno.o(.text)
    .text                                    0x080052b4   Section       68  rt_memclr.o(.text)
    .text                                    0x080052f8   Section        8  rt_errno_addr_intlibspace.o(.text)
    .text                                    0x08005300   Section        8  libspace.o(.text)
    .text                                    0x08005308   Section       74  sys_stackheap_outer.o(.text)
    .text                                    0x08005352   Section        0  exit.o(.text)
    .text                                    0x08005360   Section        0  sys_exit.o(.text)
    .text                                    0x0800536c   Section        2  use_no_semi.o(.text)
    .text                                    0x0800536e   Section        0  indicate_semi.o(.text)
    i.__ARM_fpclassify                       0x0800536e   Section        0  fpclassify.o(i.__ARM_fpclassify)
    i.__ieee754_rem_pio2                     0x08005398   Section        0  rred.o(i.__ieee754_rem_pio2)
    i.__kernel_cos                           0x08005720   Section        0  cos_i.o(i.__kernel_cos)
    i.__kernel_poly                          0x0800581c   Section        0  poly.o(i.__kernel_poly)
    i.__kernel_sin                           0x080058c8   Section        0  sin_i.o(i.__kernel_sin)
    i.__mathlib_dbl_underflow                0x080059b4   Section        0  dunder.o(i.__mathlib_dbl_underflow)
    i.asin                                   0x080059c4   Section        0  asin.o(i.asin)
    i.atan                                   0x08005c40   Section        0  atan.o(i.atan)
    i.atan2                                  0x08005e64   Section        0  atan2.o(i.atan2)
    i.cos                                    0x08005fe4   Section        0  cos.o(i.cos)
    i.sin                                    0x08006090   Section        0  sin.o(i.sin)
    i.sqrt                                   0x08006140   Section        0  sqrt.o(i.sqrt)
    x$fpl$d2f                                0x0800618c   Section       98  d2f.o(x$fpl$d2f)
    x$fpl$dadd                               0x080061f0   Section      336  daddsub_clz.o(x$fpl$dadd)
    _dadd1                                   0x08006201   Thumb Code     0  daddsub_clz.o(x$fpl$dadd)
    x$fpl$dcheck1                            0x08006340   Section       16  dcheck1.o(x$fpl$dcheck1)
    x$fpl$ddiv                               0x08006350   Section      688  ddiv.o(x$fpl$ddiv)
    ddiv_entry                               0x08006357   Thumb Code     0  ddiv.o(x$fpl$ddiv)
    x$fpl$dfix                               0x08006600   Section       94  dfix.o(x$fpl$dfix)
    x$fpl$dflt                               0x0800665e   Section       46  dflt_clz.o(x$fpl$dflt)
    x$fpl$dfltu                              0x0800668c   Section       38  dflt_clz.o(x$fpl$dfltu)
    x$fpl$dmul                               0x080066b4   Section      340  dmul.o(x$fpl$dmul)
    x$fpl$dnaninf                            0x08006808   Section      156  dnaninf.o(x$fpl$dnaninf)
    x$fpl$dretinf                            0x080068a4   Section       12  dretinf.o(x$fpl$dretinf)
    x$fpl$drsb                               0x080068b0   Section       22  daddsub_clz.o(x$fpl$drsb)
    x$fpl$dsqrt                              0x080068c8   Section      460  dsqrt_noumaal.o(x$fpl$dsqrt)
    x$fpl$dsub                               0x08006a94   Section      468  daddsub_clz.o(x$fpl$dsub)
    _dsub1                                   0x08006aa5   Thumb Code     0  daddsub_clz.o(x$fpl$dsub)
    x$fpl$f2d                                0x08006c68   Section       86  f2d.o(x$fpl$f2d)
    x$fpl$fadd                               0x08006cc0   Section      196  faddsub_clz.o(x$fpl$fadd)
    _fadd1                                   0x08006ccf   Thumb Code     0  faddsub_clz.o(x$fpl$fadd)
    x$fpl$fdiv                               0x08006d84   Section      388  fdiv.o(x$fpl$fdiv)
    _fdiv1                                   0x08006d85   Thumb Code     0  fdiv.o(x$fpl$fdiv)
    x$fpl$ffix                               0x08006f08   Section       54  ffix.o(x$fpl$ffix)
    x$fpl$ffixu                              0x08006f40   Section       62  ffixu.o(x$fpl$ffixu)
    x$fpl$fflt                               0x08006f80   Section       48  fflt_clz.o(x$fpl$fflt)
    x$fpl$ffltu                              0x08006fb0   Section       38  fflt_clz.o(x$fpl$ffltu)
    x$fpl$fmul                               0x08006fd8   Section      258  fmul.o(x$fpl$fmul)
    x$fpl$fnaninf                            0x080070da   Section      140  fnaninf.o(x$fpl$fnaninf)
    x$fpl$fretinf                            0x08007166   Section       10  fretinf.o(x$fpl$fretinf)
    x$fpl$fsub                               0x08007170   Section      234  faddsub_clz.o(x$fpl$fsub)
    _fsub1                                   0x0800717f   Thumb Code     0  faddsub_clz.o(x$fpl$fsub)
    x$fpl$retnan                             0x0800725a   Section      100  retnan.o(x$fpl$retnan)
    x$fpl$scalbn                             0x080072be   Section       92  scalbn.o(x$fpl$scalbn)
    x$fpl$trapveneer                         0x0800731a   Section       48  trapv.o(x$fpl$trapveneer)
    x$fpl$usenofp                            0x0800734a   Section        0  usenofp.o(x$fpl$usenofp)
    .constdata                               0x0800734c   Section       12  main.o(.constdata)
    .constdata                               0x08007358   Section       96  inv_mpu.o(.constdata)
    .constdata                               0x080073b8   Section     3062  inv_mpu_dmp_motion_driver.o(.constdata)
    dmp_memory                               0x080073b8   Data        3062  inv_mpu_dmp_motion_driver.o(.constdata)
    .constdata                               0x08007fb0   Section       80  asin.o(.constdata)
    pS                                       0x08007fb0   Data          48  asin.o(.constdata)
    qS                                       0x08007fe0   Data          32  asin.o(.constdata)
    .constdata                               0x08008000   Section      152  atan.o(.constdata)
    atanhi                                   0x08008000   Data          32  atan.o(.constdata)
    atanlo                                   0x08008020   Data          32  atan.o(.constdata)
    aTodd                                    0x08008040   Data          40  atan.o(.constdata)
    aTeven                                   0x08008068   Data          48  atan.o(.constdata)
    .constdata                               0x08008098   Section       48  cos_i.o(.constdata)
    C                                        0x08008098   Data          48  cos_i.o(.constdata)
    .constdata                               0x080080c8   Section        8  qnan.o(.constdata)
    .constdata                               0x080080d0   Section      200  rred.o(.constdata)
    pio2s                                    0x080080d0   Data          48  rred.o(.constdata)
    twooverpi                                0x08008100   Data         152  rred.o(.constdata)
    .constdata                               0x08008198   Section       40  sin_i.o(.constdata)
    S                                        0x08008198   Data          40  sin_i.o(.constdata)
    .data                                    0x20000000   Section       20  system_stm32f10x.o(.data)
    .data                                    0x20000014   Section       20  stm32f10x_rcc.o(.data)
    APBAHBPrescTable                         0x20000014   Data          16  stm32f10x_rcc.o(.data)
    ADCPrescTable                            0x20000024   Data           4  stm32f10x_rcc.o(.data)
    .data                                    0x20000028   Section       72  main.o(.data)
    gyro_orientation                         0x20000061   Data           9  main.o(.data)
    .data                                    0x20000070   Section       56  inv_mpu.o(.data)
    st                                       0x20000070   Data          56  inv_mpu.o(.data)
    .bss                                     0x200000a8   Section       52  main.o(.bss)
    hal                                      0x200000a8   Data          14  main.o(.bss)
    .bss                                     0x200000dc   Section       16  inv_mpu_dmp_motion_driver.o(.bss)
    dmp                                      0x200000dc   Data          16  inv_mpu_dmp_motion_driver.o(.bss)
    .bss                                     0x200000ec   Section       96  libspace.o(.bss)
    HEAP                                     0x20000150   Section      512  startup_stm32f10x_md.o(HEAP)
    Heap_Mem                                 0x20000150   Data         512  startup_stm32f10x_md.o(HEAP)
    STACK                                    0x20000350   Section     1024  startup_stm32f10x_md.o(STACK)
    Stack_Mem                                0x20000350   Data        1024  startup_stm32f10x_md.o(STACK)
    __initial_sp                             0x20000750   Data           0  startup_stm32f10x_md.o(STACK)

    Global Symbols

    Symbol Name                              Value     Ov Type        Size  Object(Section)

    BuildAttributes$$THM_ISAv4$P$D$K$B$S$PE$A:L22UL41UL21$X:L11$S22US41US21$IEEE1$IW$USESV6$~STKCKD$USESV7$~SHL$OTIME$ROPI$IEEEX$EBA8$UX$STANDARDLIB$REQ8$PRES8$EABIv2 0x00000000   Number         0  anon$$obj.o ABSOLUTE
    __ARM_use_no_argv                        0x00000000   Number         0  main.o ABSOLUTE
    __ARM_exceptions_init                     - Undefined Weak Reference
    __alloca_initialize                       - Undefined Weak Reference
    __cpp_initialize__aeabi_                  - Undefined Weak Reference
    __cxa_finalize                            - Undefined Weak Reference
    __rt_locale                               - Undefined Weak Reference
    __sigvec_lookup                           - Undefined Weak Reference
    _atexit_init                              - Undefined Weak Reference
    _call_atexit_fns                          - Undefined Weak Reference
    _clock_init                               - Undefined Weak Reference
    _fp_trap_init                             - Undefined Weak Reference
    _fp_trap_shutdown                         - Undefined Weak Reference
    _get_lc_collate                           - Undefined Weak Reference
    _get_lc_ctype                             - Undefined Weak Reference
    _get_lc_monetary                          - Undefined Weak Reference
    _get_lc_numeric                           - Undefined Weak Reference
    _get_lc_time                              - Undefined Weak Reference
    _getenv_init                              - Undefined Weak Reference
    _handle_redirection                       - Undefined Weak Reference
    _init_alloc                               - Undefined Weak Reference
    _init_user_alloc                          - Undefined Weak Reference
    _initio                                   - Undefined Weak Reference
    _rand_init                                - Undefined Weak Reference
    _signal_finish                            - Undefined Weak Reference
    _signal_init                              - Undefined Weak Reference
    _terminate_alloc                          - Undefined Weak Reference
    _terminate_user_alloc                     - Undefined Weak Reference
    _terminateio                              - Undefined Weak Reference
    __Vectors_Size                           0x000000ec   Number         0  startup_stm32f10x_md.o ABSOLUTE
    __Vectors                                0x08000000   Data           4  startup_stm32f10x_md.o(RESET)
    __Vectors_End                            0x080000ec   Data           0  startup_stm32f10x_md.o(RESET)
    __main                                   0x080000ed   Thumb Code     8  __main.o(!!!main)
    __scatterload                            0x080000f5   Thumb Code     0  __scatter.o(!!!scatter)
    __scatterload_rt2                        0x080000f5   Thumb Code    44  __scatter.o(!!!scatter)
    __scatterload_rt2_thumb_only             0x080000f5   Thumb Code     0  __scatter.o(!!!scatter)
    __scatterload_null                       0x08000103   Thumb Code     0  __scatter.o(!!!scatter)
    __scatterload_copy                       0x08000129   Thumb Code    26  __scatter_copy.o(!!handler_copy)
    __scatterload_zeroinit                   0x08000145   Thumb Code    28  __scatter_zi.o(!!handler_zi)
    __rt_lib_init                            0x08000161   Thumb Code     0  libinit.o(.ARM.Collect$$libinit$$00000000)
    __rt_lib_init_alloca_1                   0x08000163   Thumb Code     0  libinit2.o(.ARM.Collect$$libinit$$0000002C)
    __rt_lib_init_argv_1                     0x08000163   Thumb Code     0  libinit2.o(.ARM.Collect$$libinit$$0000002A)
    __rt_lib_init_atexit_1                   0x08000163   Thumb Code     0  libinit2.o(.ARM.Collect$$libinit$$00000019)
    __rt_lib_init_clock_1                    0x08000163   Thumb Code     0  libinit2.o(.ARM.Collect$$libinit$$0000001F)
    __rt_lib_init_cpp_1                      0x08000163   Thumb Code     0  libinit2.o(.ARM.Collect$$libinit$$00000030)
    __rt_lib_init_exceptions_1               0x08000163   Thumb Code     0  libinit2.o(.ARM.Collect$$libinit$$0000002E)
    __rt_lib_init_fp_1                       0x08000163   Thumb Code     0  libinit2.o(.ARM.Collect$$libinit$$00000002)
    __rt_lib_init_fp_trap_1                  0x08000163   Thumb Code     0  libinit2.o(.ARM.Collect$$libinit$$0000001D)
    __rt_lib_init_getenv_1                   0x08000163   Thumb Code     0  libinit2.o(.ARM.Collect$$libinit$$00000021)
    __rt_lib_init_heap_1                     0x08000163   Thumb Code     0  libinit2.o(.ARM.Collect$$libinit$$00000008)
    __rt_lib_init_lc_collate_1               0x08000163   Thumb Code     0  libinit2.o(.ARM.Collect$$libinit$$0000000F)
    __rt_lib_init_lc_ctype_1                 0x08000163   Thumb Code     0  libinit2.o(.ARM.Collect$$libinit$$00000011)
    __rt_lib_init_lc_monetary_1              0x08000163   Thumb Code     0  libinit2.o(.ARM.Collect$$libinit$$00000013)
    __rt_lib_init_lc_numeric_1               0x08000163   Thumb Code     0  libinit2.o(.ARM.Collect$$libinit$$00000015)
    __rt_lib_init_lc_time_1                  0x08000163   Thumb Code     0  libinit2.o(.ARM.Collect$$libinit$$00000017)
    __rt_lib_init_rand_1                     0x08000163   Thumb Code     0  libinit2.o(.ARM.Collect$$libinit$$0000000C)
    __rt_lib_init_return                     0x08000163   Thumb Code     0  libinit2.o(.ARM.Collect$$libinit$$00000031)
    __rt_lib_init_signal_1                   0x08000163   Thumb Code     0  libinit2.o(.ARM.Collect$$libinit$$0000001B)
    __rt_lib_init_stdio_1                    0x08000163   Thumb Code     0  libinit2.o(.ARM.Collect$$libinit$$00000023)
    __rt_lib_init_user_alloc_1               0x08000163   Thumb Code     0  libinit2.o(.ARM.Collect$$libinit$$0000000A)
    __rt_lib_shutdown                        0x08000165   Thumb Code     0  libshutdown.o(.ARM.Collect$$libshutdown$$00000000)
    __rt_lib_shutdown_fp_trap_1              0x08000167   Thumb Code     0  libshutdown2.o(.ARM.Collect$$libshutdown$$00000006)
    __rt_lib_shutdown_heap_1                 0x08000167   Thumb Code     0  libshutdown2.o(.ARM.Collect$$libshutdown$$0000000E)
    __rt_lib_shutdown_return                 0x08000167   Thumb Code     0  libshutdown2.o(.ARM.Collect$$libshutdown$$0000000F)
    __rt_lib_shutdown_signal_1               0x08000167   Thumb Code     0  libshutdown2.o(.ARM.Collect$$libshutdown$$00000009)
    __rt_lib_shutdown_stdio_1                0x08000167   Thumb Code     0  libshutdown2.o(.ARM.Collect$$libshutdown$$00000003)
    __rt_lib_shutdown_user_alloc_1           0x08000167   Thumb Code     0  libshutdown2.o(.ARM.Collect$$libshutdown$$0000000B)
    __rt_entry                               0x08000169   Thumb Code     0  rtentry.o(.ARM.Collect$$rtentry$$00000000)
    __rt_entry_presh_1                       0x08000169   Thumb Code     0  rtentry2.o(.ARM.Collect$$rtentry$$00000002)
    __rt_entry_sh                            0x08000169   Thumb Code     0  rtentry4.o(.ARM.Collect$$rtentry$$00000004)
    __rt_entry_li                            0x0800016f   Thumb Code     0  rtentry2.o(.ARM.Collect$$rtentry$$0000000A)
    __rt_entry_postsh_1                      0x0800016f   Thumb Code     0  rtentry2.o(.ARM.Collect$$rtentry$$00000009)
    __rt_entry_main                          0x08000173   Thumb Code     0  rtentry2.o(.ARM.Collect$$rtentry$$0000000D)
    __rt_entry_postli_1                      0x08000173   Thumb Code     0  rtentry2.o(.ARM.Collect$$rtentry$$0000000C)
    __rt_exit                                0x0800017b   Thumb Code     0  rtexit.o(.ARM.Collect$$rtexit$$00000000)
    __rt_exit_ls                             0x0800017d   Thumb Code     0  rtexit2.o(.ARM.Collect$$rtexit$$00000003)
    __rt_exit_prels_1                        0x0800017d   Thumb Code     0  rtexit2.o(.ARM.Collect$$rtexit$$00000002)
    __rt_exit_exit                           0x08000181   Thumb Code     0  rtexit2.o(.ARM.Collect$$rtexit$$00000004)
    SystemInit                               0x08000267   Thumb Code    78  system_stm32f10x.o(.text)
    SystemCoreClockUpdate                    0x080002b5   Thumb Code   142  system_stm32f10x.o(.text)
    Reset_Handler                            0x08000369   Thumb Code     8  startup_stm32f10x_md.o(.text)
    ADC1_2_IRQHandler                        0x08000383   Thumb Code     0  startup_stm32f10x_md.o(.text)
    CAN1_RX1_IRQHandler                      0x08000383   Thumb Code     0  startup_stm32f10x_md.o(.text)
    CAN1_SCE_IRQHandler                      0x08000383   Thumb Code     0  startup_stm32f10x_md.o(.text)
    DMA1_Channel1_IRQHandler                 0x08000383   Thumb Code     0  startup_stm32f10x_md.o(.text)
    DMA1_Channel2_IRQHandler                 0x08000383   Thumb Code     0  startup_stm32f10x_md.o(.text)
    DMA1_Channel3_IRQHandler                 0x08000383   Thumb Code     0  startup_stm32f10x_md.o(.text)
    DMA1_Channel4_IRQHandler                 0x08000383   Thumb Code     0  startup_stm32f10x_md.o(.text)
    DMA1_Channel5_IRQHandler                 0x08000383   Thumb Code     0  startup_stm32f10x_md.o(.text)
    DMA1_Channel6_IRQHandler                 0x08000383   Thumb Code     0  startup_stm32f10x_md.o(.text)
    DMA1_Channel7_IRQHandler                 0x08000383   Thumb Code     0  startup_stm32f10x_md.o(.text)
    EXTI0_IRQHandler                         0x08000383   Thumb Code     0  startup_stm32f10x_md.o(.text)
    EXTI15_10_IRQHandler                     0x08000383   Thumb Code     0  startup_stm32f10x_md.o(.text)
    EXTI1_IRQHandler                         0x08000383   Thumb Code     0  startup_stm32f10x_md.o(.text)
    EXTI2_IRQHandler                         0x08000383   Thumb Code     0  startup_stm32f10x_md.o(.text)
    EXTI3_IRQHandler                         0x08000383   Thumb Code     0  startup_stm32f10x_md.o(.text)
    EXTI4_IRQHandler                         0x08000383   Thumb Code     0  startup_stm32f10x_md.o(.text)
    EXTI9_5_IRQHandler                       0x08000383   Thumb Code     0  startup_stm32f10x_md.o(.text)
    FLASH_IRQHandler                         0x08000383   Thumb Code     0  startup_stm32f10x_md.o(.text)
    I2C1_ER_IRQHandler                       0x08000383   Thumb Code     0  startup_stm32f10x_md.o(.text)
    I2C1_EV_IRQHandler                       0x08000383   Thumb Code     0  startup_stm32f10x_md.o(.text)
    I2C2_ER_IRQHandler                       0x08000383   Thumb Code     0  startup_stm32f10x_md.o(.text)
    I2C2_EV_IRQHandler                       0x08000383   Thumb Code     0  startup_stm32f10x_md.o(.text)
    PVD_IRQHandler                           0x08000383   Thumb Code     0  startup_stm32f10x_md.o(.text)
    RCC_IRQHandler                           0x08000383   Thumb Code     0  startup_stm32f10x_md.o(.text)
    RTCAlarm_IRQHandler                      0x08000383   Thumb Code     0  startup_stm32f10x_md.o(.text)
    RTC_IRQHandler                           0x08000383   Thumb Code     0  startup_stm32f10x_md.o(.text)
    SPI1_IRQHandler                          0x08000383   Thumb Code     0  startup_stm32f10x_md.o(.text)
    SPI2_IRQHandler                          0x08000383   Thumb Code     0  startup_stm32f10x_md.o(.text)
    TAMPER_IRQHandler                        0x08000383   Thumb Code     0  startup_stm32f10x_md.o(.text)
    TIM1_BRK_IRQHandler                      0x08000383   Thumb Code     0  startup_stm32f10x_md.o(.text)
    TIM1_CC_IRQHandler                       0x08000383   Thumb Code     0  startup_stm32f10x_md.o(.text)
    TIM1_TRG_COM_IRQHandler                  0x08000383   Thumb Code     0  startup_stm32f10x_md.o(.text)
    TIM1_UP_IRQHandler                       0x08000383   Thumb Code     0  startup_stm32f10x_md.o(.text)
    TIM2_IRQHandler                          0x08000383   Thumb Code     0  startup_stm32f10x_md.o(.text)
    TIM3_IRQHandler                          0x08000383   Thumb Code     0  startup_stm32f10x_md.o(.text)
    TIM4_IRQHandler                          0x08000383   Thumb Code     0  startup_stm32f10x_md.o(.text)
    USART1_IRQHandler                        0x08000383   Thumb Code     0  startup_stm32f10x_md.o(.text)
    USART2_IRQHandler                        0x08000383   Thumb Code     0  startup_stm32f10x_md.o(.text)
    USART3_IRQHandler                        0x08000383   Thumb Code     0  startup_stm32f10x_md.o(.text)
    USBWakeUp_IRQHandler                     0x08000383   Thumb Code     0  startup_stm32f10x_md.o(.text)
    USB_HP_CAN1_TX_IRQHandler                0x08000383   Thumb Code     0  startup_stm32f10x_md.o(.text)
    USB_LP_CAN1_RX0_IRQHandler               0x08000383   Thumb Code     0  startup_stm32f10x_md.o(.text)
    WWDG_IRQHandler                          0x08000383   Thumb Code     0  startup_stm32f10x_md.o(.text)
    __user_initial_stackheap                 0x08000385   Thumb Code     0  startup_stm32f10x_md.o(.text)
    NVIC_PriorityGroupConfig                 0x080003a9   Thumb Code    10  misc.o(.text)
    NVIC_Init                                0x080003b3   Thumb Code   100  misc.o(.text)
    NVIC_SetVectorTable                      0x08000417   Thumb Code    14  misc.o(.text)
    NVIC_SystemLPConfig                      0x08000425   Thumb Code    34  misc.o(.text)
    SysTick_CLKSourceConfig                  0x08000447   Thumb Code    40  misc.o(.text)
    GPIO_DeInit                              0x08000485   Thumb Code   172  stm32f10x_gpio.o(.text)
    GPIO_AFIODeInit                          0x08000531   Thumb Code    20  stm32f10x_gpio.o(.text)
    GPIO_Init                                0x08000545   Thumb Code   278  stm32f10x_gpio.o(.text)
    GPIO_StructInit                          0x0800065b   Thumb Code    16  stm32f10x_gpio.o(.text)
    GPIO_ReadInputDataBit                    0x0800066b   Thumb Code    18  stm32f10x_gpio.o(.text)
    GPIO_ReadInputData                       0x0800067d   Thumb Code     8  stm32f10x_gpio.o(.text)
    GPIO_ReadOutputDataBit                   0x08000685   Thumb Code    18  stm32f10x_gpio.o(.text)
    GPIO_ReadOutputData                      0x08000697   Thumb Code     8  stm32f10x_gpio.o(.text)
    GPIO_SetBits                             0x0800069f   Thumb Code     4  stm32f10x_gpio.o(.text)
    GPIO_ResetBits                           0x080006a3   Thumb Code     4  stm32f10x_gpio.o(.text)
    GPIO_WriteBit                            0x080006a7   Thumb Code    10  stm32f10x_gpio.o(.text)
    GPIO_Write                               0x080006b1   Thumb Code     4  stm32f10x_gpio.o(.text)
    GPIO_PinLockConfig                       0x080006b5   Thumb Code    18  stm32f10x_gpio.o(.text)
    GPIO_EventOutputConfig                   0x080006c7   Thumb Code    26  stm32f10x_gpio.o(.text)
    GPIO_EventOutputCmd                      0x080006e1   Thumb Code     6  stm32f10x_gpio.o(.text)
    GPIO_PinRemapConfig                      0x080006e7   Thumb Code   138  stm32f10x_gpio.o(.text)
    GPIO_EXTILineConfig                      0x08000771   Thumb Code    66  stm32f10x_gpio.o(.text)
    GPIO_ETH_MediaInterfaceConfig            0x080007b3   Thumb Code     8  stm32f10x_gpio.o(.text)
    RCC_DeInit                               0x080007e1   Thumb Code    64  stm32f10x_rcc.o(.text)
    RCC_HSEConfig                            0x08000821   Thumb Code    70  stm32f10x_rcc.o(.text)
    RCC_GetFlagStatus                        0x08000867   Thumb Code    56  stm32f10x_rcc.o(.text)
    RCC_WaitForHSEStartUp                    0x0800089f   Thumb Code    56  stm32f10x_rcc.o(.text)
    RCC_AdjustHSICalibrationValue            0x080008d7   Thumb Code    20  stm32f10x_rcc.o(.text)
    RCC_HSICmd                               0x080008eb   Thumb Code     6  stm32f10x_rcc.o(.text)
    RCC_PLLConfig                            0x080008f1   Thumb Code    24  stm32f10x_rcc.o(.text)
    RCC_PLLCmd                               0x08000909   Thumb Code     6  stm32f10x_rcc.o(.text)
    RCC_SYSCLKConfig                         0x0800090f   Thumb Code    18  stm32f10x_rcc.o(.text)
    RCC_GetSYSCLKSource                      0x08000921   Thumb Code    10  stm32f10x_rcc.o(.text)
    RCC_HCLKConfig                           0x0800092b   Thumb Code    18  stm32f10x_rcc.o(.text)
    RCC_PCLK1Config                          0x0800093d   Thumb Code    18  stm32f10x_rcc.o(.text)
    RCC_PCLK2Config                          0x0800094f   Thumb Code    20  stm32f10x_rcc.o(.text)
    RCC_ITConfig                             0x08000963   Thumb Code    26  stm32f10x_rcc.o(.text)
    RCC_USBCLKConfig                         0x0800097d   Thumb Code     8  stm32f10x_rcc.o(.text)
    RCC_ADCCLKConfig                         0x08000985   Thumb Code    18  stm32f10x_rcc.o(.text)
    RCC_LSEConfig                            0x08000997   Thumb Code    50  stm32f10x_rcc.o(.text)
    RCC_LSICmd                               0x080009c9   Thumb Code     6  stm32f10x_rcc.o(.text)
    RCC_RTCCLKConfig                         0x080009cf   Thumb Code    12  stm32f10x_rcc.o(.text)
    RCC_RTCCLKCmd                            0x080009db   Thumb Code     8  stm32f10x_rcc.o(.text)
    RCC_GetClocksFreq                        0x080009e3   Thumb Code   192  stm32f10x_rcc.o(.text)
    RCC_AHBPeriphClockCmd                    0x08000aa3   Thumb Code    26  stm32f10x_rcc.o(.text)
    RCC_APB2PeriphClockCmd                   0x08000abd   Thumb Code    26  stm32f10x_rcc.o(.text)
    RCC_APB1PeriphClockCmd                   0x08000ad7   Thumb Code    26  stm32f10x_rcc.o(.text)
    RCC_APB2PeriphResetCmd                   0x08000af1   Thumb Code    26  stm32f10x_rcc.o(.text)
    RCC_APB1PeriphResetCmd                   0x08000b0b   Thumb Code    26  stm32f10x_rcc.o(.text)
    RCC_BackupResetCmd                       0x08000b25   Thumb Code     8  stm32f10x_rcc.o(.text)
    RCC_ClockSecuritySystemCmd               0x08000b2d   Thumb Code     6  stm32f10x_rcc.o(.text)
    RCC_MCOConfig                            0x08000b33   Thumb Code     6  stm32f10x_rcc.o(.text)
    RCC_ClearFlag                            0x08000b39   Thumb Code    14  stm32f10x_rcc.o(.text)
    RCC_GetITStatus                          0x08000b47   Thumb Code    20  stm32f10x_rcc.o(.text)
    RCC_ClearITPendingBit                    0x08000b5b   Thumb Code     6  stm32f10x_rcc.o(.text)
    USART_DeInit                             0x08000b85   Thumb Code   134  stm32f10x_usart.o(.text)
    USART_Init                               0x08000c0b   Thumb Code   210  stm32f10x_usart.o(.text)
    USART_StructInit                         0x08000cdd   Thumb Code    24  stm32f10x_usart.o(.text)
    USART_ClockInit                          0x08000cf5   Thumb Code    34  stm32f10x_usart.o(.text)
    USART_ClockStructInit                    0x08000d17   Thumb Code    12  stm32f10x_usart.o(.text)
    USART_Cmd                                0x08000d23   Thumb Code    24  stm32f10x_usart.o(.text)
    USART_ITConfig                           0x08000d3b   Thumb Code    74  stm32f10x_usart.o(.text)
    USART_DMACmd                             0x08000d85   Thumb Code    18  stm32f10x_usart.o(.text)
    USART_SetAddress                         0x08000d97   Thumb Code    18  stm32f10x_usart.o(.text)
    USART_WakeUpConfig                       0x08000da9   Thumb Code    18  stm32f10x_usart.o(.text)
    USART_ReceiverWakeUpCmd                  0x08000dbb   Thumb Code    24  stm32f10x_usart.o(.text)
    USART_LINBreakDetectLengthConfig         0x08000dd3   Thumb Code    18  stm32f10x_usart.o(.text)
    USART_LINCmd                             0x08000de5   Thumb Code    24  stm32f10x_usart.o(.text)
    USART_SendData                           0x08000dfd   Thumb Code     8  stm32f10x_usart.o(.text)
    USART_ReceiveData                        0x08000e05   Thumb Code    10  stm32f10x_usart.o(.text)
    USART_SendBreak                          0x08000e0f   Thumb Code    10  stm32f10x_usart.o(.text)
    USART_SetGuardTime                       0x08000e19   Thumb Code    16  stm32f10x_usart.o(.text)
    USART_SetPrescaler                       0x08000e29   Thumb Code    16  stm32f10x_usart.o(.text)
    USART_SmartCardCmd                       0x08000e39   Thumb Code    24  stm32f10x_usart.o(.text)
    USART_SmartCardNACKCmd                   0x08000e51   Thumb Code    24  stm32f10x_usart.o(.text)
    USART_HalfDuplexCmd                      0x08000e69   Thumb Code    24  stm32f10x_usart.o(.text)
    USART_OverSampling8Cmd                   0x08000e81   Thumb Code    22  stm32f10x_usart.o(.text)
    USART_OneBitMethodCmd                    0x08000e97   Thumb Code    24  stm32f10x_usart.o(.text)
    USART_IrDAConfig                         0x08000eaf   Thumb Code    18  stm32f10x_usart.o(.text)
    USART_IrDACmd                            0x08000ec1   Thumb Code    24  stm32f10x_usart.o(.text)
    USART_GetFlagStatus                      0x08000ed9   Thumb Code    26  stm32f10x_usart.o(.text)
    USART_ClearFlag                          0x08000ef3   Thumb Code    18  stm32f10x_usart.o(.text)
    USART_GetITStatus                        0x08000f05   Thumb Code    84  stm32f10x_usart.o(.text)
    USART_ClearITPendingBit                  0x08000f59   Thumb Code    52  stm32f10x_usart.o(.text)
    LED_Config                               0x0800109f   Thumb Code    50  main.o(.text)
    delay                                    0x080010d1   Thumb Code    28  main.o(.text)
    Send_Data                                0x080010ed   Thumb Code   360  main.o(.text)
    Data_Send_Status                         0x08001255   Thumb Code   316  main.o(.text)
    main                                     0x08001391   Thumb Code  1874  main.o(.text)
    Vector_Cross_Product                     0x08001ae3   Thumb Code    98  main.o(.text)
    Compass_Heading                          0x08001b45   Thumb Code   242  main.o(.text)
    reset_sensor_fusion                      0x08001c37   Thumb Code   270  main.o(.text)
    delay_us                                 0x08001d75   Thumb Code    26  delay.o(.text)
    delay_ms                                 0x08001d8f   Thumb Code    24  delay.o(.text)
    Delay                                    0x08001da7   Thumb Code    12  delay.o(.text)
    NMI_Handler                              0x08001db3   Thumb Code     2  stm32f10x_it.o(.text)
    HardFault_Handler                        0x08001db5   Thumb Code     4  stm32f10x_it.o(.text)
    MemManage_Handler                        0x08001db9   Thumb Code     4  stm32f10x_it.o(.text)
    BusFault_Handler                         0x08001dbd   Thumb Code     4  stm32f10x_it.o(.text)
    UsageFault_Handler                       0x08001dc1   Thumb Code     4  stm32f10x_it.o(.text)
    SVC_Handler                              0x08001dc5   Thumb Code     2  stm32f10x_it.o(.text)
    DebugMon_Handler                         0x08001dc7   Thumb Code     2  stm32f10x_it.o(.text)
    PendSV_Handler                           0x08001dc9   Thumb Code     2  stm32f10x_it.o(.text)
    SysTick_Handler                          0x08001dcb   Thumb Code     2  stm32f10x_it.o(.text)
    USART2_Config                            0x08001dcd   Thumb Code   126  usart.o(.text)
    UsartSend                                0x08001e4b   Thumb Code    28  usart.o(.text)
    Print                                    0x08001e67   Thumb Code    78  usart.o(.text)
    PrintInt                                 0x08001eb5   Thumb Code   144  usart.o(.text)
    PrintChar                                0x08001f45   Thumb Code    24  usart.o(.text)
    PrintHexInt16                            0x08001f5d   Thumb Code    20  usart.o(.text)
    usart_INIT                               0x08001f71   Thumb Code    42  usart.o(.text)
    SYSTICK_INIT                             0x08001fa5   Thumb Code    20  time.o(.text)
    GET_NOWTIME                              0x08001fb9   Thumb Code    50  time.o(.text)
    get_ms                                   0x08001feb   Thumb Code     2  time.o(.text)
    i2cInit                                  0x08002007   Thumb Code    38  stm32_iic.o(.text)
    i2cWriteBuffer                           0x0800220f   Thumb Code   100  stm32_iic.o(.text)
    i2cwrite                                 0x08002273   Thumb Code    38  stm32_iic.o(.text)
    i2cRead                                  0x08002299   Thumb Code   120  stm32_iic.o(.text)
    i2cread                                  0x08002311   Thumb Code    38  stm32_iic.o(.text)
    i2cWrite                                 0x08002337   Thumb Code    72  stm32_iic.o(.text)
    i2cGetErrorCounter                       0x0800237f   Thumb Code     4  stm32_iic.o(.text)
    mpu_reg_dump                             0x08002413   Thumb Code    72  inv_mpu.o(.text)
    mpu_read_reg                             0x0800245b   Thumb Code    66  inv_mpu.o(.text)
    mpu_set_int_latched                      0x0800249d   Thumb Code   102  inv_mpu.o(.text)
    mpu_set_sensors                          0x08002503   Thumb Code   354  inv_mpu.o(.text)
    mpu_set_compass_sample_rate              0x08002665   Thumb Code    92  inv_mpu.o(.text)
    mpu_set_bypass                           0x080026c1   Thumb Code   334  inv_mpu.o(.text)
    mpu_reset_fifo                           0x08002a49   Thumb Code   474  inv_mpu.o(.text)
    mpu_configure_fifo                       0x08002c23   Thumb Code   106  inv_mpu.o(.text)
    mpu_set_lpf                              0x08002c8d   Thumb Code   126  inv_mpu.o(.text)
    mpu_lp_accel_mode                        0x08002d0b   Thumb Code   280  inv_mpu.o(.text)
    mpu_set_sample_rate                      0x08002e23   Thumb Code   174  inv_mpu.o(.text)
    mpu_set_accel_fsr                        0x08002ed1   Thumb Code   126  inv_mpu.o(.text)
    mpu_set_gyro_fsr                         0x08002f4f   Thumb Code   138  inv_mpu.o(.text)
    mpu_init                                 0x08002fd9   Thumb Code   286  inv_mpu.o(.text)
    mpu_get_gyro_reg                         0x080030f7   Thumb Code   110  inv_mpu.o(.text)
    mpu_get_accel_reg                        0x08003165   Thumb Code   110  inv_mpu.o(.text)
    mpu_get_temperature                      0x080031d3   Thumb Code   150  inv_mpu.o(.text)
    mpu_set_accel_bias                       0x08003269   Thumb Code   390  inv_mpu.o(.text)
    mpu_get_gyro_fsr                         0x080033ef   Thumb Code    64  inv_mpu.o(.text)
    mpu_get_accel_fsr                        0x0800342f   Thumb Code    72  inv_mpu.o(.text)
    mpu_get_lpf                              0x08003477   Thumb Code    74  inv_mpu.o(.text)
    mpu_get_sample_rate                      0x080034c1   Thumb Code    26  inv_mpu.o(.text)
    mpu_get_compass_sample_rate              0x080034db   Thumb Code    12  inv_mpu.o(.text)
    mpu_get_gyro_sens                        0x080034e7   Thumb Code    58  inv_mpu.o(.text)
    mpu_get_accel_sens                       0x08003521   Thumb Code    78  inv_mpu.o(.text)
    mpu_get_fifo_config                      0x0800356f   Thumb Code    12  inv_mpu.o(.text)
    mpu_get_power_state                      0x0800357b   Thumb Code    22  inv_mpu.o(.text)
    mpu_get_int_status                       0x08003591   Thumb Code    64  inv_mpu.o(.text)
    mpu_read_fifo                            0x080035d1   Thumb Code   520  inv_mpu.o(.text)
    mpu_read_fifo_stream                     0x080037d9   Thumb Code   186  inv_mpu.o(.text)
    mpu_set_int_level                        0x08003893   Thumb Code    12  inv_mpu.o(.text)
    mpu_set_dmp_state                        0x08003d0b   Thumb Code   138  inv_mpu.o(.text)
    mpu_run_self_test                        0x08003d95   Thumb Code   168  inv_mpu.o(.text)
    mpu_write_mem                            0x08003e3d   Thumb Code   122  inv_mpu.o(.text)
    mpu_read_mem                             0x08003eb7   Thumb Code   122  inv_mpu.o(.text)
    mpu_load_firmware                        0x08003f31   Thumb Code   188  inv_mpu.o(.text)
    mpu_get_dmp_state                        0x08003fed   Thumb Code    14  inv_mpu.o(.text)
    mpu_get_compass_reg                      0x08003ffb   Thumb Code   208  inv_mpu.o(.text)
    mpu_get_compass_fsr                      0x080040cb   Thumb Code    14  inv_mpu.o(.text)
    mpu_lp_motion_interrupt                  0x080040d9   Thumb Code   606  inv_mpu.o(.text)
    dmp_load_motion_driver_firmware          0x0800433d   Thumb Code    20  inv_mpu_dmp_motion_driver.o(.text)
    dmp_set_orientation                      0x08004351   Thumb Code   290  inv_mpu_dmp_motion_driver.o(.text)
    dmp_set_gyro_bias                        0x08004473   Thumb Code   294  inv_mpu_dmp_motion_driver.o(.text)
    dmp_set_accel_bias                       0x08004599   Thumb Code   300  inv_mpu_dmp_motion_driver.o(.text)
    dmp_set_fifo_rate                        0x080046c5   Thumb Code   136  inv_mpu_dmp_motion_driver.o(.text)
    dmp_get_fifo_rate                        0x0800474d   Thumb Code    12  inv_mpu_dmp_motion_driver.o(.text)
    dmp_set_tap_thresh                       0x08004759   Thumb Code   396  inv_mpu_dmp_motion_driver.o(.text)
    dmp_set_tap_axes                         0x080048e5   Thumb Code    70  inv_mpu_dmp_motion_driver.o(.text)
    dmp_set_tap_count                        0x0800492b   Thumb Code    38  inv_mpu_dmp_motion_driver.o(.text)
    dmp_set_tap_time                         0x08004951   Thumb Code    38  inv_mpu_dmp_motion_driver.o(.text)
    dmp_set_tap_time_multi                   0x08004977   Thumb Code    38  inv_mpu_dmp_motion_driver.o(.text)
    dmp_set_shake_reject_thresh              0x0800499d   Thumb Code    56  inv_mpu_dmp_motion_driver.o(.text)
    dmp_set_shake_reject_time                0x080049d5   Thumb Code    38  inv_mpu_dmp_motion_driver.o(.text)
    dmp_set_shake_reject_timeout             0x080049fb   Thumb Code    38  inv_mpu_dmp_motion_driver.o(.text)
    dmp_get_pedometer_step_count             0x08004a21   Thumb Code    66  inv_mpu_dmp_motion_driver.o(.text)
    dmp_set_pedometer_step_count             0x08004a63   Thumb Code    42  inv_mpu_dmp_motion_driver.o(.text)
    dmp_get_pedometer_walk_time              0x08004a8d   Thumb Code    72  inv_mpu_dmp_motion_driver.o(.text)
    dmp_set_pedometer_walk_time              0x08004ad5   Thumb Code    48  inv_mpu_dmp_motion_driver.o(.text)
    dmp_enable_6x_lp_quat                    0x08004b05   Thumb Code    84  inv_mpu_dmp_motion_driver.o(.text)
    dmp_enable_lp_quat                       0x08004b59   Thumb Code    60  inv_mpu_dmp_motion_driver.o(.text)
    dmp_enable_gyro_cal                      0x08004b95   Thumb Code    62  inv_mpu_dmp_motion_driver.o(.text)
    dmp_enable_feature                       0x08004bd3   Thumb Code   530  inv_mpu_dmp_motion_driver.o(.text)
    dmp_get_enabled_features                 0x08004de5   Thumb Code    12  inv_mpu_dmp_motion_driver.o(.text)
    dmp_set_interrupt_mode                   0x08004e4f   Thumb Code    66  inv_mpu_dmp_motion_driver.o(.text)
    dmp_read_fifo                            0x08004e91   Thumb Code   514  inv_mpu_dmp_motion_driver.o(.text)
    dmp_register_tap_cb                      0x08005093   Thumb Code    10  inv_mpu_dmp_motion_driver.o(.text)
    dmp_register_android_orient_cb           0x0800509d   Thumb Code    10  inv_mpu_dmp_motion_driver.o(.text)
    __aeabi_ldivmod                          0x080050ad   Thumb Code     0  llsdiv.o(.text)
    _ll_sdiv                                 0x080050ad   Thumb Code    72  llsdiv.o(.text)
    memcmp                                   0x080050f5   Thumb Code    88  memcmp.o(.text)
    __aeabi_memset                           0x0800514d   Thumb Code    16  aeabi_memset.o(.text)
    __aeabi_memclr4                          0x0800515d   Thumb Code     0  rt_memclr_w.o(.text)
    __aeabi_memclr8                          0x0800515d   Thumb Code     0  rt_memclr_w.o(.text)
    __rt_memclr_w                            0x0800515d   Thumb Code    78  rt_memclr_w.o(.text)
    _memset_w                                0x08005161   Thumb Code     0  rt_memclr_w.o(.text)
    __use_two_region_memory                  0x080051ab   Thumb Code     2  heapauxi.o(.text)
    __rt_heap_escrow$2region                 0x080051ad   Thumb Code     2  heapauxi.o(.text)
    __rt_heap_expand$2region                 0x080051af   Thumb Code     2  heapauxi.o(.text)
    __aeabi_uldivmod                         0x080051b1   Thumb Code     0  lludivv7m.o(.text)
    _ll_udiv                                 0x080051b1   Thumb Code   238  lludivv7m.o(.text)
    __read_errno                             0x0800529f   Thumb Code    10  _rserrno.o(.text)
    __set_errno                              0x080052a9   Thumb Code    12  _rserrno.o(.text)
    __aeabi_memclr                           0x080052b5   Thumb Code     0  rt_memclr.o(.text)
    __rt_memclr                              0x080052b5   Thumb Code    68  rt_memclr.o(.text)
    _memset                                  0x080052b9   Thumb Code     0  rt_memclr.o(.text)
    __aeabi_errno_addr                       0x080052f9   Thumb Code     8  rt_errno_addr_intlibspace.o(.text)
    __errno$intlibspace                      0x080052f9   Thumb Code     0  rt_errno_addr_intlibspace.o(.text)
    __rt_errno_addr$intlibspace              0x080052f9   Thumb Code     0  rt_errno_addr_intlibspace.o(.text)
    __user_libspace                          0x08005301   Thumb Code     8  libspace.o(.text)
    __user_perproc_libspace                  0x08005301   Thumb Code     0  libspace.o(.text)
    __user_perthread_libspace                0x08005301   Thumb Code     0  libspace.o(.text)
    __user_setup_stackheap                   0x08005309   Thumb Code    74  sys_stackheap_outer.o(.text)
    exit                                     0x08005353   Thumb Code    12  exit.o(.text)
    _sys_exit                                0x08005361   Thumb Code     8  sys_exit.o(.text)
    __I$use$semihosting                      0x0800536d   Thumb Code     0  use_no_semi.o(.text)
    __use_no_semihosting_swi                 0x0800536d   Thumb Code     2  use_no_semi.o(.text)
    __ARM_fpclassify                         0x0800536f   Thumb Code    40  fpclassify.o(i.__ARM_fpclassify)
    __semihosting_library_function           0x0800536f   Thumb Code     0  indicate_semi.o(.text)
    __ieee754_rem_pio2                       0x08005399   Thumb Code   830  rred.o(i.__ieee754_rem_pio2)
    __kernel_cos                             0x08005721   Thumb Code   230  cos_i.o(i.__kernel_cos)
    __kernel_poly                            0x0800581d   Thumb Code   170  poly.o(i.__kernel_poly)
    __kernel_sin                             0x080058c9   Thumb Code   224  sin_i.o(i.__kernel_sin)
    __mathlib_dbl_underflow                  0x080059b5   Thumb Code    10  dunder.o(i.__mathlib_dbl_underflow)
    asin                                     0x080059c5   Thumb Code   584  asin.o(i.asin)
    atan                                     0x08005c41   Thumb Code   478  atan.o(i.atan)
    atan2                                    0x08005e65   Thumb Code   346  atan2.o(i.atan2)
    cos                                      0x08005fe5   Thumb Code   164  cos.o(i.cos)
    sin                                      0x08006091   Thumb Code   166  sin.o(i.sin)
    sqrt                                     0x08006141   Thumb Code    76  sqrt.o(i.sqrt)
    __aeabi_d2f                              0x0800618d   Thumb Code     0  d2f.o(x$fpl$d2f)
    _d2f                                     0x0800618d   Thumb Code    98  d2f.o(x$fpl$d2f)
    __aeabi_dadd                             0x080061f1   Thumb Code     0  daddsub_clz.o(x$fpl$dadd)
    _dadd                                    0x080061f1   Thumb Code   332  daddsub_clz.o(x$fpl$dadd)
    __fpl_dcheck_NaN1                        0x08006341   Thumb Code    10  dcheck1.o(x$fpl$dcheck1)
    __aeabi_ddiv                             0x08006351   Thumb Code     0  ddiv.o(x$fpl$ddiv)
    _ddiv                                    0x08006351   Thumb Code   552  ddiv.o(x$fpl$ddiv)
    __aeabi_d2iz                             0x08006601   Thumb Code     0  dfix.o(x$fpl$dfix)
    _dfix                                    0x08006601   Thumb Code    94  dfix.o(x$fpl$dfix)
    __aeabi_i2d                              0x0800665f   Thumb Code     0  dflt_clz.o(x$fpl$dflt)
    _dflt                                    0x0800665f   Thumb Code    46  dflt_clz.o(x$fpl$dflt)
    __aeabi_ui2d                             0x0800668d   Thumb Code     0  dflt_clz.o(x$fpl$dfltu)
    _dfltu                                   0x0800668d   Thumb Code    38  dflt_clz.o(x$fpl$dfltu)
    __aeabi_dmul                             0x080066b5   Thumb Code     0  dmul.o(x$fpl$dmul)
    _dmul                                    0x080066b5   Thumb Code   332  dmul.o(x$fpl$dmul)
    __fpl_dnaninf                            0x08006809   Thumb Code   156  dnaninf.o(x$fpl$dnaninf)
    __fpl_dretinf                            0x080068a5   Thumb Code    12  dretinf.o(x$fpl$dretinf)
    __aeabi_drsub                            0x080068b1   Thumb Code     0  daddsub_clz.o(x$fpl$drsb)
    _drsb                                    0x080068b1   Thumb Code    22  daddsub_clz.o(x$fpl$drsb)
    _dsqrt                                   0x080068c9   Thumb Code   456  dsqrt_noumaal.o(x$fpl$dsqrt)
    __aeabi_dsub                             0x08006a95   Thumb Code     0  daddsub_clz.o(x$fpl$dsub)
    _dsub                                    0x08006a95   Thumb Code   464  daddsub_clz.o(x$fpl$dsub)
    __aeabi_f2d                              0x08006c69   Thumb Code     0  f2d.o(x$fpl$f2d)
    _f2d                                     0x08006c69   Thumb Code    86  f2d.o(x$fpl$f2d)
    __aeabi_fadd                             0x08006cc1   Thumb Code     0  faddsub_clz.o(x$fpl$fadd)
    _fadd                                    0x08006cc1   Thumb Code   196  faddsub_clz.o(x$fpl$fadd)
    __aeabi_fdiv                             0x08006d85   Thumb Code     0  fdiv.o(x$fpl$fdiv)
    _fdiv                                    0x08006d85   Thumb Code   384  fdiv.o(x$fpl$fdiv)
    __aeabi_f2iz                             0x08006f09   Thumb Code     0  ffix.o(x$fpl$ffix)
    _ffix                                    0x08006f09   Thumb Code    54  ffix.o(x$fpl$ffix)
    __aeabi_f2uiz                            0x08006f41   Thumb Code     0  ffixu.o(x$fpl$ffixu)
    _ffixu                                   0x08006f41   Thumb Code    62  ffixu.o(x$fpl$ffixu)
    __aeabi_i2f                              0x08006f81   Thumb Code     0  fflt_clz.o(x$fpl$fflt)
    _fflt                                    0x08006f81   Thumb Code    48  fflt_clz.o(x$fpl$fflt)
    __aeabi_ui2f                             0x08006fb1   Thumb Code     0  fflt_clz.o(x$fpl$ffltu)
    _ffltu                                   0x08006fb1   Thumb Code    38  fflt_clz.o(x$fpl$ffltu)
    __aeabi_fmul                             0x08006fd9   Thumb Code     0  fmul.o(x$fpl$fmul)
    _fmul                                    0x08006fd9   Thumb Code   258  fmul.o(x$fpl$fmul)
    __fpl_fnaninf                            0x080070db   Thumb Code   140  fnaninf.o(x$fpl$fnaninf)
    __fpl_fretinf                            0x08007167   Thumb Code    10  fretinf.o(x$fpl$fretinf)
    __aeabi_fsub                             0x08007171   Thumb Code     0  faddsub_clz.o(x$fpl$fsub)
    _fsub                                    0x08007171   Thumb Code   234  faddsub_clz.o(x$fpl$fsub)
    __fpl_return_NaN                         0x0800725b   Thumb Code   100  retnan.o(x$fpl$retnan)
    __ARM_scalbn                             0x080072bf   Thumb Code    92  scalbn.o(x$fpl$scalbn)
    __fpl_cmpreturn                          0x0800731b   Thumb Code    48  trapv.o(x$fpl$trapveneer)
    __I$use$fp                               0x0800734a   Number         0  usenofp.o(x$fpl$usenofp)
    reg                                      0x08007358   Data          42  inv_mpu.o(.constdata)
    hw                                       0x08007382   Data          14  inv_mpu.o(.constdata)
    test                                     0x08007390   Data          40  inv_mpu.o(.constdata)
    __mathlib_zero                           0x080080c8   Data           8  qnan.o(.constdata)
    Region$$Table$$Base                      0x080081c0   Number         0  anon$$obj.o(Region$$Table)
    Region$$Table$$Limit                     0x080081e0   Number         0  anon$$obj.o(Region$$Table)
    SystemCoreClock                          0x20000000   Data           4  system_stm32f10x.o(.data)
    AHBPrescTable                            0x20000004   Data          16  system_stm32f10x.o(.data)
    q0                                       0x20000028   Data           4  main.o(.data)
    q1                                       0x2000002c   Data           4  main.o(.data)
    q2                                       0x20000030   Data           4  main.o(.data)
    q3                                       0x20000034   Data           4  main.o(.data)
    show_tab                                 0x20000038   Data          11  main.o(.data)
    Pitch                                    0x20000044   Data           4  main.o(.data)
    Roll                                     0x20000048   Data           4  main.o(.data)
    Yaw                                      0x2000004c   Data           4  main.o(.data)
    temp                                     0x20000050   Data           4  main.o(.data)
    Init_Pitch                               0x20000054   Data           4  main.o(.data)
    Init_Roll                                0x20000058   Data           4  main.o(.data)
    Init_Yaw                                 0x2000005c   Data           4  main.o(.data)
    rx_new                                   0x20000060   Data           1  main.o(.data)
    MAG_Heading                              0x2000006c   Data           4  main.o(.data)
    temp_acc                                 0x200000b8   Data          12  main.o(.bss)
    temp_gyo                                 0x200000c4   Data          12  main.o(.bss)
    temp_mag                                 0x200000d0   Data          12  main.o(.bss)
    __libspace_start                         0x200000ec   Data          96  libspace.o(.bss)
    __temporary_stack_top$libspace           0x2000014c   Data           0  libspace.o(.bss)



==============================================================================

Memory Map of the image

  Image Entry point : 0x080000ed

  Load Region LR_IROM1 (Base: 0x08000000, Size: 0x00008288, Max: 0x00010000, ABSOLUTE)

    Execution Region ER_IROM1 (Base: 0x08000000, Size: 0x000081e0, Max: 0x00010000, ABSOLUTE)

    Base Addr    Size         Type   Attr      Idx    E Section Name        Object

    0x08000000   0x000000ec   Data   RO           68    RESET               startup_stm32f10x_md.o
    0x080000ec   0x00000008   Code   RO          324  * !!!main             c_w.l(__main.o)
    0x080000f4   0x00000034   Code   RO          647    !!!scatter          c_w.l(__scatter.o)
    0x08000128   0x0000001a   Code   RO          649    !!handler_copy      c_w.l(__scatter_copy.o)
    0x08000142   0x00000002   PAD
    0x08000144   0x0000001c   Code   RO          651    !!handler_zi        c_w.l(__scatter_zi.o)
    0x08000160   0x00000002   Code   RO          515    .ARM.Collect$$libinit$$00000000  c_w.l(libinit.o)
    0x08000162   0x00000000   Code   RO          525    .ARM.Collect$$libinit$$00000002  c_w.l(libinit2.o)
    0x08000162   0x00000000   Code   RO          528    .ARM.Collect$$libinit$$00000008  c_w.l(libinit2.o)
    0x08000162   0x00000000   Code   RO          530    .ARM.Collect$$libinit$$0000000A  c_w.l(libinit2.o)
    0x08000162   0x00000000   Code   RO          532    .ARM.Collect$$libinit$$0000000C  c_w.l(libinit2.o)
    0x08000162   0x00000000   Code   RO          535    .ARM.Collect$$libinit$$0000000F  c_w.l(libinit2.o)
    0x08000162   0x00000000   Code   RO          537    .ARM.Collect$$libinit$$00000011  c_w.l(libinit2.o)
    0x08000162   0x00000000   Code   RO          539    .ARM.Collect$$libinit$$00000013  c_w.l(libinit2.o)
    0x08000162   0x00000000   Code   RO          541    .ARM.Collect$$libinit$$00000015  c_w.l(libinit2.o)
    0x08000162   0x00000000   Code   RO          543    .ARM.Collect$$libinit$$00000017  c_w.l(libinit2.o)
    0x08000162   0x00000000   Code   RO          545    .ARM.Collect$$libinit$$00000019  c_w.l(libinit2.o)
    0x08000162   0x00000000   Code   RO          547    .ARM.Collect$$libinit$$0000001B  c_w.l(libinit2.o)
    0x08000162   0x00000000   Code   RO          549    .ARM.Collect$$libinit$$0000001D  c_w.l(libinit2.o)
    0x08000162   0x00000000   Code   RO          551    .ARM.Collect$$libinit$$0000001F  c_w.l(libinit2.o)
    0x08000162   0x00000000   Code   RO          553    .ARM.Collect$$libinit$$00000021  c_w.l(libinit2.o)
    0x08000162   0x00000000   Code   RO          555    .ARM.Collect$$libinit$$00000023  c_w.l(libinit2.o)
    0x08000162   0x00000000   Code   RO          559    .ARM.Collect$$libinit$$0000002A  c_w.l(libinit2.o)
    0x08000162   0x00000000   Code   RO          561    .ARM.Collect$$libinit$$0000002C  c_w.l(libinit2.o)
    0x08000162   0x00000000   Code   RO          563    .ARM.Collect$$libinit$$0000002E  c_w.l(libinit2.o)
    0x08000162   0x00000000   Code   RO          565    .ARM.Collect$$libinit$$00000030  c_w.l(libinit2.o)
    0x08000162   0x00000002   Code   RO          566    .ARM.Collect$$libinit$$00000031  c_w.l(libinit2.o)
    0x08000164   0x00000002   Code   RO          598    .ARM.Collect$$libshutdown$$00000000  c_w.l(libshutdown.o)
    0x08000166   0x00000000   Code   RO          616    .ARM.Collect$$libshutdown$$00000003  c_w.l(libshutdown2.o)
    0x08000166   0x00000000   Code   RO          619    .ARM.Collect$$libshutdown$$00000006  c_w.l(libshutdown2.o)
    0x08000166   0x00000000   Code   RO          622    .ARM.Collect$$libshutdown$$00000009  c_w.l(libshutdown2.o)
    0x08000166   0x00000000   Code   RO          624    .ARM.Collect$$libshutdown$$0000000B  c_w.l(libshutdown2.o)
    0x08000166   0x00000000   Code   RO          627    .ARM.Collect$$libshutdown$$0000000E  c_w.l(libshutdown2.o)
    0x08000166   0x00000002   Code   RO          628    .ARM.Collect$$libshutdown$$0000000F  c_w.l(libshutdown2.o)
    0x08000168   0x00000000   Code   RO          406    .ARM.Collect$$rtentry$$00000000  c_w.l(rtentry.o)
    0x08000168   0x00000000   Code   RO          464    .ARM.Collect$$rtentry$$00000002  c_w.l(rtentry2.o)
    0x08000168   0x00000006   Code   RO          476    .ARM.Collect$$rtentry$$00000004  c_w.l(rtentry4.o)
    0x0800016e   0x00000000   Code   RO          466    .ARM.Collect$$rtentry$$00000009  c_w.l(rtentry2.o)
    0x0800016e   0x00000004   Code   RO          467    .ARM.Collect$$rtentry$$0000000A  c_w.l(rtentry2.o)
    0x08000172   0x00000000   Code   RO          469    .ARM.Collect$$rtentry$$0000000C  c_w.l(rtentry2.o)
    0x08000172   0x00000008   Code   RO          470    .ARM.Collect$$rtentry$$0000000D  c_w.l(rtentry2.o)
    0x0800017a   0x00000002   Code   RO          518    .ARM.Collect$$rtexit$$00000000  c_w.l(rtexit.o)
    0x0800017c   0x00000000   Code   RO          570    .ARM.Collect$$rtexit$$00000002  c_w.l(rtexit2.o)
    0x0800017c   0x00000004   Code   RO          571    .ARM.Collect$$rtexit$$00000003  c_w.l(rtexit2.o)
    0x08000180   0x00000006   Code   RO          572    .ARM.Collect$$rtexit$$00000004  c_w.l(rtexit2.o)
    0x08000186   0x00000002   PAD
    0x08000188   0x000001e0   Code   RO           17    .text               system_stm32f10x.o
    0x08000368   0x00000040   Code   RO           69    .text               startup_stm32f10x_md.o
    0x080003a8   0x000000dc   Code   RO           73    .text               misc.o
    0x08000484   0x0000035c   Code   RO          113    .text               stm32f10x_gpio.o
    0x080007e0   0x000003a4   Code   RO          125    .text               stm32f10x_rcc.o
    0x08000b84   0x00000408   Code   RO          151    .text               stm32f10x_usart.o
    0x08000f8c   0x00000de8   Code   RO          163    .text               main.o
    0x08001d74   0x0000003e   Code   RO          199    .text               delay.o
    0x08001db2   0x0000001a   Code   RO          211    .text               stm32f10x_it.o
    0x08001dcc   0x000001d8   Code   RO          226    .text               usart.o
    0x08001fa4   0x0000004c   Code   RO          238    .text               time.o
    0x08001ff0   0x00000398   Code   RO          253    .text               stm32_iic.o
    0x08002388   0x00001fb4   Code   RO          265    .text               inv_mpu.o
    0x0800433c   0x00000d70   Code   RO          291    .text               inv_mpu_dmp_motion_driver.o
    0x080050ac   0x00000048   Code   RO          314    .text               c_w.l(llsdiv.o)
    0x080050f4   0x00000058   Code   RO          316    .text               c_w.l(memcmp.o)
    0x0800514c   0x00000010   Code   RO          318    .text               c_w.l(aeabi_memset.o)
    0x0800515c   0x0000004e   Code   RO          320    .text               c_w.l(rt_memclr_w.o)
    0x080051aa   0x00000006   Code   RO          322    .text               c_w.l(heapauxi.o)
    0x080051b0   0x000000ee   Code   RO          407    .text               c_w.l(lludivv7m.o)
    0x0800529e   0x00000016   Code   RO          409    .text               c_w.l(_rserrno.o)
    0x080052b4   0x00000044   Code   RO          411    .text               c_w.l(rt_memclr.o)
    0x080052f8   0x00000008   Code   RO          485    .text               c_w.l(rt_errno_addr_intlibspace.o)
    0x08005300   0x00000008   Code   RO          501    .text               c_w.l(libspace.o)
    0x08005308   0x0000004a   Code   RO          504    .text               c_w.l(sys_stackheap_outer.o)
    0x08005352   0x0000000c   Code   RO          508    .text               c_w.l(exit.o)
    0x0800535e   0x00000002   PAD
    0x08005360   0x0000000c   Code   RO          586    .text               c_w.l(sys_exit.o)
    0x0800536c   0x00000002   Code   RO          603    .text               c_w.l(use_no_semi.o)
    0x0800536e   0x00000000   Code   RO          605    .text               c_w.l(indicate_semi.o)
    0x0800536e   0x00000028   Code   RO          447    i.__ARM_fpclassify  m_ws.l(fpclassify.o)
    0x08005396   0x00000002   PAD
    0x08005398   0x00000388   Code   RO          452    i.__ieee754_rem_pio2  m_ws.l(rred.o)
    0x08005720   0x000000fc   Code   RO          442    i.__kernel_cos      m_ws.l(cos_i.o)
    0x0800581c   0x000000aa   Code   RO          449    i.__kernel_poly     m_ws.l(poly.o)
    0x080058c6   0x00000002   PAD
    0x080058c8   0x000000ec   Code   RO          457    i.__kernel_sin      m_ws.l(sin_i.o)
    0x080059b4   0x00000010   Code   RO          445    i.__mathlib_dbl_underflow  m_ws.l(dunder.o)
    0x080059c4   0x0000027c   Code   RO          365    i.asin              m_ws.l(asin.o)
    0x08005c40   0x00000224   Code   RO          433    i.atan              m_ws.l(atan.o)
    0x08005e64   0x00000180   Code   RO          375    i.atan2             m_ws.l(atan2.o)
    0x08005fe4   0x000000ac   Code   RO          383    i.cos               m_ws.l(cos.o)
    0x08006090   0x000000b0   Code   RO          391    i.sin               m_ws.l(sin.o)
    0x08006140   0x0000004c   Code   RO          399    i.sqrt              m_ws.l(sqrt.o)
    0x0800618c   0x00000062   Code   RO          326    x$fpl$d2f           fz_ws.l(d2f.o)
    0x080061ee   0x00000002   PAD
    0x080061f0   0x00000150   Code   RO          328    x$fpl$dadd          fz_ws.l(daddsub_clz.o)
    0x08006340   0x00000010   Code   RO          487    x$fpl$dcheck1       fz_ws.l(dcheck1.o)
    0x08006350   0x000002b0   Code   RO          414    x$fpl$ddiv          fz_ws.l(ddiv.o)
    0x08006600   0x0000005e   Code   RO          491    x$fpl$dfix          fz_ws.l(dfix.o)
    0x0800665e   0x0000002e   Code   RO          496    x$fpl$dflt          fz_ws.l(dflt_clz.o)
    0x0800668c   0x00000026   Code   RO          495    x$fpl$dfltu         fz_ws.l(dflt_clz.o)
    0x080066b2   0x00000002   PAD
    0x080066b4   0x00000154   Code   RO          334    x$fpl$dmul          fz_ws.l(dmul.o)
    0x08006808   0x0000009c   Code   RO          419    x$fpl$dnaninf       fz_ws.l(dnaninf.o)
    0x080068a4   0x0000000c   Code   RO          421    x$fpl$dretinf       fz_ws.l(dretinf.o)
    0x080068b0   0x00000016   Code   RO          329    x$fpl$drsb          fz_ws.l(daddsub_clz.o)
    0x080068c6   0x00000002   PAD
    0x080068c8   0x000001cc   Code   RO          423    x$fpl$dsqrt         fz_ws.l(dsqrt_noumaal.o)
    0x08006a94   0x000001d4   Code   RO          330    x$fpl$dsub          fz_ws.l(daddsub_clz.o)
    0x08006c68   0x00000056   Code   RO          336    x$fpl$f2d           fz_ws.l(f2d.o)
    0x08006cbe   0x00000002   PAD
    0x08006cc0   0x000000c4   Code   RO          338    x$fpl$fadd          fz_ws.l(faddsub_clz.o)
    0x08006d84   0x00000184   Code   RO          345    x$fpl$fdiv          fz_ws.l(fdiv.o)
    0x08006f08   0x00000036   Code   RO          348    x$fpl$ffix          fz_ws.l(ffix.o)
    0x08006f3e   0x00000002   PAD
    0x08006f40   0x0000003e   Code   RO          352    x$fpl$ffixu         fz_ws.l(ffixu.o)
    0x08006f7e   0x00000002   PAD
    0x08006f80   0x00000030   Code   RO          357    x$fpl$fflt          fz_ws.l(fflt_clz.o)
    0x08006fb0   0x00000026   Code   RO          356    x$fpl$ffltu         fz_ws.l(fflt_clz.o)
    0x08006fd6   0x00000002   PAD
    0x08006fd8   0x00000102   Code   RO          362    x$fpl$fmul          fz_ws.l(fmul.o)
    0x080070da   0x0000008c   Code   RO          425    x$fpl$fnaninf       fz_ws.l(fnaninf.o)
    0x08007166   0x0000000a   Code   RO          427    x$fpl$fretinf       fz_ws.l(fretinf.o)
    0x08007170   0x000000ea   Code   RO          340    x$fpl$fsub          fz_ws.l(faddsub_clz.o)
    0x0800725a   0x00000064   Code   RO          516    x$fpl$retnan        fz_ws.l(retnan.o)
    0x080072be   0x0000005c   Code   RO          429    x$fpl$scalbn        fz_ws.l(scalbn.o)
    0x0800731a   0x00000030   Code   RO          567    x$fpl$trapveneer    fz_ws.l(trapv.o)
    0x0800734a   0x00000000   Code   RO          431    x$fpl$usenofp       fz_ws.l(usenofp.o)
    0x0800734a   0x00000002   PAD
    0x0800734c   0x0000000c   Data   RO          165    .constdata          main.o
    0x08007358   0x00000060   Data   RO          266    .constdata          inv_mpu.o
    0x080073b8   0x00000bf6   Data   RO          293    .constdata          inv_mpu_dmp_motion_driver.o
    0x08007fae   0x00000002   PAD
    0x08007fb0   0x00000050   Data   RO          366    .constdata          m_ws.l(asin.o)
    0x08008000   0x00000098   Data   RO          434    .constdata          m_ws.l(atan.o)
    0x08008098   0x00000030   Data   RO          443    .constdata          m_ws.l(cos_i.o)
    0x080080c8   0x00000008   Data   RO          451    .constdata          m_ws.l(qnan.o)
    0x080080d0   0x000000c8   Data   RO          454    .constdata          m_ws.l(rred.o)
    0x08008198   0x00000028   Data   RO          458    .constdata          m_ws.l(sin_i.o)
    0x080081c0   0x00000020   Data   RO          645    Region$$Table       anon$$obj.o


    Execution Region RW_IRAM1 (Base: 0x20000000, Size: 0x00000750, Max: 0x00005000, ABSOLUTE)

    Base Addr    Size         Type   Attr      Idx    E Section Name        Object

    0x20000000   0x00000014   Data   RW           18    .data               system_stm32f10x.o
    0x20000014   0x00000014   Data   RW          126    .data               stm32f10x_rcc.o
    0x20000028   0x00000048   Data   RW          166    .data               main.o
    0x20000070   0x00000038   Data   RW          267    .data               inv_mpu.o
    0x200000a8   0x00000034   Zero   RW          164    .bss                main.o
    0x200000dc   0x00000010   Zero   RW          292    .bss                inv_mpu_dmp_motion_driver.o
    0x200000ec   0x00000060   Zero   RW          502    .bss                c_w.l(libspace.o)
    0x2000014c   0x00000004   PAD
    0x20000150   0x00000200   Zero   RW           67    HEAP                startup_stm32f10x_md.o
    0x20000350   0x00000400   Zero   RW           66    STACK               startup_stm32f10x_md.o


==============================================================================

Image component sizes


      Code (inc. data)   RO Data    RW Data    ZI Data      Debug   Object Name

         0          0          0          0          0       4304   core_cm3.o
        62          0          0          0          0        786   delay.o
      8116         96         96         56          0      21334   inv_mpu.o
      3440        126       3062          0         16      15027   inv_mpu_dmp_motion_driver.o
      3560        892         12         72         52       6375   main.o
       220         22          0          0          0       1725   misc.o
        64         26        236          0       1536        812   startup_stm32f10x_md.o
       920          6          0          0          0       4194   stm32_iic.o
       860         38          0          0          0       5573   stm32f10x_gpio.o
        26          0          0          0          0       1198   stm32f10x_it.o
       932         36          0         20          0       8728   stm32f10x_rcc.o
      1032         22          0          0          0       8296   stm32f10x_usart.o
       480         38          0         20          0     228175   system_stm32f10x.o
        76          4          0          0          0       1266   time.o
       472         10          0          0          0       1688   usart.o

    ----------------------------------------------------------------------
     20260       1316       3440        168       1604     309481   Object Totals
         0          0         32          0          0          0   (incl. Generated)
         0          0          2          0          0          0   (incl. Padding)

    ----------------------------------------------------------------------

      Code (inc. data)   RO Data    RW Data    ZI Data      Debug   Library Member Name

         8          0          0          0          0         68   __main.o
        52          8          0          0          0          0   __scatter.o
        26          0          0          0          0          0   __scatter_copy.o
        28          0          0          0          0          0   __scatter_zi.o
        22          0          0          0          0        100   _rserrno.o
        16          0          0          0          0         68   aeabi_memset.o
        12          0          0          0          0         72   exit.o
         6          0          0          0          0        152   heapauxi.o
         0          0          0          0          0          0   indicate_semi.o
         2          0          0          0          0          0   libinit.o
         2          0          0          0          0          0   libinit2.o
         2          0          0          0          0          0   libshutdown.o
         2          0          0          0          0          0   libshutdown2.o
         8          4          0          0         96         68   libspace.o
        72          0          0          0          0         76   llsdiv.o
       238          0          0          0          0        100   lludivv7m.o
        88          0          0          0          0         76   memcmp.o
         8          4          0          0          0         68   rt_errno_addr_intlibspace.o
        68          0          0          0          0         68   rt_memclr.o
        78          0          0          0          0         80   rt_memclr_w.o
         0          0          0          0          0          0   rtentry.o
        12          0          0          0          0          0   rtentry2.o
         6          0          0          0          0          0   rtentry4.o
         2          0          0          0          0          0   rtexit.o
        10          0          0          0          0          0   rtexit2.o
        12          4          0          0          0         68   sys_exit.o
        74          0          0          0          0         80   sys_stackheap_outer.o
         2          0          0          0          0         68   use_no_semi.o
        98          4          0          0          0         92   d2f.o
       826         16          0          0          0        348   daddsub_clz.o
        16          4          0          0          0         68   dcheck1.o
       688        140          0          0          0        208   ddiv.o
        94          4          0          0          0         92   dfix.o
        84          0          0          0          0        136   dflt_clz.o
       340         12          0          0          0        104   dmul.o
       156          4          0          0          0         92   dnaninf.o
        12          0          0          0          0         68   dretinf.o
       460         56          0          0          0        120   dsqrt_noumaal.o
        86          4          0          0          0         84   f2d.o
       430          8          0          0          0        168   faddsub_clz.o
       388         76          0          0          0         96   fdiv.o
        54          4          0          0          0         84   ffix.o
        62          4          0          0          0         84   ffixu.o
        86          0          0          0          0        136   fflt_clz.o
       258          4          0          0          0         84   fmul.o
       140          4          0          0          0         84   fnaninf.o
        10          0          0          0          0         68   fretinf.o
       100          0          0          0          0         68   retnan.o
        92          0          0          0          0         68   scalbn.o
        48          0          0          0          0         68   trapv.o
         0          0          0          0          0          0   usenofp.o
       636         52         80          0          0        168   asin.o
       548         70        152          0          0        124   atan.o
       384         38          0          0          0        144   atan2.o
       172          8          0          0          0        112   cos.o
       252         22         48          0          0        124   cos_i.o
        16          6          0          0          0         68   dunder.o
        40          0          0          0          0         68   fpclassify.o
       170          0          0          0          0         96   poly.o
         0          0          8          0          0          0   qnan.o
       904         74        200          0          0        140   rred.o
       176         10          0          0          0        116   sin.o
       236         12         40          0          0        128   sin_i.o
        76          0          0          0          0         84   sqrt.o

    ----------------------------------------------------------------------
      9020        656        528          0        100       5004   Library Totals
        26          0          0          0          4          0   (incl. Padding)

    ----------------------------------------------------------------------

      Code (inc. data)   RO Data    RW Data    ZI Data      Debug   Library Name

       856         20          0          0         96       1212   c_w.l
      4528        344          0          0          0       2420   fz_ws.l
      3610        292        528          0          0       1372   m_ws.l

    ----------------------------------------------------------------------
      9020        656        528          0        100       5004   Library Totals

    ----------------------------------------------------------------------

==============================================================================


      Code (inc. data)   RO Data    RW Data    ZI Data      Debug   

     29280       1972       3968        168       1704     310633   Grand Totals
     29280       1972       3968        168       1704     310633   ELF Image Totals
     29280       1972       3968        168          0          0   ROM Totals

==============================================================================

    Total RO  Size (Code + RO Data)                33248 (  32.47kB)
    Total RW  Size (RW Data + ZI Data)              1872 (   1.83kB)
    Total ROM Size (Code + RO Data + RW Data)      33416 (  32.63kB)

==============================================================================

