Product: MDK-ARM Professional 5.10
Component: ARM Compiler 5.04 update 1 (build 49)
Tool: armlink [5040049]

==============================================================================

Section Cross References

    system_stm32f10x.o(.text) refers to system_stm32f10x.o(.data) for SystemCoreClock
    startup_stm32f10x_md.o(STACK) refers (Special) to heapauxi.o(.text) for __use_two_region_memory
    startup_stm32f10x_md.o(HEAP) refers (Special) to heapauxi.o(.text) for __use_two_region_memory
    startup_stm32f10x_md.o(RESET) refers (Special) to heapauxi.o(.text) for __use_two_region_memory
    startup_stm32f10x_md.o(RESET) refers to startup_stm32f10x_md.o(STACK) for __initial_sp
    startup_stm32f10x_md.o(RESET) refers to startup_stm32f10x_md.o(.text) for Reset_Handler
    startup_stm32f10x_md.o(RESET) refers to stm32f10x_it.o(.text) for NMI_Handler
    startup_stm32f10x_md.o(.text) refers (Special) to heapauxi.o(.text) for __use_two_region_memory
    startup_stm32f10x_md.o(.text) refers to system_stm32f10x.o(.text) for SystemInit
    startup_stm32f10x_md.o(.text) refers to __main.o(!!!main) for __main
    startup_stm32f10x_md.o(.text) refers to startup_stm32f10x_md.o(HEAP) for Heap_Mem
    startup_stm32f10x_md.o(.text) refers to startup_stm32f10x_md.o(STACK) for Stack_Mem
    stm32f10x_gpio.o(.text) refers to stm32f10x_rcc.o(.text) for RCC_APB2PeriphResetCmd
    stm32f10x_rcc.o(.text) refers to stm32f10x_rcc.o(.data) for APBAHBPrescTable
    stm32f10x_tim.o(.text) refers to stm32f10x_rcc.o(.text) for RCC_APB2PeriphResetCmd
    stm32f10x_usart.o(.text) refers to stm32f10x_rcc.o(.text) for RCC_APB2PeriphResetCmd
    main.o(.text) refers to stm32f10x_rcc.o(.text) for RCC_APB2PeriphClockCmd
    main.o(.text) refers to stm32f10x_gpio.o(.text) for GPIO_Init
    main.o(.text) refers to stm32f10x_usart.o(.text) for USART_SendData
    main.o(.text) refers to rt_memclr_w.o(.text) for __aeabi_memclr4
    main.o(.text) refers to fmul.o(x$fpl$fmul) for __aeabi_fmul
    main.o(.text) refers to ffix.o(x$fpl$ffix) for __aeabi_f2iz
    main.o(.text) refers to usart.o(.text) for UsartSend
    main.o(.text) refers to system_stm32f10x.o(.text) for SystemInit
    main.o(.text) refers to inv_imu_app.o(.text) for Get_Imu_Init_Position
    main.o(.text) refers to f2d.o(x$fpl$f2d) for __aeabi_f2d
    main.o(.text) refers to dmul.o(x$fpl$dmul) for __aeabi_dmul
    main.o(.text) refers to d2f.o(x$fpl$d2f) for __aeabi_d2f
    main.o(.text) refers to stm32_mpu_iic.o(.text) for mpu_i2cInit
    main.o(.text) refers to my_inv_mpu.o(.text) for my_mpu_init
    main.o(.text) refers to faddsub_clz.o(x$fpl$fadd) for __aeabi_fadd
    main.o(.text) refers to drleqf.o(x$fpl$drleqf) for __aeabi_cdrcmple
    main.o(.text) refers to daddsub_clz.o(x$fpl$dsub) for __aeabi_dsub
    main.o(.text) refers to dleqf.o(x$fpl$dleqf) for __aeabi_cdcmple
    main.o(.text) refers to daddsub_clz.o(x$fpl$dadd) for __aeabi_dadd
    usart.o(.text) refers to stm32f10x_rcc.o(.text) for RCC_APB2PeriphClockCmd
    usart.o(.text) refers to stm32f10x_gpio.o(.text) for GPIO_Init
    usart.o(.text) refers to stm32f10x_usart.o(.text) for USART_Init
    usart.o(.text) refers to misc.o(.text) for NVIC_PriorityGroupConfig
    inv_mpu.o(.text) refers to stm32_mpu_iic.o(.text) for i2cwrite
    inv_mpu.o(.text) refers to delay.o(.text) for delay_ms
    inv_mpu.o(.text) refers to inv_mpu.o(.data) for st
    inv_mpu.o(.text) refers to usart.o(.text) for PrintChar
    inv_mpu.o(.text) refers to time.o(.text) for get_ms
    inv_mpu.o(.text) refers to fflt_clz.o(x$fpl$ffltu) for __aeabi_ui2f
    inv_mpu.o(.text) refers to fflt_clz.o(x$fpl$fflt) for __aeabi_i2f
    inv_mpu.o(.text) refers to faddsub_clz.o(x$fpl$fsub) for __aeabi_fsub
    inv_mpu.o(.text) refers to fdiv.o(x$fpl$fdiv) for __aeabi_fdiv
    inv_mpu.o(.text) refers to faddsub_clz.o(x$fpl$fadd) for __aeabi_fadd
    inv_mpu.o(.text) refers to fmul.o(x$fpl$fmul) for __aeabi_fmul
    inv_mpu.o(.text) refers to ffix.o(x$fpl$ffix) for __aeabi_f2iz
    inv_mpu.o(.text) refers to inv_mpu.o(.constdata) for test
    inv_mpu.o(.text) refers to llsdiv.o(.text) for __aeabi_ldivmod
    inv_mpu.o(.text) refers to memcmp.o(.text) for memcmp
    inv_mpu.o(.data) refers to inv_mpu.o(.constdata) for reg
    inv_mpu_dmp_motion_driver.o(.text) refers to inv_mpu.o(.text) for mpu_load_firmware
    inv_mpu_dmp_motion_driver.o(.text) refers to inv_mpu_dmp_motion_driver.o(.constdata) for dmp_memory
    inv_mpu_dmp_motion_driver.o(.text) refers to inv_mpu_dmp_motion_driver.o(.bss) for dmp
    inv_mpu_dmp_motion_driver.o(.text) refers to fflt_clz.o(x$fpl$ffltu) for __aeabi_ui2f
    inv_mpu_dmp_motion_driver.o(.text) refers to fdiv.o(x$fpl$fdiv) for __aeabi_fdiv
    inv_mpu_dmp_motion_driver.o(.text) refers to fmul.o(x$fpl$fmul) for __aeabi_fmul
    inv_mpu_dmp_motion_driver.o(.text) refers to ffixu.o(x$fpl$ffixu) for __aeabi_f2uiz
    inv_mpu_dmp_motion_driver.o(.text) refers to aeabi_memset.o(.text) for __aeabi_memset
[...]
    ../fplib/dretinf.s                       0x00000000   Number         0  dretinf.o ABSOLUTE
    ../fplib/drleqf.s                        0x00000000   Number         0  drleqf.o ABSOLUTE
    ../fplib/dsqrt.s                         0x00000000   Number         0  dsqrt_noumaal.o ABSOLUTE
    ../fplib/f2d.s                           0x00000000   Number         0  f2d.o ABSOLUTE
    ../fplib/faddsub.s                       0x00000000   Number         0  faddsub_clz.o ABSOLUTE
    ../fplib/fdiv.s                          0x00000000   Number         0  fdiv.o ABSOLUTE
    ../fplib/ffix.s                          0x00000000   Number         0  ffix.o ABSOLUTE
    ../fplib/ffixu.s                         0x00000000   Number         0  ffixu.o ABSOLUTE
    ../fplib/fflt.s                          0x00000000   Number         0  fflt_clz.o ABSOLUTE
    ../fplib/fmul.s                          0x00000000   Number         0  fmul.o ABSOLUTE
    ../fplib/fnaninf.s                       0x00000000   Number         0  fnaninf.o ABSOLUTE
    ../fplib/fpinit.s                        0x00000000   Number         0  fpinit.o ABSOLUTE
    ../fplib/fretinf.s                       0x00000000   Number         0  fretinf.o ABSOLUTE
    ../fplib/retnan.s                        0x00000000   Number         0  retnan.o ABSOLUTE
    ../fplib/scalbn.s                        0x00000000   Number         0  scalbn.o ABSOLUTE
    ../fplib/trapv.s                         0x00000000   Number         0  trapv.o ABSOLUTE
    ../fplib/usenofp.s                       0x00000000   Number         0  usenofp.o ABSOLUTE
    ../mathlib/asin.c                        0x00000000   Number         0  asin.o ABSOLUTE
    ../mathlib/asin.c                        0x00000000   Number         0  asin_x.o ABSOLUTE
    ../mathlib/atan.c                        0x00000000   Number         0  atan_x.o ABSOLUTE
    ../mathlib/atan.c                        0x00000000   Number         0  atan.o ABSOLUTE
    ../mathlib/atan2.c                       0x00000000   Number         0  atan2_x.o ABSOLUTE
    ../mathlib/atan2.c                       0x00000000   Number         0  atan2.o ABSOLUTE
    ../mathlib/cos.c                         0x00000000   Number         0  cos_x.o ABSOLUTE
    ../mathlib/cos.c                         0x00000000   Number         0  cos.o ABSOLUTE
    ../mathlib/cos_i.c                       0x00000000   Number         0  cos_i.o ABSOLUTE
    ../mathlib/dunder.c                      0x00000000   Number         0  dunder.o ABSOLUTE
    ../mathlib/fpclassify.c                  0x00000000   Number         0  fpclassify.o ABSOLUTE
    ../mathlib/poly.c                        0x00000000   Number         0  poly.o ABSOLUTE
    ../mathlib/qnan.c                        0x00000000   Number         0  qnan.o ABSOLUTE
    ../mathlib/rred.c                        0x00000000   Number         0  rred.o ABSOLUTE
    ../mathlib/sin.c                         0x00000000   Number         0  sin.o ABSOLUTE
    ../mathlib/sin.c                         0x00000000   Number         0  sin_x.o ABSOLUTE
    ../mathlib/sin_i.c                       0x00000000   Number         0  sin_i.o ABSOLUTE
    ../mathlib/sin_i.c                       0x00000000   Number         0  sin_i_x.o ABSOLUTE
    ../mathlib/sqrt.c                        0x00000000   Number         0  sqrt_x.o ABSOLUTE
    ../mathlib/sqrt.c                        0x00000000   Number         0  sqrt.o ABSOLUTE
    ..\CMSIS\core_cm3.c                      0x00000000   Number         0  core_cm3.o ABSOLUTE
    ..\CMSIS\startup\startup_stm32f10x_md.s  0x00000000   Number         0  startup_stm32f10x_md.o ABSOLUTE
    ..\CMSIS\system_stm32f10x.c              0x00000000   Number         0  system_stm32f10x.o ABSOLUTE
    ..\Lib\src\misc.c                        0x00000000   Number         0  misc.o ABSOLUTE
    ..\Lib\src\stm32f10x_exti.c              0x00000000   Number         0  stm32f10x_exti.o ABSOLUTE
    ..\Lib\src\stm32f10x_flash.c             0x00000000   Number         0  stm32f10x_flash.o ABSOLUTE
    ..\Lib\src\stm32f10x_gpio.c              0x00000000   Number         0  stm32f10x_gpio.o ABSOLUTE
    ..\Lib\src\stm32f10x_rcc.c               0x00000000   Number         0  stm32f10x_rcc.o ABSOLUTE
    ..\Lib\src\stm32f10x_tim.c               0x00000000   Number         0  stm32f10x_tim.o ABSOLUTE
    ..\Lib\src\stm32f10x_usart.c             0x00000000   Number         0  stm32f10x_usart.o ABSOLUTE
    ..\User\Time.c                           0x00000000   Number         0  time.o ABSOLUTE
    ..\User\delay.c                          0x00000000   Number         0  delay.o ABSOLUTE
    ..\User\eMPL\Imu_Init_Position.c         0x00000000   Number         0  imu_init_position.o ABSOLUTE
    ..\User\eMPL\inv_imu_app.c               0x00000000   Number         0  inv_imu_app.o ABSOLUTE
    ..\User\eMPL\inv_mpu.c                   0x00000000   Number         0  inv_mpu.o ABSOLUTE
    ..\User\eMPL\inv_mpu_dmp_motion_driver.c 0x00000000   Number         0  inv_mpu_dmp_motion_driver.o ABSOLUTE
    ..\User\eMPL\mpu9250_driver.c            0x00000000   Number         0  mpu9250_driver.o ABSOLUTE
    ..\User\eMPL\my_inv_mpu.c                0x00000000   Number         0  my_inv_mpu.o ABSOLUTE
    ..\User\eMPL\stm32_mpu_iic.c             0x00000000   Number         0  stm32_mpu_iic.o ABSOLUTE
    ..\User\main.c                           0x00000000   Number         0  main.o ABSOLUTE
    ..\User\stm32f10x_it.c                   0x00000000   Number         0  stm32f10x_it.o ABSOLUTE
    ..\User\usart.c                          0x00000000   Number         0  usart.o ABSOLUTE
    ..\\CMSIS\\core_cm3.c                    0x00000000   Number         0  core_cm3.o ABSOLUTE
    dc.s                                     0x00000000   Number         0  dc.o ABSOLUTE
    RESET                                    0x08000000   Section      236  startup_stm32f10x_md.o(RESET)
    !!!main                                  0x080000ec   Section        8  __main.o(!!!main)
    !!!scatter                               0x080000f4   Section       52  __scatter.o(!!!scatter)
    !!handler_copy                           0x08000128   Section       26  __scatter_copy.o(!!handler_copy)
    !!handler_zi                             0x08000144   Section       28  __scatter_zi.o(!!handler_zi)
    .ARM.Collect$$libinit$$00000000          0x08000160   Section        2  libinit.o(.ARM.Collect$$libinit$$00000000)
    .ARM.Collect$$libinit$$00000002          0x08000162   Section        0  libinit2.o(.ARM.Collect$$libinit$$00000002)
    .ARM.Collect$$libinit$$00000008          0x08000162   Section        0  libinit2.o(.ARM.Collect$$libinit$$00000008)
    .ARM.Collect$$libinit$$0000000A          0x08000162   Section        0  libinit2.o(.ARM.Collect$$libinit$$0000000A)
    .ARM.Collect$$libinit$$0000000C          0x08000162   Section        0  libinit2.o(.ARM.Collect$$libinit$$0000000C)
    .ARM.Collect$$libinit$$0000000F          0x08000162   Section        0  libinit2.o(.ARM.Collect$$libinit$$0000000F)
    .ARM.Collect$$libinit$$00000011          0x08000162   Section        0  libinit2.o(.ARM.Collect$$libinit$$00000011)
    .ARM.Collect$$libinit$$00000013          0x08000162   Section        0  libinit2.o(.ARM.Collect$$libinit$$00000013)
    .ARM.Collect$$libinit$$00000015          0x08000162   Section        0  libinit2.o(.ARM.Collect$$libinit$$00000015)
    .ARM.Collect$$libinit$$00000017          0x08000162   Section        0  libinit2.o(.ARM.Collect$$libinit$$00000017)
    .ARM.Collect$$libinit$$00000019          0x08000162   Section        0  libinit2.o(.ARM.Collect$$libinit$$00000019)
    .ARM.Collect$$libinit$$0000001B          0x08000162   Section        0  libinit2.o(.ARM.Collect$$libinit$$0000001B)
    .ARM.Collect$$libinit$$0000001D          0x08000162   Section        0  libinit2.o(.ARM.Collect$$libinit$$0000001D)
    .ARM.Collect$$libinit$$0000001F          0x08000162   Section        0  libinit2.o(.ARM.Collect$$libinit$$0000001F)
    .ARM.Collect$$libinit$$00000021          0x08000162   Section        0  libinit2.o(.ARM.Collect$$libinit$$00000021)
    .ARM.Collect$$libinit$$00000023          0x08000162   Section        0  libinit2.o(.ARM.Collect$$libinit$$00000023)
    .ARM.Collect$$libinit$$0000002A          0x08000162   Section        0  libinit2.o(.ARM.Collect$$libinit$$0000002A)
    .ARM.Collect$$libinit$$0000002C          0x08000162   Section        0  libinit2.o(.ARM.Collect$$libinit$$0000002C)
    .ARM.Collect$$libinit$$0000002E          0x08000162   Section        0  libinit2.o(.ARM.Collect$$libinit$$0000002E)
    .ARM.Collect$$libinit$$00000030          0x08000162   Section        0  libinit2.o(.ARM.Collect$$libinit$$00000030)
    .ARM.Collect$$libinit$$00000031          0x08000162   Section        2  libinit2.o(.ARM.Collect$$libinit$$00000031)
    .ARM.Collect$$libshutdown$$00000000      0x08000164   Section        2  libshutdown.o(.ARM.Collect$$libshutdown$$00000000)
    .ARM.Collect$$libshutdown$$00000003      0x08000166   Section        0  libshutdown2.o(.ARM.Collect$$libshutdown$$00000003)
    .ARM.Collect$$libshutdown$$00000006      0x08000166   Section        0  libshutdown2.o(.ARM.Collect$$libshutdown$$00000006)
    .ARM.Collect$$libshutdown$$00000009      0x08000166   Section        0  libshutdown2.o(.ARM.Collect$$libshutdown$$00000009)
    .ARM.Collect$$libshutdown$$0000000B      0x08000166   Section        0  libshutdown2.o(.ARM.Collect$$libshutdown$$0000000B)
    .ARM.Collect$$libshutdown$$0000000E      0x08000166   Section        0  libshutdown2.o(.ARM.Collect$$libshutdown$$0000000E)
    .ARM.Collect$$libshutdown$$0000000F      0x08000166   Section        2  libshutdown2.o(.ARM.Collect$$libshutdown$$0000000F)
    .ARM.Collect$$rtentry$$00000000          0x08000168   Section        0  rtentry.o(.ARM.Collect$$rtentry$$00000000)
    .ARM.Collect$$rtentry$$00000002          0x08000168   Section        0  rtentry2.o(.ARM.Collect$$rtentry$$00000002)
    .ARM.Collect$$rtentry$$00000004          0x08000168   Section        6  rtentry4.o(.ARM.Collect$$rtentry$$00000004)
    .ARM.Collect$$rtentry$$00000009          0x0800016e   Section        0  rtentry2.o(.ARM.Collect$$rtentry$$00000009)
    .ARM.Collect$$rtentry$$0000000A          0x0800016e   Section        4  rtentry2.o(.ARM.Collect$$rtentry$$0000000A)
    .ARM.Collect$$rtentry$$0000000C          0x08000172   Section        0  rtentry2.o(.ARM.Collect$$rtentry$$0000000C)
    .ARM.Collect$$rtentry$$0000000D          0x08000172   Section        8  rtentry2.o(.ARM.Collect$$rtentry$$0000000D)
    .ARM.Collect$$rtexit$$00000000           0x0800017a   Section        2  rtexit.o(.ARM.Collect$$rtexit$$00000000)
    .ARM.Collect$$rtexit$$00000002           0x0800017c   Section        0  rtexit2.o(.ARM.Collect$$rtexit$$00000002)
    .ARM.Collect$$rtexit$$00000003           0x0800017c   Section        4  rtexit2.o(.ARM.Collect$$rtexit$$00000003)
    .ARM.Collect$$rtexit$$00000004           0x08000180   Section        6  rtexit2.o(.ARM.Collect$$rtexit$$00000004)
    .text                                    0x08000188   Section        0  system_stm32f10x.o(.text)
    SetSysClockTo72                          0x08000189   Thumb Code   214  system_stm32f10x.o(.text)
    SetSysClock                              0x0800025f   Thumb Code     8  system_stm32f10x.o(.text)
    .text                                    0x08000368   Section       64  startup_stm32f10x_md.o(.text)
    .text                                    0x080003a8   Section        0  misc.o(.text)
    .text                                    0x08000484   Section        0  stm32f10x_gpio.o(.text)
    .text                                    0x080007e0   Section        0  stm32f10x_rcc.o(.text)
    .text                                    0x08000b84   Section        0  stm32f10x_usart.o(.text)
    .text                                    0x08000f8c   Section        0  main.o(.text)
    .text                                    0x080013b4   Section        0  delay.o(.text)
    .text                                    0x080013f2   Section        0  stm32f10x_it.o(.text)
    .text                                    0x0800140c   Section        0  usart.o(.text)
    .text                                    0x080015e4   Section        0  time.o(.text)
    .text                                    0x08001630   Section        0  inv_mpu.o(.text)
    set_int_enable                           0x08001631   Thumb Code   138  inv_mpu.o(.text)
    setup_compass                            0x08001ab7   Thumb Code   570  inv_mpu.o(.text)
    get_st_biases                            0x08002b47   Thumb Code  1132  inv_mpu.o(.text)
    .text                                    0x080035e4   Section        0  inv_mpu_dmp_motion_driver.o(.text)
    decode_gesture                           0x08004099   Thumb Code    94  inv_mpu_dmp_motion_driver.o(.text)
    .text                                    0x08004354   Section        0  my_inv_mpu.o(.text)
    inv_row_2_scale                          0x08004355   Thumb Code    78  my_inv_mpu.o(.text)
    inv_orientation_matrix_to_scalar         0x080043a3   Thumb Code    40  my_inv_mpu.o(.text)
    run_self_test                            0x080043cb   Thumb Code   156  my_inv_mpu.o(.text)
    .text                                    0x08004b28   Section        0  stm32_mpu_iic.o(.text)
    I2C_delay                                0x08004b29   Thumb Code    22  stm32_mpu_iic.o(.text)
    I2C_Start                                0x08004b65   Thumb Code    86  stm32_mpu_iic.o(.text)
    I2C_Stop                                 0x08004bbb   Thumb Code    52  stm32_mpu_iic.o(.text)
    I2C_Ack                                  0x08004bef   Thumb Code    52  stm32_mpu_iic.o(.text)
    I2C_NoAck                                0x08004c23   Thumb Code    52  stm32_mpu_iic.o(.text)
    I2C_WaitAck                              0x08004c57   Thumb Code    74  stm32_mpu_iic.o(.text)
    I2C_SendByte                             0x08004ca1   Thumb Code    84  stm32_mpu_iic.o(.text)
    I2C_ReceiveByte                          0x08004cf5   Thumb Code    82  stm32_mpu_iic.o(.text)
    .text                                    0x08004ec0   Section        0  mpu9250_driver.o(.text)
    .text                                    0x080053f4   Section        0  imu_init_position.o(.text)
    .text                                    0x080058c8   Section        0  inv_imu_app.o(.text)
    .text                                    0x080059c4   Section       72  llsdiv.o(.text)
    .text                                    0x08005a0c   Section        0  memcmp.o(.text)
    .text                                    0x08005a64   Section       16  aeabi_memset.o(.text)
    .text                                    0x08005a74   Section       78  rt_memclr_w.o(.text)
    .text                                    0x08005ac2   Section        0  heapauxi.o(.text)
    .text                                    0x08005ac8   Section      238  lludivv7m.o(.text)
    .text                                    0x08005bb6   Section        0  _rserrno.o(.text)
    .text                                    0x08005bcc   Section       68  rt_memclr.o(.text)
    .text                                    0x08005c10   Section        8  rt_errno_addr_intlibspace.o(.text)
    .text                                    0x08005c18   Section        8  libspace.o(.text)
    .text                                    0x08005c20   Section       74  sys_stackheap_outer.o(.text)
    .text                                    0x08005c6a   Section        0  exit.o(.text)
    .text                                    0x08005c78   Section        0  sys_exit.o(.text)
    .text                                    0x08005c84   Section        2  use_no_semi.o(.text)
    .text                                    0x08005c86   Section        0  indicate_semi.o(.text)
    i.__ARM_fpclassify                       0x08005c86   Section        0  fpclassify.o(i.__ARM_fpclassify)
    i.__ieee754_rem_pio2                     0x08005cb0   Section        0  rred.o(i.__ieee754_rem_pio2)
    i.__kernel_cos                           0x08006038   Section        0  cos_i.o(i.__kernel_cos)
    i.__kernel_poly                          0x08006134   Section        0  poly.o(i.__kernel_poly)
    i.__kernel_sin                           0x080061e0   Section        0  sin_i.o(i.__kernel_sin)
    i.__mathlib_dbl_underflow                0x080062cc   Section        0  dunder.o(i.__mathlib_dbl_underflow)
    i.asin                                   0x080062dc   Section        0  asin.o(i.asin)
    i.atan                                   0x08006558   Section        0  atan.o(i.atan)
    i.atan2                                  0x0800677c   Section        0  atan2.o(i.atan2)
    i.cos                                    0x080068fc   Section        0  cos.o(i.cos)
    i.sin                                    0x080069a8   Section        0  sin.o(i.sin)
    i.sqrt                                   0x08006a58   Section        0  sqrt.o(i.sqrt)
    x$fpl$d2f                                0x08006aa4   Section       98  d2f.o(x$fpl$d2f)
    x$fpl$dadd                               0x08006b08   Section      336  daddsub_clz.o(x$fpl$dadd)
    _dadd1                                   0x08006b19   Thumb Code     0  daddsub_clz.o(x$fpl$dadd)
    x$fpl$dcheck1                            0x08006c58   Section       16  dcheck1.o(x$fpl$dcheck1)
    x$fpl$dcmpinf                            0x08006c68   Section       24  dcmpi.o(x$fpl$dcmpinf)
    x$fpl$ddiv                               0x08006c80   Section      688  ddiv.o(x$fpl$ddiv)
    ddiv_entry                               0x08006c87   Thumb Code     0  ddiv.o(x$fpl$ddiv)
    x$fpl$dfix                               0x08006f30   Section       94  dfix.o(x$fpl$dfix)
    x$fpl$dflt                               0x08006f8e   Section       46  dflt_clz.o(x$fpl$dflt)
    x$fpl$dfltu                              0x08006fbc   Section       38  dflt_clz.o(x$fpl$dfltu)
    x$fpl$dleqf                              0x08006fe4   Section      120  dleqf.o(x$fpl$dleqf)
    x$fpl$dmul                               0x0800705c   Section      340  dmul.o(x$fpl$dmul)
    x$fpl$dnaninf                            0x080071b0   Section      156  dnaninf.o(x$fpl$dnaninf)
    x$fpl$dretinf                            0x0800724c   Section       12  dretinf.o(x$fpl$dretinf)
    x$fpl$drleqf                             0x08007258   Section      108  drleqf.o(x$fpl$drleqf)
    x$fpl$drsb                               0x080072c4   Section       22  daddsub_clz.o(x$fpl$drsb)
    x$fpl$dsqrt                              0x080072dc   Section      460  dsqrt_noumaal.o(x$fpl$dsqrt)
    x$fpl$dsub                               0x080074a8   Section      468  daddsub_clz.o(x$fpl$dsub)
    _dsub1                                   0x080074b9   Thumb Code     0  daddsub_clz.o(x$fpl$dsub)
    x$fpl$f2d                                0x0800767c   Section       86  f2d.o(x$fpl$f2d)
    x$fpl$fadd                               0x080076d4   Section      196  faddsub_clz.o(x$fpl$fadd)
    _fadd1                                   0x080076e3   Thumb Code     0  faddsub_clz.o(x$fpl$fadd)
    x$fpl$fdiv                               0x08007798   Section      388  fdiv.o(x$fpl$fdiv)
    _fdiv1                                   0x08007799   Thumb Code     0  fdiv.o(x$fpl$fdiv)
    x$fpl$ffix                               0x0800791c   Section       54  ffix.o(x$fpl$ffix)
    x$fpl$ffixu                              0x08007954   Section       62  ffixu.o(x$fpl$ffixu)
    x$fpl$fflt                               0x08007994   Section       48  fflt_clz.o(x$fpl$fflt)
    x$fpl$ffltu                              0x080079c4   Section       38  fflt_clz.o(x$fpl$ffltu)
    x$fpl$fmul                               0x080079ec   Section      258  fmul.o(x$fpl$fmul)
    x$fpl$fnaninf                            0x08007aee   Section      140  fnaninf.o(x$fpl$fnaninf)
    x$fpl$fretinf                            0x08007b7a   Section       10  fretinf.o(x$fpl$fretinf)
    x$fpl$fsub                               0x08007b84   Section      234  faddsub_clz.o(x$fpl$fsub)
    _fsub1                                   0x08007b93   Thumb Code     0  faddsub_clz.o(x$fpl$fsub)
    x$fpl$retnan                             0x08007c6e   Section      100  retnan.o(x$fpl$retnan)
    x$fpl$scalbn                             0x08007cd2   Section       92  scalbn.o(x$fpl$scalbn)
    x$fpl$trapveneer                         0x08007d2e   Section       48  trapv.o(x$fpl$trapveneer)
    x$fpl$usenofp                            0x08007d5e   Section        0  usenofp.o(x$fpl$usenofp)
    .constdata                               0x08007d60   Section       96  inv_mpu.o(.constdata)
    .constdata                               0x08007dc0   Section     3062  inv_mpu_dmp_motion_driver.o(.constdata)
    dmp_memory                               0x08007dc0   Data        3062  inv_mpu_dmp_motion_driver.o(.constdata)
    .constdata                               0x080089b8   Section       12  imu_init_position.o(.constdata)
    .constdata                               0x080089c8   Section       80  asin.o(.constdata)
    pS                                       0x080089c8   Data          48  asin.o(.constdata)
    qS                                       0x080089f8   Data          32  asin.o(.constdata)
    .constdata                               0x08008a18   Section      152  atan.o(.constdata)
    atanhi                                   0x08008a18   Data          32  atan.o(.constdata)
    atanlo                                   0x08008a38   Data          32  atan.o(.constdata)
    aTodd                                    0x08008a58   Data          40  atan.o(.constdata)
    aTeven                                   0x08008a80   Data          48  atan.o(.constdata)
    .constdata                               0x08008ab0   Section       48  cos_i.o(.constdata)
    C                                        0x08008ab0   Data          48  cos_i.o(.constdata)
    .constdata                               0x08008ae0   Section        8  qnan.o(.constdata)
    .constdata                               0x08008ae8   Section      200  rred.o(.constdata)
    pio2s                                    0x08008ae8   Data          48  rred.o(.constdata)
    twooverpi                                0x08008b18   Data         152  rred.o(.constdata)
    .constdata                               0x08008bb0   Section       40  sin_i.o(.constdata)
    S                                        0x08008bb0   Data          40  sin_i.o(.constdata)
    .data                                    0x20000000   Section       20  system_stm32f10x.o(.data)
    .data                                    0x20000014   Section       20  stm32f10x_rcc.o(.data)
    APBAHBPrescTable                         0x20000014   Data          16  stm32f10x_rcc.o(.data)
    ADCPrescTable                            0x20000024   Data           4  stm32f10x_rcc.o(.data)
    .data                                    0x20000028   Section       56  inv_mpu.o(.data)
    st                                       0x20000028   Data          56  inv_mpu.o(.data)
    .data                                    0x20000060   Section       26  my_inv_mpu.o(.data)
    gyro_orientation                         0x20000071   Data           9  my_inv_mpu.o(.data)
    .data                                    0x2000007a   Section       32  mpu9250_driver.o(.data)
    .data                                    0x2000009c   Section       52  imu_init_position.o(.data)
    Init_Pitch                               0x2000009c   Data           4  imu_init_position.o(.data)
    Init_Roll                                0x200000a0   Data           4  imu_init_position.o(.data)
    Init_Yaw                                 0x200000a4   Data           4  imu_init_position.o(.data)
    .bss                                     0x200000d0   Section       16  inv_mpu_dmp_motion_driver.o(.bss)
    dmp                                      0x200000d0   Data          16  inv_mpu_dmp_motion_driver.o(.bss)
    .bss                                     0x200000e0   Section       36  imu_init_position.o(.bss)
    .bss                                     0x20000104   Section       96  libspace.o(.bss)
    HEAP                                     0x20000168   Section      512  startup_stm32f10x_md.o(HEAP)
    Heap_Mem                                 0x20000168   Data         512  startup_stm32f10x_md.o(HEAP)
    STACK                                    0x20000368   Section     1024  startup_stm32f10x_md.o(STACK)
    Stack_Mem                                0x20000368   Data        1024  startup_stm32f10x_md.o(STACK)
    __initial_sp                             0x20000768   Data           0  startup_stm32f10x_md.o(STACK)

    Global Symbols

    Symbol Name                              Value     Ov Type        Size  Object(Section)

    BuildAttributes$$THM_ISAv4$P$D$K$B$S$PE$A:L22UL41UL21$X:L11$S22US41US21$IEEE1$IW$USESV6$~STKCKD$USESV7$~SHL$OTIME$ROPI$IEEEX$EBA8$UX$STANDARDLIB$REQ8$PRES8$EABIv2 0x00000000   Number         0  anon$$obj.o ABSOLUTE
    __ARM_use_no_argv                        0x00000000   Number         0  main.o ABSOLUTE
    __ARM_exceptions_init                     - Undefined Weak Reference
    __alloca_initialize                       - Undefined Weak Reference
    __cpp_initialize__aeabi_                  - Undefined Weak Reference
    __cxa_finalize                            - Undefined Weak Reference
    __rt_locale                               - Undefined Weak Reference
    __sigvec_lookup                           - Undefined Weak Reference
    _atexit_init                              - Undefined Weak Reference
    _call_atexit_fns                          - Undefined Weak Reference
    _clock_init                               - Undefined Weak Reference
    _fp_trap_init                             - Undefined Weak Reference
    _fp_trap_shutdown                         - Undefined Weak Reference
    _get_lc_collate                           - Undefined Weak Reference
    _get_lc_ctype                             - Undefined Weak Reference
    _get_lc_monetary                          - Undefined Weak Reference
    _get_lc_numeric                           - Undefined Weak Reference
    _get_lc_time                              - Undefined Weak Reference
    _getenv_init                              - Undefined Weak Reference
    _handle_redirection                       - Undefined Weak Reference
    _init_alloc                               - Undefined Weak Reference
    _init_user_alloc                          - Undefined Weak Reference
    _initio                                   - Undefined Weak Reference
    _rand_init                                - Undefined Weak Reference
    _signal_finish                            - Undefined Weak Reference
    _signal_init                              - Undefined Weak Reference
    _terminate_alloc                          - Undefined Weak Reference
    _terminate_user_alloc                     - Undefined Weak Reference
    _terminateio                              - Undefined Weak Reference
    __Vectors_Size                           0x000000ec   Number         0  startup_stm32f10x_md.o ABSOLUTE
    __Vectors                                0x08000000   Data           4  startup_stm32f10x_md.o(RESET)
    __Vectors_End                            0x080000ec   Data           0  startup_stm32f10x_md.o(RESET)
    __main                                   0x080000ed   Thumb Code     8  __main.o(!!!main)
    __scatterload                            0x080000f5   Thumb Code     0  __scatter.o(!!!scatter)
    __scatterload_rt2                        0x080000f5   Thumb Code    44  __scatter.o(!!!scatter)
    __scatterload_rt2_thumb_only             0x080000f5   Thumb Code     0  __scatter.o(!!!scatter)
    __scatterload_null                       0x08000103   Thumb Code     0  __scatter.o(!!!scatter)
    __scatterload_copy                       0x08000129   Thumb Code    26  __scatter_copy.o(!!handler_copy)
    __scatterload_zeroinit                   0x08000145   Thumb Code    28  __scatter_zi.o(!!handler_zi)
    __rt_lib_init                            0x08000161   Thumb Code     0  libinit.o(.ARM.Collect$$libinit$$00000000)
    __rt_lib_init_alloca_1                   0x08000163   Thumb Code     0  libinit2.o(.ARM.Collect$$libinit$$0000002C)
    __rt_lib_init_argv_1                     0x08000163   Thumb Code     0  libinit2.o(.ARM.Collect$$libinit$$0000002A)
    __rt_lib_init_atexit_1                   0x08000163   Thumb Code     0  libinit2.o(.ARM.Collect$$libinit$$00000019)
    __rt_lib_init_clock_1                    0x08000163   Thumb Code     0  libinit2.o(.ARM.Collect$$libinit$$0000001F)
    __rt_lib_init_cpp_1                      0x08000163   Thumb Code     0  libinit2.o(.ARM.Collect$$libinit$$00000030)
    __rt_lib_init_exceptions_1               0x08000163   Thumb Code     0  libinit2.o(.ARM.Collect$$libinit$$0000002E)
    __rt_lib_init_fp_1                       0x08000163   Thumb Code     0  libinit2.o(.ARM.Collect$$libinit$$00000002)
    __rt_lib_init_fp_trap_1                  0x08000163   Thumb Code     0  libinit2.o(.ARM.Collect$$libinit$$0000001D)
    __rt_lib_init_getenv_1                   0x08000163   Thumb Code     0  libinit2.o(.ARM.Collect$$libinit$$00000021)
    __rt_lib_init_heap_1                     0x08000163   Thumb Code     0  libinit2.o(.ARM.Collect$$libinit$$00000008)
    __rt_lib_init_lc_collate_1               0x08000163   Thumb Code     0  libinit2.o(.ARM.Collect$$libinit$$0000000F)
    __rt_lib_init_lc_ctype_1                 0x08000163   Thumb Code     0  libinit2.o(.ARM.Collect$$libinit$$00000011)
    __rt_lib_init_lc_monetary_1              0x08000163   Thumb Code     0  libinit2.o(.ARM.Collect$$libinit$$00000013)
    __rt_lib_init_lc_numeric_1               0x08000163   Thumb Code     0  libinit2.o(.ARM.Collect$$libinit$$00000015)
    __rt_lib_init_lc_time_1                  0x08000163   Thumb Code     0  libinit2.o(.ARM.Collect$$libinit$$00000017)
    __rt_lib_init_rand_1                     0x08000163   Thumb Code     0  libinit2.o(.ARM.Collect$$libinit$$0000000C)
    __rt_lib_init_return                     0x08000163   Thumb Code     0  libinit2.o(.ARM.Collect$$libinit$$00000031)
    __rt_lib_init_signal_1                   0x08000163   Thumb Code     0  libinit2.o(.ARM.Collect$$libinit$$0000001B)
    __rt_lib_init_stdio_1                    0x08000163   Thumb Code     0  libinit2.o(.ARM.Collect$$libinit$$00000023)
    __rt_lib_init_user_alloc_1               0x08000163   Thumb Code     0  libinit2.o(.ARM.Collect$$libinit$$0000000A)
    __rt_lib_shutdown                        0x08000165   Thumb Code     0  libshutdown.o(.ARM.Collect$$libshutdown$$00000000)
    __rt_lib_shutdown_fp_trap_1              0x08000167   Thumb Code     0  libshutdown2.o(.ARM.Collect$$libshutdown$$00000006)
    __rt_lib_shutdown_heap_1                 0x08000167   Thumb Code     0  libshutdown2.o(.ARM.Collect$$libshutdown$$0000000E)
    __rt_lib_shutdown_return                 0x08000167   Thumb Code     0  libshutdown2.o(.ARM.Collect$$libshutdown$$0000000F)
    __rt_lib_shutdown_signal_1               0x08000167   Thumb Code     0  libshutdown2.o(.ARM.Collect$$libshutdown$$00000009)
    __rt_lib_shutdown_stdio_1                0x08000167   Thumb Code     0  libshutdown2.o(.ARM.Collect$$libshutdown$$00000003)
    __rt_lib_shutdown_user_alloc_1           0x08000167   Thumb Code     0  libshutdown2.o(.ARM.Collect$$libshutdown$$0000000B)
    __rt_entry                               0x08000169   Thumb Code     0  rtentry.o(.ARM.Collect$$rtentry$$00000000)
    __rt_entry_presh_1                       0x08000169   Thumb Code     0  rtentry2.o(.ARM.Collect$$rtentry$$00000002)
    __rt_entry_sh                            0x08000169   Thumb Code     0  rtentry4.o(.ARM.Collect$$rtentry$$00000004)
    __rt_entry_li                            0x0800016f   Thumb Code     0  rtentry2.o(.ARM.Collect$$rtentry$$0000000A)
    __rt_entry_postsh_1                      0x0800016f   Thumb Code     0  rtentry2.o(.ARM.Collect$$rtentry$$00000009)
    __rt_entry_main                          0x08000173   Thumb Code     0  rtentry2.o(.ARM.Collect$$rtentry$$0000000D)
    __rt_entry_postli_1                      0x08000173   Thumb Code     0  rtentry2.o(.ARM.Collect$$rtentry$$0000000C)
    __rt_exit                                0x0800017b   Thumb Code     0  rtexit.o(.ARM.Collect$$rtexit$$00000000)
    __rt_exit_ls                             0x0800017d   Thumb Code     0  rtexit2.o(.ARM.Collect$$rtexit$$00000003)
    __rt_exit_prels_1                        0x0800017d   Thumb Code     0  rtexit2.o(.ARM.Collect$$rtexit$$00000002)
    __rt_exit_exit                           0x08000181   Thumb Code     0  rtexit2.o(.ARM.Collect$$rtexit$$00000004)
    SystemInit                               0x08000267   Thumb Code    78  system_stm32f10x.o(.text)
    SystemCoreClockUpdate                    0x080002b5   Thumb Code   142  system_stm32f10x.o(.text)
    Reset_Handler                            0x08000369   Thumb Code     8  startup_stm32f10x_md.o(.text)
    ADC1_2_IRQHandler                        0x08000383   Thumb Code     0  startup_stm32f10x_md.o(.text)
    CAN1_RX1_IRQHandler                      0x08000383   Thumb Code     0  startup_stm32f10x_md.o(.text)
    CAN1_SCE_IRQHandler                      0x08000383   Thumb Code     0  startup_stm32f10x_md.o(.text)
    DMA1_Channel1_IRQHandler                 0x08000383   Thumb Code     0  startup_stm32f10x_md.o(.text)
    DMA1_Channel2_IRQHandler                 0x08000383   Thumb Code     0  startup_stm32f10x_md.o(.text)
    DMA1_Channel3_IRQHandler                 0x08000383   Thumb Code     0  startup_stm32f10x_md.o(.text)
    DMA1_Channel4_IRQHandler                 0x08000383   Thumb Code     0  startup_stm32f10x_md.o(.text)
    DMA1_Channel5_IRQHandler                 0x08000383   Thumb Code     0  startup_stm32f10x_md.o(.text)
    DMA1_Channel6_IRQHandler                 0x08000383   Thumb Code     0  startup_stm32f10x_md.o(.text)
    DMA1_Channel7_IRQHandler                 0x08000383   Thumb Code     0  startup_stm32f10x_md.o(.text)
    EXTI0_IRQHandler                         0x08000383   Thumb Code     0  startup_stm32f10x_md.o(.text)
    EXTI15_10_IRQHandler                     0x08000383   Thumb Code     0  startup_stm32f10x_md.o(.text)
    EXTI1_IRQHandler                         0x08000383   Thumb Code     0  startup_stm32f10x_md.o(.text)
    EXTI2_IRQHandler                         0x08000383   Thumb Code     0  startup_stm32f10x_md.o(.text)
    EXTI3_IRQHandler                         0x08000383   Thumb Code     0  startup_stm32f10x_md.o(.text)
    EXTI4_IRQHandler                         0x08000383   Thumb Code     0  startup_stm32f10x_md.o(.text)
    EXTI9_5_IRQHandler                       0x08000383   Thumb Code     0  startup_stm32f10x_md.o(.text)
    FLASH_IRQHandler                         0x08000383   Thumb Code     0  startup_stm32f10x_md.o(.text)
    I2C1_ER_IRQHandler                       0x08000383   Thumb Code     0  startup_stm32f10x_md.o(.text)
    I2C1_EV_IRQHandler                       0x08000383   Thumb Code     0  startup_stm32f10x_md.o(.text)
    I2C2_ER_IRQHandler                       0x08000383   Thumb Code     0  startup_stm32f10x_md.o(.text)
    I2C2_EV_IRQHandler                       0x08000383   Thumb Code     0  startup_stm32f10x_md.o(.text)
    PVD_IRQHandler                           0x08000383   Thumb Code     0  startup_stm32f10x_md.o(.text)
    RCC_IRQHandler                           0x08000383   Thumb Code     0  startup_stm32f10x_md.o(.text)
    RTCAlarm_IRQHandler                      0x08000383   Thumb Code     0  startup_stm32f10x_md.o(.text)
    RTC_IRQHandler                           0x08000383   Thumb Code     0  startup_stm32f10x_md.o(.text)
    SPI1_IRQHandler                          0x08000383   Thumb Code     0  startup_stm32f10x_md.o(.text)
    SPI2_IRQHandler                          0x08000383   Thumb Code     0  startup_stm32f10x_md.o(.text)
    TAMPER_IRQHandler                        0x08000383   Thumb Code     0  startup_stm32f10x_md.o(.text)
    TIM1_BRK_IRQHandler                      0x08000383   Thumb Code     0  startup_stm32f10x_md.o(.text)
    TIM1_CC_IRQHandler                       0x08000383   Thumb Code     0  startup_stm32f10x_md.o(.text)
    TIM1_TRG_COM_IRQHandler                  0x08000383   Thumb Code     0  startup_stm32f10x_md.o(.text)
    TIM1_UP_IRQHandler                       0x08000383   Thumb Code     0  startup_stm32f10x_md.o(.text)
    TIM2_IRQHandler                          0x08000383   Thumb Code     0  startup_stm32f10x_md.o(.text)
    TIM3_IRQHandler                          0x08000383   Thumb Code     0  startup_stm32f10x_md.o(.text)
    TIM4_IRQHandler                          0x08000383   Thumb Code     0  startup_stm32f10x_md.o(.text)
    USART1_IRQHandler                        0x08000383   Thumb Code     0  startup_stm32f10x_md.o(.text)
    USART2_IRQHandler                        0x08000383   Thumb Code     0  startup_stm32f10x_md.o(.text)
    USART3_IRQHandler                        0x08000383   Thumb Code     0  startup_stm32f10x_md.o(.text)
    USBWakeUp_IRQHandler                     0x08000383   Thumb Code     0  startup_stm32f10x_md.o(.text)
    USB_HP_CAN1_TX_IRQHandler                0x08000383   Thumb Code     0  startup_stm32f10x_md.o(.text)
    USB_LP_CAN1_RX0_IRQHandler               0x08000383   Thumb Code     0  startup_stm32f10x_md.o(.text)
    WWDG_IRQHandler                          0x08000383   Thumb Code     0  startup_stm32f10x_md.o(.text)
    __user_initial_stackheap                 0x08000385   Thumb Code     0  startup_stm32f10x_md.o(.text)
    NVIC_PriorityGroupConfig                 0x080003a9   Thumb Code    10  misc.o(.text)
    NVIC_Init                                0x080003b3   Thumb Code   100  misc.o(.text)
    NVIC_SetVectorTable                      0x08000417   Thumb Code    14  misc.o(.text)
    NVIC_SystemLPConfig                      0x08000425   Thumb Code    34  misc.o(.text)
    SysTick_CLKSourceConfig                  0x08000447   Thumb Code    40  misc.o(.text)
    GPIO_DeInit                              0x08000485   Thumb Code   172  stm32f10x_gpio.o(.text)
    GPIO_AFIODeInit                          0x08000531   Thumb Code    20  stm32f10x_gpio.o(.text)
    GPIO_Init                                0x08000545   Thumb Code   278  stm32f10x_gpio.o(.text)
    GPIO_StructInit                          0x0800065b   Thumb Code    16  stm32f10x_gpio.o(.text)
    GPIO_ReadInputDataBit                    0x0800066b   Thumb Code    18  stm32f10x_gpio.o(.text)
    GPIO_ReadInputData                       0x0800067d   Thumb Code     8  stm32f10x_gpio.o(.text)
    GPIO_ReadOutputDataBit                   0x08000685   Thumb Code    18  stm32f10x_gpio.o(.text)
    GPIO_ReadOutputData                      0x08000697   Thumb Code     8  stm32f10x_gpio.o(.text)
    GPIO_SetBits                             0x0800069f   Thumb Code     4  stm32f10x_gpio.o(.text)
    GPIO_ResetBits                           0x080006a3   Thumb Code     4  stm32f10x_gpio.o(.text)
    GPIO_WriteBit                            0x080006a7   Thumb Code    10  stm32f10x_gpio.o(.text)
    GPIO_Write                               0x080006b1   Thumb Code     4  stm32f10x_gpio.o(.text)
    GPIO_PinLockConfig                       0x080006b5   Thumb Code    18  stm32f10x_gpio.o(.text)
    GPIO_EventOutputConfig                   0x080006c7   Thumb Code    26  stm32f10x_gpio.o(.text)
    GPIO_EventOutputCmd                      0x080006e1   Thumb Code     6  stm32f10x_gpio.o(.text)
    GPIO_PinRemapConfig                      0x080006e7   Thumb Code   138  stm32f10x_gpio.o(.text)
    GPIO_EXTILineConfig                      0x08000771   Thumb Code    66  stm32f10x_gpio.o(.text)
    GPIO_ETH_MediaInterfaceConfig            0x080007b3   Thumb Code     8  stm32f10x_gpio.o(.text)
    RCC_DeInit                               0x080007e1   Thumb Code    64  stm32f10x_rcc.o(.text)
    RCC_HSEConfig                            0x08000821   Thumb Code    70  stm32f10x_rcc.o(.text)
    RCC_GetFlagStatus                        0x08000867   Thumb Code    56  stm32f10x_rcc.o(.text)
    RCC_WaitForHSEStartUp                    0x0800089f   Thumb Code    56  stm32f10x_rcc.o(.text)
    RCC_AdjustHSICalibrationValue            0x080008d7   Thumb Code    20  stm32f10x_rcc.o(.text)
    RCC_HSICmd                               0x080008eb   Thumb Code     6  stm32f10x_rcc.o(.text)
    RCC_PLLConfig                            0x080008f1   Thumb Code    24  stm32f10x_rcc.o(.text)
    RCC_PLLCmd                               0x08000909   Thumb Code     6  stm32f10x_rcc.o(.text)
    RCC_SYSCLKConfig                         0x0800090f   Thumb Code    18  stm32f10x_rcc.o(.text)
    RCC_GetSYSCLKSource                      0x08000921   Thumb Code    10  stm32f10x_rcc.o(.text)
    RCC_HCLKConfig                           0x0800092b   Thumb Code    18  stm32f10x_rcc.o(.text)
    RCC_PCLK1Config                          0x0800093d   Thumb Code    18  stm32f10x_rcc.o(.text)
    RCC_PCLK2Config                          0x0800094f   Thumb Code    20  stm32f10x_rcc.o(.text)
    RCC_ITConfig                             0x08000963   Thumb Code    26  stm32f10x_rcc.o(.text)
    RCC_USBCLKConfig                         0x0800097d   Thumb Code     8  stm32f10x_rcc.o(.text)
    RCC_ADCCLKConfig                         0x08000985   Thumb Code    18  stm32f10x_rcc.o(.text)
    RCC_LSEConfig                            0x08000997   Thumb Code    50  stm32f10x_rcc.o(.text)
    RCC_LSICmd                               0x080009c9   Thumb Code     6  stm32f10x_rcc.o(.text)
    RCC_RTCCLKConfig                         0x080009cf   Thumb Code    12  stm32f10x_rcc.o(.text)
    RCC_RTCCLKCmd                            0x080009db   Thumb Code     8  stm32f10x_rcc.o(.text)
    RCC_GetClocksFreq                        0x080009e3   Thumb Code   192  stm32f10x_rcc.o(.text)
    RCC_AHBPeriphClockCmd                    0x08000aa3   Thumb Code    26  stm32f10x_rcc.o(.text)
    RCC_APB2PeriphClockCmd                   0x08000abd   Thumb Code    26  stm32f10x_rcc.o(.text)
    RCC_APB1PeriphClockCmd                   0x08000ad7   Thumb Code    26  stm32f10x_rcc.o(.text)
    RCC_APB2PeriphResetCmd                   0x08000af1   Thumb Code    26  stm32f10x_rcc.o(.text)
    RCC_APB1PeriphResetCmd                   0x08000b0b   Thumb Code    26  stm32f10x_rcc.o(.text)
    RCC_BackupResetCmd                       0x08000b25   Thumb Code     8  stm32f10x_rcc.o(.text)
    RCC_ClockSecuritySystemCmd               0x08000b2d   Thumb Code     6  stm32f10x_rcc.o(.text)
    RCC_MCOConfig                            0x08000b33   Thumb Code     6  stm32f10x_rcc.o(.text)
    RCC_ClearFlag                            0x08000b39   Thumb Code    14  stm32f10x_rcc.o(.text)
    RCC_GetITStatus                          0x08000b47   Thumb Code    20  stm32f10x_rcc.o(.text)
    RCC_ClearITPendingBit                    0x08000b5b   Thumb Code     6  stm32f10x_rcc.o(.text)
    USART_DeInit                             0x08000b85   Thumb Code   134  stm32f10x_usart.o(.text)
    USART_Init                               0x08000c0b   Thumb Code   210  stm32f10x_usart.o(.text)
    USART_StructInit                         0x08000cdd   Thumb Code    24  stm32f10x_usart.o(.text)
    USART_ClockInit                          0x08000cf5   Thumb Code    34  stm32f10x_usart.o(.text)
    USART_ClockStructInit                    0x08000d17   Thumb Code    12  stm32f10x_usart.o(.text)
    USART_Cmd                                0x08000d23   Thumb Code    24  stm32f10x_usart.o(.text)
    USART_ITConfig                           0x08000d3b   Thumb Code    74  stm32f10x_usart.o(.text)
    USART_DMACmd                             0x08000d85   Thumb Code    18  stm32f10x_usart.o(.text)
    USART_SetAddress                         0x08000d97   Thumb Code    18  stm32f10x_usart.o(.text)
    USART_WakeUpConfig                       0x08000da9   Thumb Code    18  stm32f10x_usart.o(.text)
    USART_ReceiverWakeUpCmd                  0x08000dbb   Thumb Code    24  stm32f10x_usart.o(.text)
    USART_LINBreakDetectLengthConfig         0x08000dd3   Thumb Code    18  stm32f10x_usart.o(.text)
    USART_LINCmd                             0x08000de5   Thumb Code    24  stm32f10x_usart.o(.text)
    USART_SendData                           0x08000dfd   Thumb Code     8  stm32f10x_usart.o(.text)
    USART_ReceiveData                        0x08000e05   Thumb Code    10  stm32f10x_usart.o(.text)
    USART_SendBreak                          0x08000e0f   Thumb Code    10  stm32f10x_usart.o(.text)
    USART_SetGuardTime                       0x08000e19   Thumb Code    16  stm32f10x_usart.o(.text)
    USART_SetPrescaler                       0x08000e29   Thumb Code    16  stm32f10x_usart.o(.text)
    USART_SmartCardCmd                       0x08000e39   Thumb Code    24  stm32f10x_usart.o(.text)
    USART_SmartCardNACKCmd                   0x08000e51   Thumb Code    24  stm32f10x_usart.o(.text)
    USART_HalfDuplexCmd                      0x08000e69   Thumb Code    24  stm32f10x_usart.o(.text)
    USART_OverSampling8Cmd                   0x08000e81   Thumb Code    22  stm32f10x_usart.o(.text)
    USART_OneBitMethodCmd                    0x08000e97   Thumb Code    24  stm32f10x_usart.o(.text)
    USART_IrDAConfig                         0x08000eaf   Thumb Code    18  stm32f10x_usart.o(.text)
    USART_IrDACmd                            0x08000ec1   Thumb Code    24  stm32f10x_usart.o(.text)
    USART_GetFlagStatus                      0x08000ed9   Thumb Code    26  stm32f10x_usart.o(.text)
    USART_ClearFlag                          0x08000ef3   Thumb Code    18  stm32f10x_usart.o(.text)
    USART_GetITStatus                        0x08000f05   Thumb Code    84  stm32f10x_usart.o(.text)
    USART_ClearITPendingBit                  0x08000f59   Thumb Code    52  stm32f10x_usart.o(.text)
    LED_Config                               0x08000f8d   Thumb Code    50  main.o(.text)
    Send_Data                                0x08000fbf   Thumb Code   360  main.o(.text)
    Data_Send_Status                         0x08001127   Thumb Code   316  main.o(.text)
    main                                     0x08001263   Thumb Code   338  main.o(.text)
    delay_us                                 0x080013b5   Thumb Code    26  delay.o(.text)
    delay_ms                                 0x080013cf   Thumb Code    24  delay.o(.text)
    Delay                                    0x080013e7   Thumb Code    12  delay.o(.text)
    NMI_Handler                              0x080013f3   Thumb Code     2  stm32f10x_it.o(.text)
    HardFault_Handler                        0x080013f5   Thumb Code     4  stm32f10x_it.o(.text)
    MemManage_Handler                        0x080013f9   Thumb Code     4  stm32f10x_it.o(.text)
    BusFault_Handler                         0x080013fd   Thumb Code     4  stm32f10x_it.o(.text)
    UsageFault_Handler                       0x08001401   Thumb Code     4  stm32f10x_it.o(.text)
    SVC_Handler                              0x08001405   Thumb Code     2  stm32f10x_it.o(.text)
    DebugMon_Handler                         0x08001407   Thumb Code     2  stm32f10x_it.o(.text)
    PendSV_Handler                           0x08001409   Thumb Code     2  stm32f10x_it.o(.text)
    SysTick_Handler                          0x0800140b   Thumb Code     2  stm32f10x_it.o(.text)
    USART2_Config                            0x0800140d   Thumb Code   126  usart.o(.text)
    UsartSend                                0x0800148b   Thumb Code    28  usart.o(.text)
    Print                                    0x080014a7   Thumb Code    78  usart.o(.text)
    PrintInt                                 0x080014f5   Thumb Code   144  usart.o(.text)
    PrintChar                                0x08001585   Thumb Code    24  usart.o(.text)
    PrintHexInt16                            0x0800159d   Thumb Code    20  usart.o(.text)
    usart_INIT                               0x080015b1   Thumb Code    42  usart.o(.text)
    SYSTICK_INIT                             0x080015e5   Thumb Code    20  time.o(.text)
    GET_NOWTIME                              0x080015f9   Thumb Code    50  time.o(.text)
    get_ms                                   0x0800162b   Thumb Code     2  time.o(.text)
    mpu_reg_dump                             0x080016bb   Thumb Code    72  inv_mpu.o(.text)
    mpu_read_reg                             0x08001703   Thumb Code    66  inv_mpu.o(.text)
    mpu_set_int_latched                      0x08001745   Thumb Code   102  inv_mpu.o(.text)
    mpu_set_sensors                          0x080017ab   Thumb Code   354  inv_mpu.o(.text)
    mpu_set_compass_sample_rate              0x0800190d   Thumb Code    92  inv_mpu.o(.text)
    mpu_set_bypass                           0x08001969   Thumb Code   334  inv_mpu.o(.text)
    mpu_reset_fifo                           0x08001cf1   Thumb Code   474  inv_mpu.o(.text)
    mpu_configure_fifo                       0x08001ecb   Thumb Code   106  inv_mpu.o(.text)
    mpu_set_lpf                              0x08001f35   Thumb Code   126  inv_mpu.o(.text)
    mpu_lp_accel_mode                        0x08001fb3   Thumb Code   280  inv_mpu.o(.text)
    mpu_set_sample_rate                      0x080020cb   Thumb Code   174  inv_mpu.o(.text)
    mpu_set_accel_fsr                        0x08002179   Thumb Code   126  inv_mpu.o(.text)
    mpu_set_gyro_fsr                         0x080021f7   Thumb Code   138  inv_mpu.o(.text)
    mpu_init                                 0x08002281   Thumb Code   286  inv_mpu.o(.text)
    mpu_get_gyro_reg                         0x0800239f   Thumb Code   110  inv_mpu.o(.text)
    mpu_get_accel_reg                        0x0800240d   Thumb Code   110  inv_mpu.o(.text)
    mpu_get_temperature                      0x0800247b   Thumb Code   150  inv_mpu.o(.text)
    mpu_set_accel_bias                       0x08002511   Thumb Code   390  inv_mpu.o(.text)
    mpu_get_gyro_fsr                         0x08002697   Thumb Code    64  inv_mpu.o(.text)
    mpu_get_accel_fsr                        0x080026d7   Thumb Code    72  inv_mpu.o(.text)
    mpu_get_lpf                              0x0800271f   Thumb Code    74  inv_mpu.o(.text)
    mpu_get_sample_rate                      0x08002769   Thumb Code    26  inv_mpu.o(.text)
    mpu_get_compass_sample_rate              0x08002783   Thumb Code    12  inv_mpu.o(.text)
    mpu_get_gyro_sens                        0x0800278f   Thumb Code    58  inv_mpu.o(.text)
    mpu_get_accel_sens                       0x080027c9   Thumb Code    78  inv_mpu.o(.text)
    mpu_get_fifo_config                      0x08002817   Thumb Code    12  inv_mpu.o(.text)
    mpu_get_power_state                      0x08002823   Thumb Code    22  inv_mpu.o(.text)
    mpu_get_int_status                       0x08002839   Thumb Code    64  inv_mpu.o(.text)
    mpu_read_fifo                            0x08002879   Thumb Code   520  inv_mpu.o(.text)
    mpu_read_fifo_stream                     0x08002a81   Thumb Code   186  inv_mpu.o(.text)
    mpu_set_int_level                        0x08002b3b   Thumb Code    12  inv_mpu.o(.text)
    mpu_set_dmp_state                        0x08002fb3   Thumb Code   138  inv_mpu.o(.text)
    mpu_run_self_test                        0x0800303d   Thumb Code   168  inv_mpu.o(.text)
    mpu_write_mem                            0x080030e5   Thumb Code   122  inv_mpu.o(.text)
    mpu_read_mem                             0x0800315f   Thumb Code   122  inv_mpu.o(.text)
    mpu_load_firmware                        0x080031d9   Thumb Code   188  inv_mpu.o(.text)
    mpu_get_dmp_state                        0x08003295   Thumb Code    14  inv_mpu.o(.text)
    mpu_get_compass_reg                      0x080032a3   Thumb Code   208  inv_mpu.o(.text)
    mpu_get_compass_fsr                      0x08003373   Thumb Code    14  inv_mpu.o(.text)
    mpu_lp_motion_interrupt                  0x08003381   Thumb Code   606  inv_mpu.o(.text)
    dmp_load_motion_driver_firmware          0x080035e5   Thumb Code    20  inv_mpu_dmp_motion_driver.o(.text)
    dmp_set_orientation                      0x080035f9   Thumb Code   290  inv_mpu_dmp_motion_driver.o(.text)
    dmp_set_gyro_bias                        0x0800371b   Thumb Code   294  inv_mpu_dmp_motion_driver.o(.text)
    dmp_set_accel_bias                       0x08003841   Thumb Code   300  inv_mpu_dmp_motion_driver.o(.text)
    dmp_set_fifo_rate                        0x0800396d   Thumb Code   136  inv_mpu_dmp_motion_driver.o(.text)
    dmp_get_fifo_rate                        0x080039f5   Thumb Code    12  inv_mpu_dmp_motion_driver.o(.text)
    dmp_set_tap_thresh                       0x08003a01   Thumb Code   396  inv_mpu_dmp_motion_driver.o(.text)
    dmp_set_tap_axes                         0x08003b8d   Thumb Code    70  inv_mpu_dmp_motion_driver.o(.text)
    dmp_set_tap_count                        0x08003bd3   Thumb Code    38  inv_mpu_dmp_motion_driver.o(.text)
    dmp_set_tap_time                         0x08003bf9   Thumb Code    38  inv_mpu_dmp_motion_driver.o(.text)
    dmp_set_tap_time_multi                   0x08003c1f   Thumb Code    38  inv_mpu_dmp_motion_driver.o(.text)
    dmp_set_shake_reject_thresh              0x08003c45   Thumb Code    56  inv_mpu_dmp_motion_driver.o(.text)
    dmp_set_shake_reject_time                0x08003c7d   Thumb Code    38  inv_mpu_dmp_motion_driver.o(.text)
    dmp_set_shake_reject_timeout             0x08003ca3   Thumb Code    38  inv_mpu_dmp_motion_driver.o(.text)
    dmp_get_pedometer_step_count             0x08003cc9   Thumb Code    66  inv_mpu_dmp_motion_driver.o(.text)
    dmp_set_pedometer_step_count             0x08003d0b   Thumb Code    42  inv_mpu_dmp_motion_driver.o(.text)
    dmp_get_pedometer_walk_time              0x08003d35   Thumb Code    72  inv_mpu_dmp_motion_driver.o(.text)
    dmp_set_pedometer_walk_time              0x08003d7d   Thumb Code    48  inv_mpu_dmp_motion_driver.o(.text)
    dmp_enable_6x_lp_quat                    0x08003dad   Thumb Code    84  inv_mpu_dmp_motion_driver.o(.text)
    dmp_enable_lp_quat                       0x08003e01   Thumb Code    60  inv_mpu_dmp_motion_driver.o(.text)
    dmp_enable_gyro_cal                      0x08003e3d   Thumb Code    62  inv_mpu_dmp_motion_driver.o(.text)
    dmp_enable_feature                       0x08003e7b   Thumb Code   530  inv_mpu_dmp_motion_driver.o(.text)
    dmp_get_enabled_features                 0x0800408d   Thumb Code    12  inv_mpu_dmp_motion_driver.o(.text)
    dmp_set_interrupt_mode                   0x080040f7   Thumb Code    66  inv_mpu_dmp_motion_driver.o(.text)
    dmp_read_fifo                            0x08004139   Thumb Code   514  inv_mpu_dmp_motion_driver.o(.text)
    dmp_register_tap_cb                      0x0800433b   Thumb Code    10  inv_mpu_dmp_motion_driver.o(.text)
    dmp_register_android_orient_cb           0x08004345   Thumb Code    10  inv_mpu_dmp_motion_driver.o(.text)
    my_mpu_init                              0x08004467   Thumb Code   208  my_inv_mpu.o(.text)
    my_read_imu                              0x08004537   Thumb Code  1496  my_inv_mpu.o(.text)
    mpu_i2cInit                              0x08004b3f   Thumb Code    38  stm32_mpu_iic.o(.text)
    i2cWriteBuffer                           0x08004d47   Thumb Code   100  stm32_mpu_iic.o(.text)
    i2cwrite                                 0x08004dab   Thumb Code    38  stm32_mpu_iic.o(.text)
    i2cRead                                  0x08004dd1   Thumb Code   120  stm32_mpu_iic.o(.text)
    i2cread                                  0x08004e49   Thumb Code    38  stm32_mpu_iic.o(.text)
    i2cWrite                                 0x08004e6f   Thumb Code    72  stm32_mpu_iic.o(.text)
    i2cGetErrorCounter                       0x08004eb7   Thumb Code     4  stm32_mpu_iic.o(.text)
    MPU9250_GetMag_Offset                    0x08004ec1   Thumb Code    20  mpu9250_driver.o(.text)
    Soft_Delay                               0x08004ed5   Thumb Code    12  mpu9250_driver.o(.text)
    Soft_I2C_Delay                           0x08004ee1   Thumb Code    12  mpu9250_driver.o(.text)
    Soft_I2C_Start                           0x08004eed   Thumb Code    62  mpu9250_driver.o(.text)
    Soft_I2C_Stop                            0x08004f2b   Thumb Code    68  mpu9250_driver.o(.text)
    Soft_I2C_Initial                         0x08004f6f   Thumb Code    62  mpu9250_driver.o(.text)
    Soft_I2C_Write_Byte                      0x08004fad   Thumb Code   104  mpu9250_driver.o(.text)
    Soft_I2C_Read_Byte                       0x08005015   Thumb Code    98  mpu9250_driver.o(.text)
    Soft_I2C_Wait_ACK                        0x08005077   Thumb Code    98  mpu9250_driver.o(.text)
    Soft_I2C_Send_ACK                        0x080050d9   Thumb Code    90  mpu9250_driver.o(.text)
    Soft_I2C_Write_Device_Register           0x08005133   Thumb Code    48  mpu9250_driver.o(.text)
    Soft_I2C_Read_Data                       0x08005163   Thumb Code    92  mpu9250_driver.o(.text)
    I2C_ByteRead                             0x080051bf   Thumb Code    24  mpu9250_driver.o(.text)
    AK8963_Initial                           0x080051d7   Thumb Code    46  mpu9250_driver.o(.text)
    MPU9250_Initial                          0x08005205   Thumb Code    68  mpu9250_driver.o(.text)
    READ_MPU9250                             0x08005249   Thumb Code   422  mpu9250_driver.o(.text)
    Vector_Cross_Product                     0x080053f5   Thumb Code    98  imu_init_position.o(.text)
    Compass_Heading                          0x08005457   Thumb Code   242  imu_init_position.o(.text)
    init_rotation_matrix                     0x08005549   Thumb Code   354  imu_init_position.o(.text)
    reset_sensor_fusion                      0x080056ab   Thumb Code   520  imu_init_position.o(.text)
    Get_Imu_Init_Position                    0x080058c9   Thumb Code   252  inv_imu_app.o(.text)
    __aeabi_ldivmod                          0x080059c5   Thumb Code     0  llsdiv.o(.text)
    _ll_sdiv                                 0x080059c5   Thumb Code    72  llsdiv.o(.text)
    memcmp                                   0x08005a0d   Thumb Code    88  memcmp.o(.text)
    __aeabi_memset                           0x08005a65   Thumb Code    16  aeabi_memset.o(.text)
    __aeabi_memclr4                          0x08005a75   Thumb Code     0  rt_memclr_w.o(.text)
    __aeabi_memclr8                          0x08005a75   Thumb Code     0  rt_memclr_w.o(.text)
    __rt_memclr_w                            0x08005a75   Thumb Code    78  rt_memclr_w.o(.text)
    _memset_w                                0x08005a79   Thumb Code     0  rt_memclr_w.o(.text)
    __use_two_region_memory                  0x08005ac3   Thumb Code     2  heapauxi.o(.text)
    __rt_heap_escrow$2region                 0x08005ac5   Thumb Code     2  heapauxi.o(.text)
    __rt_heap_expand$2region                 0x08005ac7   Thumb Code     2  heapauxi.o(.text)
    __aeabi_uldivmod                         0x08005ac9   Thumb Code     0  lludivv7m.o(.text)
    _ll_udiv                                 0x08005ac9   Thumb Code   238  lludivv7m.o(.text)
    __read_errno                             0x08005bb7   Thumb Code    10  _rserrno.o(.text)
    __set_errno                              0x08005bc1   Thumb Code    12  _rserrno.o(.text)
    __aeabi_memclr                           0x08005bcd   Thumb Code     0  rt_memclr.o(.text)
    __rt_memclr                              0x08005bcd   Thumb Code    68  rt_memclr.o(.text)
    _memset                                  0x08005bd1   Thumb Code     0  rt_memclr.o(.text)
    __aeabi_errno_addr                       0x08005c11   Thumb Code     8  rt_errno_addr_intlibspace.o(.text)
    __errno$intlibspace                      0x08005c11   Thumb Code     0  rt_errno_addr_intlibspace.o(.text)
    __rt_errno_addr$intlibspace              0x08005c11   Thumb Code     0  rt_errno_addr_intlibspace.o(.text)
    __user_libspace                          0x08005c19   Thumb Code     8  libspace.o(.text)
    __user_perproc_libspace                  0x08005c19   Thumb Code     0  libspace.o(.text)
    __user_perthread_libspace                0x08005c19   Thumb Code     0  libspace.o(.text)
    __user_setup_stackheap                   0x08005c21   Thumb Code    74  sys_stackheap_outer.o(.text)
    exit                                     0x08005c6b   Thumb Code    12  exit.o(.text)
    _sys_exit                                0x08005c79   Thumb Code     8  sys_exit.o(.text)
    __I$use$semihosting                      0x08005c85   Thumb Code     0  use_no_semi.o(.text)
    __use_no_semihosting_swi                 0x08005c85   Thumb Code     2  use_no_semi.o(.text)
    __ARM_fpclassify                         0x08005c87   Thumb Code    40  fpclassify.o(i.__ARM_fpclassify)
    __semihosting_library_function           0x08005c87   Thumb Code     0  indicate_semi.o(.text)
    __ieee754_rem_pio2                       0x08005cb1   Thumb Code   830  rred.o(i.__ieee754_rem_pio2)
    __kernel_cos                             0x08006039   Thumb Code   230  cos_i.o(i.__kernel_cos)
    __kernel_poly                            0x08006135   Thumb Code   170  poly.o(i.__kernel_poly)
    __kernel_sin                             0x080061e1   Thumb Code   224  sin_i.o(i.__kernel_sin)
    __mathlib_dbl_underflow                  0x080062cd   Thumb Code    10  dunder.o(i.__mathlib_dbl_underflow)
    asin                                     0x080062dd   Thumb Code   584  asin.o(i.asin)
    atan                                     0x08006559   Thumb Code   478  atan.o(i.atan)
    atan2                                    0x0800677d   Thumb Code   346  atan2.o(i.atan2)
    cos                                      0x080068fd   Thumb Code   164  cos.o(i.cos)
    sin                                      0x080069a9   Thumb Code   166  sin.o(i.sin)
    sqrt                                     0x08006a59   Thumb Code    76  sqrt.o(i.sqrt)
    __aeabi_d2f                              0x08006aa5   Thumb Code     0  d2f.o(x$fpl$d2f)
    _d2f                                     0x08006aa5   Thumb Code    98  d2f.o(x$fpl$d2f)
    __aeabi_dadd                             0x08006b09   Thumb Code     0  daddsub_clz.o(x$fpl$dadd)
    _dadd                                    0x08006b09   Thumb Code   332  daddsub_clz.o(x$fpl$dadd)
    __fpl_dcheck_NaN1                        0x08006c59   Thumb Code    10  dcheck1.o(x$fpl$dcheck1)
    __fpl_dcmp_Inf                           0x08006c69   Thumb Code    24  dcmpi.o(x$fpl$dcmpinf)
    __aeabi_ddiv                             0x08006c81   Thumb Code     0  ddiv.o(x$fpl$ddiv)
    _ddiv                                    0x08006c81   Thumb Code   552  ddiv.o(x$fpl$ddiv)
    __aeabi_d2iz                             0x08006f31   Thumb Code     0  dfix.o(x$fpl$dfix)
    _dfix                                    0x08006f31   Thumb Code    94  dfix.o(x$fpl$dfix)
    __aeabi_i2d                              0x08006f8f   Thumb Code     0  dflt_clz.o(x$fpl$dflt)
    _dflt                                    0x08006f8f   Thumb Code    46  dflt_clz.o(x$fpl$dflt)
    __aeabi_ui2d                             0x08006fbd   Thumb Code     0  dflt_clz.o(x$fpl$dfltu)
    _dfltu                                   0x08006fbd   Thumb Code    38  dflt_clz.o(x$fpl$dfltu)
    __aeabi_cdcmple                          0x08006fe5   Thumb Code     0  dleqf.o(x$fpl$dleqf)
    _dcmple                                  0x08006fe5   Thumb Code   120  dleqf.o(x$fpl$dleqf)
    __fpl_dcmple_InfNaN                      0x08007047   Thumb Code     0  dleqf.o(x$fpl$dleqf)
    __aeabi_dmul                             0x0800705d   Thumb Code     0  dmul.o(x$fpl$dmul)
    _dmul                                    0x0800705d   Thumb Code   332  dmul.o(x$fpl$dmul)
    __fpl_dnaninf                            0x080071b1   Thumb Code   156  dnaninf.o(x$fpl$dnaninf)
    __fpl_dretinf                            0x0800724d   Thumb Code    12  dretinf.o(x$fpl$dretinf)
    __aeabi_cdrcmple                         0x08007259   Thumb Code     0  drleqf.o(x$fpl$drleqf)
    _drcmple                                 0x08007259   Thumb Code   108  drleqf.o(x$fpl$drleqf)
    __aeabi_drsub                            0x080072c5   Thumb Code     0  daddsub_clz.o(x$fpl$drsb)
    _drsb                                    0x080072c5   Thumb Code    22  daddsub_clz.o(x$fpl$drsb)
    _dsqrt                                   0x080072dd   Thumb Code   456  dsqrt_noumaal.o(x$fpl$dsqrt)
    __aeabi_dsub                             0x080074a9   Thumb Code     0  daddsub_clz.o(x$fpl$dsub)
    _dsub                                    0x080074a9   Thumb Code   464  daddsub_clz.o(x$fpl$dsub)
    __aeabi_f2d                              0x0800767d   Thumb Code     0  f2d.o(x$fpl$f2d)
    _f2d                                     0x0800767d   Thumb Code    86  f2d.o(x$fpl$f2d)
    __aeabi_fadd                             0x080076d5   Thumb Code     0  faddsub_clz.o(x$fpl$fadd)
    _fadd                                    0x080076d5   Thumb Code   196  faddsub_clz.o(x$fpl$fadd)
    __aeabi_fdiv                             0x08007799   Thumb Code     0  fdiv.o(x$fpl$fdiv)
    _fdiv                                    0x08007799   Thumb Code   384  fdiv.o(x$fpl$fdiv)
    __aeabi_f2iz                             0x0800791d   Thumb Code     0  ffix.o(x$fpl$ffix)
    _ffix                                    0x0800791d   Thumb Code    54  ffix.o(x$fpl$ffix)
    __aeabi_f2uiz                            0x08007955   Thumb Code     0  ffixu.o(x$fpl$ffixu)
    _ffixu                                   0x08007955   Thumb Code    62  ffixu.o(x$fpl$ffixu)
    __aeabi_i2f                              0x08007995   Thumb Code     0  fflt_clz.o(x$fpl$fflt)
    _fflt                                    0x08007995   Thumb Code    48  fflt_clz.o(x$fpl$fflt)
    __aeabi_ui2f                             0x080079c5   Thumb Code     0  fflt_clz.o(x$fpl$ffltu)
    _ffltu                                   0x080079c5   Thumb Code    38  fflt_clz.o(x$fpl$ffltu)
    __aeabi_fmul                             0x080079ed   Thumb Code     0  fmul.o(x$fpl$fmul)
    _fmul                                    0x080079ed   Thumb Code   258  fmul.o(x$fpl$fmul)
    __fpl_fnaninf                            0x08007aef   Thumb Code   140  fnaninf.o(x$fpl$fnaninf)
    __fpl_fretinf                            0x08007b7b   Thumb Code    10  fretinf.o(x$fpl$fretinf)
    __aeabi_fsub                             0x08007b85   Thumb Code     0  faddsub_clz.o(x$fpl$fsub)
    _fsub                                    0x08007b85   Thumb Code   234  faddsub_clz.o(x$fpl$fsub)
    __fpl_return_NaN                         0x08007c6f   Thumb Code   100  retnan.o(x$fpl$retnan)
    __ARM_scalbn                             0x08007cd3   Thumb Code    92  scalbn.o(x$fpl$scalbn)
    __fpl_cmpreturn                          0x08007d2f   Thumb Code    48  trapv.o(x$fpl$trapveneer)
    __I$use$fp                               0x08007d5e   Number         0  usenofp.o(x$fpl$usenofp)
    reg                                      0x08007d60   Data          42  inv_mpu.o(.constdata)
    hw                                       0x08007d8a   Data          14  inv_mpu.o(.constdata)
    test                                     0x08007d98   Data          40  inv_mpu.o(.constdata)
    __mathlib_zero                           0x08008ae0   Data           8  qnan.o(.constdata)
    Region$$Table$$Base                      0x08008bd8   Number         0  anon$$obj.o(Region$$Table)
    Region$$Table$$Limit                     0x08008bf8   Number         0  anon$$obj.o(Region$$Table)
    SystemCoreClock                          0x20000000   Data           4  system_stm32f10x.o(.data)
    AHBPrescTable                            0x20000004   Data          16  system_stm32f10x.o(.data)
    q0                                       0x20000060   Data           4  my_inv_mpu.o(.data)
    q1                                       0x20000064   Data           4  my_inv_mpu.o(.data)
    q2                                       0x20000068   Data           4  my_inv_mpu.o(.data)
    q3                                       0x2000006c   Data           4  my_inv_mpu.o(.data)
    rx_new                                   0x20000070   Data           1  my_inv_mpu.o(.data)
    IMU_MAG_OFFSET                           0x2000007a   Data           6  mpu9250_driver.o(.data)
    ax                                       0x20000080   Data           2  mpu9250_driver.o(.data)
    ay                                       0x20000082   Data           2  mpu9250_driver.o(.data)
    az                                       0x20000084   Data           2  mpu9250_driver.o(.data)
    gx                                       0x20000086   Data           2  mpu9250_driver.o(.data)
    gy                                       0x20000088   Data           2  mpu9250_driver.o(.data)
    gz                                       0x2000008a   Data           2  mpu9250_driver.o(.data)
    ak8963_read_data                         0x2000008c   Data           7  mpu9250_driver.o(.data)
    mx                                       0x20000094   Data           2  mpu9250_driver.o(.data)
    my                                       0x20000096   Data           2  mpu9250_driver.o(.data)
    mz                                       0x20000098   Data           2  mpu9250_driver.o(.data)
    MAG_Heading                              0x200000a8   Data           4  imu_init_position.o(.data)
    DCM_Matrix                               0x200000ac   Data          36  imu_init_position.o(.data)
    temp_acc                                 0x200000e0   Data          12  imu_init_position.o(.bss)
    temp_gyo                                 0x200000ec   Data          12  imu_init_position.o(.bss)
    temp_mag                                 0x200000f8   Data          12  imu_init_position.o(.bss)
    __libspace_start                         0x20000104   Data          96  libspace.o(.bss)
    __temporary_stack_top$libspace           0x20000164   Data           0  libspace.o(.bss)



==============================================================================

Memory Map of the image

  Image Entry point : 0x080000ed

  Load Region LR_IROM1 (Base: 0x08000000, Size: 0x00008cc8, Max: 0x00010000, ABSOLUTE)

    Execution Region ER_IROM1 (Base: 0x08000000, Size: 0x00008bf8, Max: 0x00010000, ABSOLUTE)

    Base Addr    Size         Type   Attr      Idx    E Section Name        Object

    0x08000000   0x000000ec   Data   RO           68    RESET               startup_stm32f10x_md.o
    0x080000ec   0x00000008   Code   RO          395  * !!!main             c_w.l(__main.o)
    0x080000f4   0x00000034   Code   RO          720    !!!scatter          c_w.l(__scatter.o)
    0x08000128   0x0000001a   Code   RO          722    !!handler_copy      c_w.l(__scatter_copy.o)
    0x08000142   0x00000002   PAD
    0x08000144   0x0000001c   Code   RO          724    !!handler_zi        c_w.l(__scatter_zi.o)
    0x08000160   0x00000002   Code   RO          588    .ARM.Collect$$libinit$$00000000  c_w.l(libinit.o)
    0x08000162   0x00000000   Code   RO          598    .ARM.Collect$$libinit$$00000002  c_w.l(libinit2.o)
    0x08000162   0x00000000   Code   RO          601    .ARM.Collect$$libinit$$00000008  c_w.l(libinit2.o)
    0x08000162   0x00000000   Code   RO          603    .ARM.Collect$$libinit$$0000000A  c_w.l(libinit2.o)
    0x08000162   0x00000000   Code   RO          605    .ARM.Collect$$libinit$$0000000C  c_w.l(libinit2.o)
    0x08000162   0x00000000   Code   RO          608    .ARM.Collect$$libinit$$0000000F  c_w.l(libinit2.o)
    0x08000162   0x00000000   Code   RO          610    .ARM.Collect$$libinit$$00000011  c_w.l(libinit2.o)
    0x08000162   0x00000000   Code   RO          612    .ARM.Collect$$libinit$$00000013  c_w.l(libinit2.o)
    0x08000162   0x00000000   Code   RO          614    .ARM.Collect$$libinit$$00000015  c_w.l(libinit2.o)
    0x08000162   0x00000000   Code   RO          616    .ARM.Collect$$libinit$$00000017  c_w.l(libinit2.o)
    0x08000162   0x00000000   Code   RO          618    .ARM.Collect$$libinit$$00000019  c_w.l(libinit2.o)
    0x08000162   0x00000000   Code   RO          620    .ARM.Collect$$libinit$$0000001B  c_w.l(libinit2.o)
    0x08000162   0x00000000   Code   RO          622    .ARM.Collect$$libinit$$0000001D  c_w.l(libinit2.o)
    0x08000162   0x00000000   Code   RO          624    .ARM.Collect$$libinit$$0000001F  c_w.l(libinit2.o)
    0x08000162   0x00000000   Code   RO          626    .ARM.Collect$$libinit$$00000021  c_w.l(libinit2.o)
    0x08000162   0x00000000   Code   RO          628    .ARM.Collect$$libinit$$00000023  c_w.l(libinit2.o)
    0x08000162   0x00000000   Code   RO          632    .ARM.Collect$$libinit$$0000002A  c_w.l(libinit2.o)
    0x08000162   0x00000000   Code   RO          634    .ARM.Collect$$libinit$$0000002C  c_w.l(libinit2.o)
    0x08000162   0x00000000   Code   RO          636    .ARM.Collect$$libinit$$0000002E  c_w.l(libinit2.o)
    0x08000162   0x00000000   Code   RO          638    .ARM.Collect$$libinit$$00000030  c_w.l(libinit2.o)
    0x08000162   0x00000002   Code   RO          639    .ARM.Collect$$libinit$$00000031  c_w.l(libinit2.o)
    0x08000164   0x00000002   Code   RO          671    .ARM.Collect$$libshutdown$$00000000  c_w.l(libshutdown.o)
    0x08000166   0x00000000   Code   RO          689    .ARM.Collect$$libshutdown$$00000003  c_w.l(libshutdown2.o)
    0x08000166   0x00000000   Code   RO          692    .ARM.Collect$$libshutdown$$00000006  c_w.l(libshutdown2.o)
    0x08000166   0x00000000   Code   RO          695    .ARM.Collect$$libshutdown$$00000009  c_w.l(libshutdown2.o)
    0x08000166   0x00000000   Code   RO          697    .ARM.Collect$$libshutdown$$0000000B  c_w.l(libshutdown2.o)
    0x08000166   0x00000000   Code   RO          700    .ARM.Collect$$libshutdown$$0000000E  c_w.l(libshutdown2.o)
    0x08000166   0x00000002   Code   RO          701    .ARM.Collect$$libshutdown$$0000000F  c_w.l(libshutdown2.o)
    0x08000168   0x00000000   Code   RO          481    .ARM.Collect$$rtentry$$00000000  c_w.l(rtentry.o)
    0x08000168   0x00000000   Code   RO          539    .ARM.Collect$$rtentry$$00000002  c_w.l(rtentry2.o)
    0x08000168   0x00000006   Code   RO          551    .ARM.Collect$$rtentry$$00000004  c_w.l(rtentry4.o)
    0x0800016e   0x00000000   Code   RO          541    .ARM.Collect$$rtentry$$00000009  c_w.l(rtentry2.o)
    0x0800016e   0x00000004   Code   RO          542    .ARM.Collect$$rtentry$$0000000A  c_w.l(rtentry2.o)
    0x08000172   0x00000000   Code   RO          544    .ARM.Collect$$rtentry$$0000000C  c_w.l(rtentry2.o)
    0x08000172   0x00000008   Code   RO          545    .ARM.Collect$$rtentry$$0000000D  c_w.l(rtentry2.o)
    0x0800017a   0x00000002   Code   RO          591    .ARM.Collect$$rtexit$$00000000  c_w.l(rtexit.o)
    0x0800017c   0x00000000   Code   RO          643    .ARM.Collect$$rtexit$$00000002  c_w.l(rtexit2.o)
    0x0800017c   0x00000004   Code   RO          644    .ARM.Collect$$rtexit$$00000003  c_w.l(rtexit2.o)
    0x08000180   0x00000006   Code   RO          645    .ARM.Collect$$rtexit$$00000004  c_w.l(rtexit2.o)
    0x08000186   0x00000002   PAD
    0x08000188   0x000001e0   Code   RO           17    .text               system_stm32f10x.o
    0x08000368   0x00000040   Code   RO           69    .text               startup_stm32f10x_md.o
    0x080003a8   0x000000dc   Code   RO           73    .text               misc.o
    0x08000484   0x0000035c   Code   RO          113    .text               stm32f10x_gpio.o
    0x080007e0   0x000003a4   Code   RO          125    .text               stm32f10x_rcc.o
    0x08000b84   0x00000408   Code   RO          151    .text               stm32f10x_usart.o
    0x08000f8c   0x00000428   Code   RO          163    .text               main.o
    0x080013b4   0x0000003e   Code   RO          194    .text               delay.o
    0x080013f2   0x0000001a   Code   RO          206    .text               stm32f10x_it.o
    0x0800140c   0x000001d8   Code   RO          221    .text               usart.o
    0x080015e4   0x0000004c   Code   RO          233    .text               time.o
    0x08001630   0x00001fb4   Code   RO          248    .text               inv_mpu.o
    0x080035e4   0x00000d70   Code   RO          280    .text               inv_mpu_dmp_motion_driver.o
    0x08004354   0x000007d4   Code   RO          304    .text               my_inv_mpu.o
    0x08004b28   0x00000398   Code   RO          320    .text               stm32_mpu_iic.o
    0x08004ec0   0x00000534   Code   RO          332    .text               mpu9250_driver.o
    0x080053f4   0x000004d4   Code   RO          351    .text               imu_init_position.o
    0x080058c8   0x000000fc   Code   RO          371    .text               inv_imu_app.o
    0x080059c4   0x00000048   Code   RO          385    .text               c_w.l(llsdiv.o)
    0x08005a0c   0x00000058   Code   RO          387    .text               c_w.l(memcmp.o)
    0x08005a64   0x00000010   Code   RO          389    .text               c_w.l(aeabi_memset.o)
    0x08005a74   0x0000004e   Code   RO          391    .text               c_w.l(rt_memclr_w.o)
    0x08005ac2   0x00000006   Code   RO          393    .text               c_w.l(heapauxi.o)
    0x08005ac8   0x000000ee   Code   RO          482    .text               c_w.l(lludivv7m.o)
    0x08005bb6   0x00000016   Code   RO          484    .text               c_w.l(_rserrno.o)
    0x08005bcc   0x00000044   Code   RO          486    .text               c_w.l(rt_memclr.o)
    0x08005c10   0x00000008   Code   RO          560    .text               c_w.l(rt_errno_addr_intlibspace.o)
    0x08005c18   0x00000008   Code   RO          574    .text               c_w.l(libspace.o)
    0x08005c20   0x0000004a   Code   RO          577    .text               c_w.l(sys_stackheap_outer.o)
    0x08005c6a   0x0000000c   Code   RO          581    .text               c_w.l(exit.o)
    0x08005c76   0x00000002   PAD
    0x08005c78   0x0000000c   Code   RO          659    .text               c_w.l(sys_exit.o)
    0x08005c84   0x00000002   Code   RO          676    .text               c_w.l(use_no_semi.o)
    0x08005c86   0x00000000   Code   RO          678    .text               c_w.l(indicate_semi.o)
    0x08005c86   0x00000028   Code   RO          522    i.__ARM_fpclassify  m_ws.l(fpclassify.o)
    0x08005cae   0x00000002   PAD
    0x08005cb0   0x00000388   Code   RO          527    i.__ieee754_rem_pio2  m_ws.l(rred.o)
    0x08006038   0x000000fc   Code   RO          517    i.__kernel_cos      m_ws.l(cos_i.o)
    0x08006134   0x000000aa   Code   RO          524    i.__kernel_poly     m_ws.l(poly.o)
    0x080061de   0x00000002   PAD
    0x080061e0   0x000000ec   Code   RO          532    i.__kernel_sin      m_ws.l(sin_i.o)
    0x080062cc   0x00000010   Code   RO          520    i.__mathlib_dbl_underflow  m_ws.l(dunder.o)
    0x080062dc   0x0000027c   Code   RO          440    i.asin              m_ws.l(asin.o)
    0x08006558   0x00000224   Code   RO          508    i.atan              m_ws.l(atan.o)
    0x0800677c   0x00000180   Code   RO          450    i.atan2             m_ws.l(atan2.o)
    0x080068fc   0x000000ac   Code   RO          458    i.cos               m_ws.l(cos.o)
    0x080069a8   0x000000b0   Code   RO          466    i.sin               m_ws.l(sin.o)
    0x08006a58   0x0000004c   Code   RO          474    i.sqrt              m_ws.l(sqrt.o)
    0x08006aa4   0x00000062   Code   RO          397    x$fpl$d2f           fz_ws.l(d2f.o)
    0x08006b06   0x00000002   PAD
    0x08006b08   0x00000150   Code   RO          399    x$fpl$dadd          fz_ws.l(daddsub_clz.o)
    0x08006c58   0x00000010   Code   RO          562    x$fpl$dcheck1       fz_ws.l(dcheck1.o)
    0x08006c68   0x00000018   Code   RO          488    x$fpl$dcmpinf       fz_ws.l(dcmpi.o)
    0x08006c80   0x000002b0   Code   RO          491    x$fpl$ddiv          fz_ws.l(ddiv.o)
    0x08006f30   0x0000005e   Code   RO          564    x$fpl$dfix          fz_ws.l(dfix.o)
    0x08006f8e   0x0000002e   Code   RO          569    x$fpl$dflt          fz_ws.l(dflt_clz.o)
    0x08006fbc   0x00000026   Code   RO          568    x$fpl$dfltu         fz_ws.l(dflt_clz.o)
    0x08006fe2   0x00000002   PAD
    0x08006fe4   0x00000078   Code   RO          405    x$fpl$dleqf         fz_ws.l(dleqf.o)
    0x0800705c   0x00000154   Code   RO          407    x$fpl$dmul          fz_ws.l(dmul.o)
    0x080071b0   0x0000009c   Code   RO          494    x$fpl$dnaninf       fz_ws.l(dnaninf.o)
    0x0800724c   0x0000000c   Code   RO          496    x$fpl$dretinf       fz_ws.l(dretinf.o)
    0x08007258   0x0000006c   Code   RO          409    x$fpl$drleqf        fz_ws.l(drleqf.o)
    0x080072c4   0x00000016   Code   RO          400    x$fpl$drsb          fz_ws.l(daddsub_clz.o)
    0x080072da   0x00000002   PAD
    0x080072dc   0x000001cc   Code   RO          498    x$fpl$dsqrt         fz_ws.l(dsqrt_noumaal.o)
    0x080074a8   0x000001d4   Code   RO          401    x$fpl$dsub          fz_ws.l(daddsub_clz.o)
    0x0800767c   0x00000056   Code   RO          411    x$fpl$f2d           fz_ws.l(f2d.o)
    0x080076d2   0x00000002   PAD
    0x080076d4   0x000000c4   Code   RO          413    x$fpl$fadd          fz_ws.l(faddsub_clz.o)
    0x08007798   0x00000184   Code   RO          420    x$fpl$fdiv          fz_ws.l(fdiv.o)
    0x0800791c   0x00000036   Code   RO          423    x$fpl$ffix          fz_ws.l(ffix.o)
    0x08007952   0x00000002   PAD
    0x08007954   0x0000003e   Code   RO          427    x$fpl$ffixu         fz_ws.l(ffixu.o)
    0x08007992   0x00000002   PAD
    0x08007994   0x00000030   Code   RO          432    x$fpl$fflt          fz_ws.l(fflt_clz.o)
    0x080079c4   0x00000026   Code   RO          431    x$fpl$ffltu         fz_ws.l(fflt_clz.o)
    0x080079ea   0x00000002   PAD
    0x080079ec   0x00000102   Code   RO          437    x$fpl$fmul          fz_ws.l(fmul.o)
    0x08007aee   0x0000008c   Code   RO          500    x$fpl$fnaninf       fz_ws.l(fnaninf.o)
    0x08007b7a   0x0000000a   Code   RO          502    x$fpl$fretinf       fz_ws.l(fretinf.o)
    0x08007b84   0x000000ea   Code   RO          415    x$fpl$fsub          fz_ws.l(faddsub_clz.o)
    0x08007c6e   0x00000064   Code   RO          589    x$fpl$retnan        fz_ws.l(retnan.o)
    0x08007cd2   0x0000005c   Code   RO          504    x$fpl$scalbn        fz_ws.l(scalbn.o)
    0x08007d2e   0x00000030   Code   RO          640    x$fpl$trapveneer    fz_ws.l(trapv.o)
    0x08007d5e   0x00000000   Code   RO          506    x$fpl$usenofp       fz_ws.l(usenofp.o)
    0x08007d5e   0x00000002   PAD
    0x08007d60   0x00000060   Data   RO          249    .constdata          inv_mpu.o
    0x08007dc0   0x00000bf6   Data   RO          282    .constdata          inv_mpu_dmp_motion_driver.o
    0x080089b6   0x00000002   PAD
    0x080089b8   0x0000000c   Data   RO          353    .constdata          imu_init_position.o
    0x080089c4   0x00000004   PAD
    0x080089c8   0x00000050   Data   RO          441    .constdata          m_ws.l(asin.o)
    0x08008a18   0x00000098   Data   RO          509    .constdata          m_ws.l(atan.o)
    0x08008ab0   0x00000030   Data   RO          518    .constdata          m_ws.l(cos_i.o)
    0x08008ae0   0x00000008   Data   RO          526    .constdata          m_ws.l(qnan.o)
    0x08008ae8   0x000000c8   Data   RO          529    .constdata          m_ws.l(rred.o)
    0x08008bb0   0x00000028   Data   RO          533    .constdata          m_ws.l(sin_i.o)
    0x08008bd8   0x00000020   Data   RO          718    Region$$Table       anon$$obj.o


    Execution Region RW_IRAM1 (Base: 0x20000000, Size: 0x00000768, Max: 0x00005000, ABSOLUTE)

    Base Addr    Size         Type   Attr      Idx    E Section Name        Object

    0x20000000   0x00000014   Data   RW           18    .data               system_stm32f10x.o
    0x20000014   0x00000014   Data   RW          126    .data               stm32f10x_rcc.o
    0x20000028   0x00000038   Data   RW          250    .data               inv_mpu.o
    0x20000060   0x0000001a   Data   RW          306    .data               my_inv_mpu.o
    0x2000007a   0x00000020   Data   RW          334    .data               mpu9250_driver.o
    0x2000009a   0x00000002   PAD
    0x2000009c   0x00000034   Data   RW          354    .data               imu_init_position.o
    0x200000d0   0x00000010   Zero   RW          281    .bss                inv_mpu_dmp_motion_driver.o
    0x200000e0   0x00000024   Zero   RW          352    .bss                imu_init_position.o
    0x20000104   0x00000060   Zero   RW          575    .bss                c_w.l(libspace.o)
    0x20000164   0x00000004   PAD
    0x20000168   0x00000200   Zero   RW           67    HEAP                startup_stm32f10x_md.o
    0x20000368   0x00000400   Zero   RW           66    STACK               startup_stm32f10x_md.o


==============================================================================

Image component sizes


      Code (inc. data)   RO Data    RW Data    ZI Data      Debug   Object Name

         0          0          0          0          0       4304   core_cm3.o
        62          0          0          0          0        786   delay.o
      1236         66         12         52         36       2816   imu_init_position.o
       252          0          0          0          0        920   inv_imu_app.o
      8116         96         96         56          0      21338   inv_mpu.o
      3440        126       3062          0         16      15027   inv_mpu_dmp_motion_driver.o
      1064         28          0          0          0       1957   main.o
       220         22          0          0          0       1725   misc.o
      1332         22          0         32          0       5621   mpu9250_driver.o
      2004        844          0         26          0       3623   my_inv_mpu.o
        64         26        236          0       1536        812   startup_stm32f10x_md.o
       920          6          0          0          0       4254   stm32_mpu_iic.o
       860         38          0          0          0       5573   stm32f10x_gpio.o
        26          0          0          0          0       1198   stm32f10x_it.o
       932         36          0         20          0       8728   stm32f10x_rcc.o
      1032         22          0          0          0       8296   stm32f10x_usart.o
       480         38          0         20          0     228175   system_stm32f10x.o
        76          4          0          0          0       1266   time.o
       472         10          0          0          0       1688   usart.o

    ----------------------------------------------------------------------
     22588       1384       3444        208       1588     318107   Object Totals
         0          0         32          0          0          0   (incl. Generated)
         0          0          6          2          0          0   (incl. Padding)

    ----------------------------------------------------------------------

      Code (inc. data)   RO Data    RW Data    ZI Data      Debug   Library Member Name

         8          0          0          0          0         68   __main.o
        52          8          0          0          0          0   __scatter.o
        26          0          0          0          0          0   __scatter_copy.o
        28          0          0          0          0          0   __scatter_zi.o
        22          0          0          0          0        100   _rserrno.o
        16          0          0          0          0         68   aeabi_memset.o
        12          0          0          0          0         72   exit.o
         6          0          0          0          0        152   heapauxi.o
         0          0          0          0          0          0   indicate_semi.o
         2          0          0          0          0          0   libinit.o
         2          0          0          0          0          0   libinit2.o
         2          0          0          0          0          0   libshutdown.o
         2          0          0          0          0          0   libshutdown2.o
         8          4          0          0         96         68   libspace.o
        72          0          0          0          0         76   llsdiv.o
       238          0          0          0          0        100   lludivv7m.o
        88          0          0          0          0         76   memcmp.o
         8          4          0          0          0         68   rt_errno_addr_intlibspace.o
        68          0          0          0          0         68   rt_memclr.o
        78          0          0          0          0         80   rt_memclr_w.o
         0          0          0          0          0          0   rtentry.o
        12          0          0          0          0          0   rtentry2.o
         6          0          0          0          0          0   rtentry4.o
         2          0          0          0          0          0   rtexit.o
        10          0          0          0          0          0   rtexit2.o
        12          4          0          0          0         68   sys_exit.o
        74          0          0          0          0         80   sys_stackheap_outer.o
         2          0          0          0          0         68   use_no_semi.o
        98          4          0          0          0         92   d2f.o
       826         16          0          0          0        348   daddsub_clz.o
        16          4          0          0          0         68   dcheck1.o
        24          0          0          0          0         68   dcmpi.o
       688        140          0          0          0        208   ddiv.o
        94          4          0          0          0         92   dfix.o
        84          0          0          0          0        136   dflt_clz.o
       120          4          0          0          0         92   dleqf.o
       340         12          0          0          0        104   dmul.o
       156          4          0          0          0         92   dnaninf.o
        12          0          0          0          0         68   dretinf.o
       108          0          0          0          0         80   drleqf.o
       460         56          0          0          0        120   dsqrt_noumaal.o
        86          4          0          0          0         84   f2d.o
       430          8          0          0          0        168   faddsub_clz.o
       388         76          0          0          0         96   fdiv.o
        54          4          0          0          0         84   ffix.o
        62          4          0          0          0         84   ffixu.o
        86          0          0          0          0        136   fflt_clz.o
       258          4          0          0          0         84   fmul.o
       140          4          0          0          0         84   fnaninf.o
        10          0          0          0          0         68   fretinf.o
       100          0          0          0          0         68   retnan.o
        92          0          0          0          0         68   scalbn.o
        48          0          0          0          0         68   trapv.o
         0          0          0          0          0          0   usenofp.o
       636         52         80          0          0        168   asin.o
       548         70        152          0          0        124   atan.o
       384         38          0          0          0        144   atan2.o
       172          8          0          0          0        112   cos.o
       252         22         48          0          0        124   cos_i.o
        16          6          0          0          0         68   dunder.o
        40          0          0          0          0         68   fpclassify.o
       170          0          0          0          0         96   poly.o
         0          0          8          0          0          0   qnan.o
       904         74        200          0          0        140   rred.o
       176         10          0          0          0        116   sin.o
       236         12         40          0          0        128   sin_i.o
        76          0          0          0          0         84   sqrt.o

    ----------------------------------------------------------------------
      9272        660        528          0        100       5244   Library Totals
        26          0          0          0          4          0   (incl. Padding)

    ----------------------------------------------------------------------

      Code (inc. data)   RO Data    RW Data    ZI Data      Debug   Library Name

       856         20          0          0         96       1212   c_w.l
      4780        348          0          0          0       2660   fz_ws.l
      3610        292        528          0          0       1372   m_ws.l

    ----------------------------------------------------------------------
      9272        660        528          0        100       5244   Library Totals

    ----------------------------------------------------------------------

==============================================================================


      Code (inc. data)   RO Data    RW Data    ZI Data      Debug   

     31860       2044       3972        208       1688     319083   Grand Totals
     31860       2044       3972        208       1688     319083   ELF Image Totals
     31860       2044       3972        208          0          0   ROM Totals

==============================================================================

    Total RO  Size (Code + RO Data)                35832 (  34.99kB)
    Total RW  Size (RW Data + ZI Data)              1896 (   1.85kB)
    Total ROM Size (Code + RO Data + RW Data)      36040 (  35.20kB)

==============================================================================

