<html>
<body>
<pre>
<h1>µVision Build Log</h1>
<h2>Project:</h2>
E:\9DOF_IMU\STM32_MPU9250_DMP\STM32_MPU6050_DMP\Project\×ËÌ¬°å.uvproj
Project File Date:  09/07/2016

<h2>Output:</h2>
Build target 'Target 1'
compiling mpu9250_driver.c...
..\User\eMPL\mpu9250_driver.h(8): warning:  #1-D: last line of file ends without a newline
  #endif
..\User\eMPL\mpu9250_driver.c: 1 warning, 0 errors
linking...
Program Size: Code=31860 RO-data=3972 RW-data=208 ZI-data=1688  
FromELF: creating hex file...
"..\Output\×ËÌ¬°å.axf" - 0 Error(s), 1 Warning(s).
Load "..\\Output\\×ËÌ¬°å.axf" 
Set JLink Project File to "E:\9DOF_IMU\STM32_MPU9250_DMP\STM32_MPU6050_DMP\Project\JLinkSettings.ini"
* JLink Info: Device "STM32F103C8" selected (64 KB flash, 20 KB RAM).
 
JLink info:
------------
DLL: V4.80g, compiled Feb 13 2014 20:50:02
Firmware: J-Link ARM V8 compiled Nov 28 2014 13:44:46
Hardware: V8.00
S/N : 17935099 
Feature(s) : RDI,FlashDL,FlashBP,JFlash 
 
* JLink Info: TotalIRLen = 9, IRPrint = 0x0011
* JLink Info: TotalIRLen = 9, IRPrint = 0x0011
* JLink Info: Found Cortex-M3 r1p1, Little endian.
* JLink Info: FPUnit: 6 code (BP) slots and 2 literal slots
* JLink Info: TPIU fitted.
ROMTableAddr = 0xE00FF003
 
Target info:
------------
Device: STM32F103C8
VTarget = 3.293V
State of Pins: 
TCK: 1, TDI: 0, TDO: 1, TMS: 0, TRES: 1, TRST: 1
Hardware-Breakpoints: 6
Software-Breakpoints: 8192
Watchpoints:          4
JTAG speed: 9600 kHz
 
Erase Done.
Programming Done.
Verify OK.
Application running ...
</pre>
</body>
</html>
